Archive member included to satisfy reference by file (symbol)

/opt/devkitpro/libctru/lib/libcitro2d.a(base.o)
                              main.o (C2D_Init)
/opt/devkitpro/libctru/lib/libcitro2d.a(font.o)
                              main.o (C2D_FontFree)
/opt/devkitpro/libctru/lib/libcitro2d.a(spritesheet.o)
                              main.o (C2D_SpriteSheetLoad)
/opt/devkitpro/libctru/lib/libcitro2d.a(text.o)
                              main.o (C2D_TextBufNew)
/opt/devkitpro/libctru/lib/libcitro2d.a(render2d_shbin.o)
                              /opt/devkitpro/libctru/lib/libcitro2d.a(base.o) (render2d_shbin)
/opt/devkitpro/libctru/lib/libcitro3d.a(attribs.o)
                              /opt/devkitpro/libctru/lib/libcitro2d.a(base.o) (AttrInfo_Init)
/opt/devkitpro/libctru/lib/libcitro3d.a(base.o)
                              /opt/devkitpro/libctru/lib/libcitro3d.a(attribs.o) (__C3D_Context)
/opt/devkitpro/libctru/lib/libcitro3d.a(buffers.o)
                              /opt/devkitpro/libctru/lib/libcitro2d.a(base.o) (BufInfo_Init)
/opt/devkitpro/libctru/lib/libcitro3d.a(drawElements.o)
                              /opt/devkitpro/libctru/lib/libcitro2d.a(base.o) (C3D_DrawElements)
/opt/devkitpro/libctru/lib/libcitro3d.a(effect.o)
                              /opt/devkitpro/libctru/lib/libcitro3d.a(base.o) (C3D_DepthMap)
/opt/devkitpro/libctru/lib/libcitro3d.a(framebuffer.o)
                              /opt/devkitpro/libctru/lib/libcitro3d.a(base.o) (C3Di_FrameBufBind)
/opt/devkitpro/libctru/lib/libcitro3d.a(immediate.o)
                              /opt/devkitpro/libctru/lib/libcitro3d.a(base.o) (C3D_ImmSendAttrib)
/opt/devkitpro/libctru/lib/libcitro3d.a(proctex.o)
                              /opt/devkitpro/libctru/lib/libcitro2d.a(base.o) (C3D_ProcTexInit)
/opt/devkitpro/libctru/lib/libcitro3d.a(renderqueue.o)
                              /opt/devkitpro/libctru/lib/libcitro3d.a(base.o) (C3Di_RenderQueueEnableVBlank)
/opt/devkitpro/libctru/lib/libcitro3d.a(tex3ds.o)
                              /opt/devkitpro/libctru/lib/libcitro2d.a(spritesheet.o) (Tex3DS_TextureImport)
/opt/devkitpro/libctru/lib/libcitro3d.a(texenv.o)
                              /opt/devkitpro/libctru/lib/libcitro2d.a(base.o) (C3D_GetTexEnv)
/opt/devkitpro/libctru/lib/libcitro3d.a(texture.o)
                              /opt/devkitpro/libctru/lib/libcitro3d.a(tex3ds.o) (C3D_TexInitWithParams)
/opt/devkitpro/libctru/lib/libcitro3d.a(uniforms.o)
                              /opt/devkitpro/libctru/lib/libcitro3d.a(base.o) (C3D_UpdateUniforms)
/opt/devkitpro/libctru/lib/libcitro3d.a(mtx_multiply.o)
                              /opt/devkitpro/libctru/lib/libcitro2d.a(base.o) (Mtx_Multiply)
/opt/devkitpro/libctru/lib/libcitro3d.a(mtx_ortho.o)
                              /opt/devkitpro/libctru/lib/libcitro2d.a(base.o) (Mtx_Ortho)
/opt/devkitpro/libctru/lib/libcitro3d.a(mtx_orthotilt.o)
                              /opt/devkitpro/libctru/lib/libcitro2d.a(base.o) (Mtx_OrthoTilt)
/opt/devkitpro/libctru/lib/libcitro3d.a(mtx_rotatez.o)
                              /opt/devkitpro/libctru/lib/libcitro2d.a(base.o) (Mtx_RotateZ)
/opt/devkitpro/libctru/lib/libcitro3d.a(mtx_scale.o)
                              /opt/devkitpro/libctru/lib/libcitro2d.a(base.o) (Mtx_Scale)
/opt/devkitpro/libctru/lib/libcitro3d.a(mtx_translate.o)
                              /opt/devkitpro/libctru/lib/libcitro2d.a(base.o) (Mtx_Translate)
/opt/devkitpro/libctru/lib/libctru.a(linear.o)
                              main.o (linearAlloc)
/opt/devkitpro/libctru/lib/libctru.a(mem_pool.o)
                              /opt/devkitpro/libctru/lib/libctru.a(linear.o) (_ZN7MemPool8AllocateER8MemChunkmi)
/opt/devkitpro/libctru/lib/libctru.a(vram.o)
                              /opt/devkitpro/libctru/lib/libcitro3d.a(renderqueue.o) (vramAlloc)
/opt/devkitpro/libctru/lib/libctru.a(console.o)
                              main.o (consoleInit)
/opt/devkitpro/libctru/lib/libctru.a(font.o)
                              /opt/devkitpro/libctru/lib/libcitro2d.a(font.o) (fontEnsureMapped)
/opt/devkitpro/libctru/lib/libctru.a(gfx.o)
                              /opt/devkitpro/libctru/lib/libcitro2d.a(base.o) (gfxIsWide)
/opt/devkitpro/libctru/lib/libctru.a(os.o)
                              /opt/devkitpro/libctru/lib/libcitro3d.a(buffers.o) (osConvertVirtToPhys)
/opt/devkitpro/libctru/lib/libctru.a(romfs_dev.o)
                              main.o (romfsMountSelf)
/opt/devkitpro/libctru/lib/libctru.a(synchronization.o)
                              main.o (LightEvent_Init)
/opt/devkitpro/libctru/lib/libctru.a(thread.o)
                              main.o (threadCreate)
/opt/devkitpro/libctru/lib/libctru.a(gpu.o)
                              /opt/devkitpro/libctru/lib/libcitro3d.a(renderqueue.o) (gpuCmdBuf)
/opt/devkitpro/libctru/lib/libctru.a(gx.o)
                              /opt/devkitpro/libctru/lib/libcitro3d.a(renderqueue.o) (GX_BindQueue)
[...]
Memory Configuration

Name             Origin             Length             Attributes
*default*        0x00000000         0xffffffff

Linker script and memory map

                0x00000000                        __sync_synchronize = __sync_synchronize_dmb
                0x00100000                        PROVIDE (__start__ = 0x100000)
                0x00100000                        . = __start__

.text           0x00100000    0x32280
 *(.crt0)
 .crt0          0x00100000       0x94 /opt/devkitpro/devkitARM/lib/gcc/arm-none-eabi/15.2.0/../../../../arm-none-eabi/lib/armv6k/fpu/3dsx_crt0.o
                0x00100000                _start
                0x00100008                __service_ptr
                0x0010000c                __apt_appid
                0x00100010                __heap_size
                0x00100014                __linear_heap_size
                0x00100018                __system_arglist
                0x0010001c                __system_runflags
 *(.init)
 .init          0x00100094        0xc /opt/devkitpro/devkitARM/lib/gcc/arm-none-eabi/15.2.0/armv6k/fpu/crti.o
                0x00100094                _init
 .init          0x001000a0        0xc /opt/devkitpro/devkitARM/lib/gcc/arm-none-eabi/15.2.0/armv6k/fpu/crtn.o
                0x001000ac                        . = ALIGN (0x4)
 *(.text)
 .text          0x001000ac      0x20c /opt/devkitpro/devkitARM/lib/gcc/arm-none-eabi/15.2.0/armv6k/fpu/libgcc.a(_udivsi3.o)
                0x001000ac                __udivsi3
                0x001000ac                __aeabi_uidiv
                0x00100298                __aeabi_uidivmod
 .text          0x001002b8      0x240 /opt/devkitpro/devkitARM/lib/gcc/arm-none-eabi/15.2.0/armv6k/fpu/libgcc.a(_divsi3.o)
                0x001002b8                __aeabi_idiv
                0x001002b8                __divsi3
                0x001004d8                __aeabi_idivmod
 .text          0x001004f8        0x4 /opt/devkitpro/devkitARM/lib/gcc/arm-none-eabi/15.2.0/armv6k/fpu/libgcc.a(_dvmd_tls.o)
                0x001004f8                __aeabi_ldiv0
                0x001004f8                __aeabi_idiv0
 .text          0x001004fc      0x3c0 /opt/devkitpro/devkitARM/lib/gcc/arm-none-eabi/15.2.0/armv6k/fpu/libgcc.a(_arm_addsubdf3.o)
                0x001004fc                __aeabi_drsub
                0x00100504                __aeabi_dsub
                0x00100504                __subdf3
                0x00100508                __adddf3
                0x00100508                __aeabi_dadd
                0x001007b4                __aeabi_ui2d
                0x001007b4                __floatunsidf
                0x001007d8                __floatsidf
                0x001007d8                __aeabi_i2d
                0x00100800                __extendsfdf2
                0x00100800                __aeabi_f2d
                0x00100848                __aeabi_ul2d
                0x00100848                __floatundidf
                0x0010085c                __floatdidf
                0x0010085c                __aeabi_l2d
 .text          0x001008bc       0xd4 /opt/devkitpro/devkitARM/lib/gcc/arm-none-eabi/15.2.0/armv6k/fpu/libgcc.a(_aeabi_ldivmod.o)
                0x001008bc                __aeabi_ldivmod
 .text          0x00100990       0x3c /opt/devkitpro/devkitARM/lib/gcc/arm-none-eabi/15.2.0/armv6k/fpu/libgcc.a(_aeabi_uldivmod.o)
                0x00100990                __aeabi_uldivmod
 *fill*         0x001009cc       0x14 
 .text          0x001009e0      0x390 /opt/devkitpro/devkitARM/lib/gcc/arm-none-eabi/15.2.0/../../../../arm-none-eabi/lib/armv6k/fpu/libg.a(libc_a-strcmp.o)
                0x001009e8                strcmp
 *(.text.*)
 .text.__do_global_dtors_aux
                0x00100d70       0x50 /opt/devkitpro/devkitARM/lib/gcc/arm-none-eabi/15.2.0/armv6k/fpu/crtbegin.o
 .text.frame_dummy
                0x00100dc0       0x2c /opt/devkitpro/devkitARM/lib/gcc/arm-none-eabi/15.2.0/armv6k/fpu/crtbegin.o
 .text.audioCallback
                0x00100dec       0x1c main.o
                0x00100dec                audioCallback
 .text.vorbisStrError
                0x00100e08       0xe4 main.o
                0x00100e08                vorbisStrError
 .text.audioInit
                0x00100eec       0xf8 main.o
                0x00100eec                audioInit
 .text.audioExit
                0x00100fe4       0x20 main.o
                0x00100fe4                audioExit
 .text.fillBuffer
                0x00101004       0xc0 main.o
                0x00101004                fillBuffer
 .text.audioThread
                0x001010c4       0x80 main.o
                0x001010c4                audioThread
 *fill*         0x00101144        0x4 
 .text.startup.main
                0x00101148      0x590 main.o
                0x00101148                main
 .text.C2Di_FrameEndHook
                0x001016d8       0x44 /opt/devkitpro/libctru/lib/libcitro2d.a(base.o)
 .text.C2D_Init
                0x0010171c      0x368 /opt/devkitpro/libctru/lib/libcitro2d.a(base.o)
                0x0010171c                C2D_Init
 .text.C2D_Fini
                0x00101a84       0x4c /opt/devkitpro/libctru/lib/libcitro2d.a(base.o)
                0x00101a84                C2D_Fini
 .text.C2D_Prepare
                0x00101ad0       0xbc /opt/devkitpro/libctru/lib/libcitro2d.a(base.o)
                0x00101ad0                C2D_Prepare
 .text.C2D_Flush
                0x00101b8c       0x48 /opt/devkitpro/libctru/lib/libcitro2d.a(base.o)
                0x00101b8c                C2D_Flush
 .text.C2D_SceneSize
                0x00101bd4       0xfc /opt/devkitpro/libctru/lib/libcitro2d.a(base.o)
                0x00101bd4                C2D_SceneSize
 .text.C2D_CreateScreenTarget
                0x00101cd0       0x60 /opt/devkitpro/libctru/lib/libcitro2d.a(base.o)
                0x00101cd0                C2D_CreateScreenTarget
 .text.C2D_TargetClear
                0x00101d30       0x60 /opt/devkitpro/libctru/lib/libcitro2d.a(base.o)
                0x00101d30                C2D_TargetClear
 .text.C2Di_CalcQuad
                0x00101d90      0x14c /opt/devkitpro/libctru/lib/libcitro2d.a(base.o)
                0x00101d90                C2Di_CalcQuad
 .text.C2Di_AppendQuad
                0x00101edc       0x54 /opt/devkitpro/libctru/lib/libcitro2d.a(base.o)
                0x00101edc                C2Di_AppendQuad
 .text.C2Di_AppendVtx
                0x00101f30       0x40 /opt/devkitpro/libctru/lib/libcitro2d.a(base.o)
                0x00101f30                C2Di_AppendVtx
 .text.C2Di_Update
                0x00101f70      0x738 /opt/devkitpro/libctru/lib/libcitro2d.a(base.o)
                0x00101f70                C2Di_Update
 .text.C2D_DrawImage
                0x001026a8      0x2e8 /opt/devkitpro/libctru/lib/libcitro2d.a(base.o)
                0x001026a8                C2D_DrawImage
 .text.C2D_FontFree
                0x00102990       0x40 /opt/devkitpro/libctru/lib/libcitro2d.a(font.o)
                0x00102990                C2D_FontFree
 .text.C2Di_PostLoadFont
                0x001029d0       0xf8 /opt/devkitpro/libctru/lib/libcitro2d.a(font.o)
 .text.C2D_FontLoadFromHandle
                0x00102ac8       0xb8 /opt/devkitpro/libctru/lib/libcitro2d.a(font.o)
                0x00102ac8                C2D_FontLoadFromHandle
 .text.C2D_FontLoad
                0x00102b80       0x48 /opt/devkitpro/libctru/lib/libcitro2d.a(font.o)
                0x00102b80                C2D_FontLoad
 .text.C2D_FontGlyphIndexFromCodePoint
                0x00102bc8       0x50 /opt/devkitpro/libctru/lib/libcitro2d.a(font.o)
                0x00102bc8                C2D_FontGlyphIndexFromCodePoint
 .text.C2D_FontCalcGlyphPos
                0x00102c18       0x74 /opt/devkitpro/libctru/lib/libcitro2d.a(font.o)
                0x00102c18                C2D_FontCalcGlyphPos
 .text.C2D_SpriteSheetLoadFromHandle
                0x00102c8c       0x68 /opt/devkitpro/libctru/lib/libcitro2d.a(spritesheet.o)
                0x00102c8c                C2D_SpriteSheetLoadFromHandle
 .text.C2D_SpriteSheetLoad
                0x00102cf4       0x48 /opt/devkitpro/libctru/lib/libcitro2d.a(spritesheet.o)
                0x00102cf4                C2D_SpriteSheetLoad
 .text.C2D_SpriteSheetFree
                0x00102d3c       0x28 /opt/devkitpro/libctru/lib/libcitro2d.a(spritesheet.o)
                0x00102d3c                C2D_SpriteSheetFree
 .text.C2D_SpriteSheetGetImage
                0x00102d64       0x28 /opt/devkitpro/libctru/lib/libcitro2d.a(spritesheet.o)
                0x00102d64                C2D_SpriteSheetGetImage
 .text.C2Di_GlyphComp
                0x00102d8c       0x18 /opt/devkitpro/libctru/lib/libcitro2d.a(text.o)
 .text.C2Di_CalcLineWidths
                0x00102da4      0x180 /opt/devkitpro/libctru/lib/libcitro2d.a(text.o)
 .text.C2D_TextBufNew
                0x00102f24      0x1d0 /opt/devkitpro/libctru/lib/libcitro2d.a(text.o)
                0x00102f24                C2D_TextBufNew
 .text.C2D_TextBufDelete
                0x001030f4        0x4 /opt/devkitpro/libctru/lib/libcitro2d.a(text.o)
                0x001030f4                C2D_TextBufDelete
 .text.C2D_TextFontParseLine
                0x001030f8      0x1c4 /opt/devkitpro/libctru/lib/libcitro2d.a(text.o)
                0x001030f8                C2D_TextFontParseLine
 .text.C2D_TextFontParse
                0x001032bc       0xa4 /opt/devkitpro/libctru/lib/libcitro2d.a(text.o)
                0x001032bc                C2D_TextFontParse
 .text.C2D_TextOptimize
                0x00103360       0x30 /opt/devkitpro/libctru/lib/libcitro2d.a(text.o)
                0x00103360                C2D_TextOptimize
 .text.C2D_DrawText
                0x00103390      0xfdc /opt/devkitpro/libctru/lib/libcitro2d.a(text.o)
                0x00103390                C2D_DrawText
 .text.AttrInfo_Init
                0x0010436c       0x28 /opt/devkitpro/libctru/lib/libcitro3d.a(attribs.o)
                0x0010436c                AttrInfo_Init
 .text.AttrInfo_AddLoader
                0x00104394       0x94 /opt/devkitpro/libctru/lib/libcitro3d.a(attribs.o)
                0x00104394                AttrInfo_AddLoader
 .text.C3D_SetAttrInfo
                0x00104428       0x54 /opt/devkitpro/libctru/lib/libcitro3d.a(attribs.o)
                0x00104428                C3D_SetAttrInfo
 .text.C3Di_AttrInfoBind
                0x0010447c       0x80 /opt/devkitpro/libctru/lib/libcitro3d.a(attribs.o)
                0x0010447c                C3Di_AttrInfoBind
 .text.C3Di_LightEnvUpdate
                0x001044fc        0x4 /opt/devkitpro/libctru/lib/libcitro3d.a(base.o)
                0x001044fc                C3Di_LightEnvUpdate
 .text.C3Di_LightEnvDirty
                0x00104500        0x4 /opt/devkitpro/libctru/lib/libcitro3d.a(base.o)
                0x00104500                C3Di_LightEnvDirty
 .text.C3Di_AptEventHook
                0x00104504       0xb4 /opt/devkitpro/libctru/lib/libcitro3d.a(base.o)
 .text.C3Di_GasUpdate
                0x001045b8        0x4 /opt/devkitpro/libctru/lib/libcitro3d.a(base.o)
                0x001045b8                C3Di_GasUpdate
 .text.C3D_Init
                0x001045bc      0x1d0 /opt/devkitpro/libctru/lib/libcitro3d.a(base.o)
                0x001045bc                C3D_Init
 .text.C3D_SetViewport
                0x0010478c       0x98 /opt/devkitpro/libctru/lib/libcitro3d.a(base.o)
                0x0010478c                C3D_SetViewport
 .text.C3Di_UpdateContext
                0x00104824      0x4e8 /opt/devkitpro/libctru/lib/libcitro3d.a(base.o)
                0x00104824                C3Di_UpdateContext
 .text.C3Di_SplitFrame
                0x00104d0c       0xe0 /opt/devkitpro/libctru/lib/libcitro3d.a(base.o)
                0x00104d0c                C3Di_SplitFrame
 .text.C3D_Fini
                0x00104dec       0x44 /opt/devkitpro/libctru/lib/libcitro3d.a(base.o)
                0x00104dec                C3D_Fini
 .text.C3D_BindProgram
                0x00104e30      0x194 /opt/devkitpro/libctru/lib/libcitro3d.a(base.o)
                0x00104e30                C3D_BindProgram
 .text.BufInfo_Init
                0x00104fc4       0x24 /opt/devkitpro/libctru/lib/libcitro3d.a(buffers.o)
                0x00104fc4                BufInfo_Init
 .text.BufInfo_Add
                0x00104fe8       0x80 /opt/devkitpro/libctru/lib/libcitro3d.a(buffers.o)
                0x00104fe8                BufInfo_Add
 .text.C3D_SetBufInfo
                0x00105068       0x3c /opt/devkitpro/libctru/lib/libcitro3d.a(buffers.o)
                0x00105068                C3D_SetBufInfo
 .text.C3Di_BufInfoBind
                0x001050a4       0x48 /opt/devkitpro/libctru/lib/libcitro3d.a(buffers.o)
                0x001050a4                C3Di_BufInfoBind
 .text.C3D_DrawElements
                0x001050ec      0x21c /opt/devkitpro/libctru/lib/libcitro3d.a(drawElements.o)
                0x001050ec                C3D_DrawElements
 .text.C3D_DepthMap
                0x00105308       0x40 /opt/devkitpro/libctru/lib/libcitro3d.a(effect.o)
                0x00105308                C3D_DepthMap
 .text.C3D_CullFace
                0x00105348       0x1c /opt/devkitpro/libctru/lib/libcitro3d.a(effect.o)
                0x00105348                C3D_CullFace
 .text.C3D_StencilTest
                0x00105364       0x40 /opt/devkitpro/libctru/lib/libcitro3d.a(effect.o)
                0x00105364                C3D_StencilTest
 .text.C3D_StencilOp
                0x001053a4       0x24 /opt/devkitpro/libctru/lib/libcitro3d.a(effect.o)
                0x001053a4                C3D_StencilOp
 .text.C3D_BlendingColor
                0x001053c8       0x1c /opt/devkitpro/libctru/lib/libcitro3d.a(effect.o)
                0x001053c8                C3D_BlendingColor
 .text.C3D_EarlyDepthTest
                0x001053e4       0x24 /opt/devkitpro/libctru/lib/libcitro3d.a(effect.o)
                0x001053e4                C3D_EarlyDepthTest
 .text.C3D_DepthTest
                0x00105408       0x2c /opt/devkitpro/libctru/lib/libcitro3d.a(effect.o)
                0x00105408                C3D_DepthTest
 .text.C3D_AlphaTest
                0x00105434       0x2c /opt/devkitpro/libctru/lib/libcitro3d.a(effect.o)
                0x00105434                C3D_AlphaTest
 .text.C3D_AlphaBlend
                0x00105460       0x50 /opt/devkitpro/libctru/lib/libcitro3d.a(effect.o)
                0x00105460                C3D_AlphaBlend
 .text.C3D_FragOpMode
                0x001054b0       0x30 /opt/devkitpro/libctru/lib/libcitro3d.a(effect.o)
                0x001054b0                C3D_FragOpMode
 .text.C3D_FragOpShadow
                0x001054e0       0x44 /opt/devkitpro/libctru/lib/libcitro3d.a(effect.o)
                0x001054e0                C3D_FragOpShadow
 .text.C3Di_EffectBind
                0x00105524      0x1ac /opt/devkitpro/libctru/lib/libcitro3d.a(effect.o)
                0x00105524                C3Di_EffectBind
 .text.C3D_CalcColorBufSize
                0x001056d0       0x1c /opt/devkitpro/libctru/lib/libcitro3d.a(framebuffer.o)
                0x001056d0                C3D_CalcColorBufSize
 .text.C3D_CalcDepthBufSize
                0x001056ec       0x1c /opt/devkitpro/libctru/lib/libcitro3d.a(framebuffer.o)
                0x001056ec                C3D_CalcDepthBufSize
 .text.C3D_SetFrameBuf
                0x00105708       0x44 /opt/devkitpro/libctru/lib/libcitro3d.a(framebuffer.o)
                0x00105708                C3D_SetFrameBuf
 .text.C3Di_FrameBufBind
                0x0010574c      0x16c /opt/devkitpro/libctru/lib/libcitro3d.a(framebuffer.o)
                0x0010574c                C3Di_FrameBufBind
 .text.C3D_FrameBufClear
                0x001058b8       0xc8 /opt/devkitpro/libctru/lib/libcitro3d.a(framebuffer.o)
                0x001058b8                C3D_FrameBufClear
 .text.C3D_FrameBufTransfer
                0x00105980       0x44 /opt/devkitpro/libctru/lib/libcitro3d.a(framebuffer.o)
                0x00105980                C3D_FrameBufTransfer
 .text.C3D_ImmSendAttrib
                0x001059c4       0xa8 /opt/devkitpro/libctru/lib/libcitro3d.a(immediate.o)
                0x001059c4                C3D_ImmSendAttrib
 .text.C3D_ProcTexInit
                0x00105a6c       0x70 /opt/devkitpro/libctru/lib/libcitro3d.a(proctex.o)
                0x00105a6c                C3D_ProcTexInit
 .text.C3D_ProcTexBind
                0x00105adc       0x54 /opt/devkitpro/libctru/lib/libcitro3d.a(proctex.o)
                0x00105adc                C3D_ProcTexBind
 .text.C3D_ProcTexLutBind
                0x00105b30       0x5c /opt/devkitpro/libctru/lib/libcitro3d.a(proctex.o)
                0x00105b30                C3D_ProcTexLutBind
 .text.ProcTexLut_FromArray
                0x00105b8c       0xa4 /opt/devkitpro/libctru/lib/libcitro3d.a(proctex.o)
                0x00105b8c                ProcTexLut_FromArray
 .text.C3Di_ProcTexUpdate
                0x00105c30      0x178 /opt/devkitpro/libctru/lib/libcitro3d.a(proctex.o)
                0x00105c30                C3Di_ProcTexUpdate
 .text.C3Di_ProcTexDirty
                0x00105da8       0x68 /opt/devkitpro/libctru/lib/libcitro3d.a(proctex.o)
                0x00105da8                C3Di_ProcTexDirty
 .text.onVBlank0
                0x00105e10       0x4c /opt/devkitpro/libctru/lib/libcitro3d.a(renderqueue.o)
 .text.onVBlank1
                0x00105e5c       0x4c /opt/devkitpro/libctru/lib/libcitro3d.a(renderqueue.o)
 .text.C3Di_RenderTargetDestroy
                0x00105ea8       0x80 /opt/devkitpro/libctru/lib/libcitro3d.a(renderqueue.o)
 .text.onQueueFinish
                0x00105f28       0xf4 /opt/devkitpro/libctru/lib/libcitro3d.a(renderqueue.o)
 .text.C3Di_RenderQueueEnableVBlank
                0x0010601c       0x38 /opt/devkitpro/libctru/lib/libcitro3d.a(renderqueue.o)
                0x0010601c                C3Di_RenderQueueEnableVBlank
 .text.C3Di_RenderQueueDisableVBlank
                0x00106054       0x30 /opt/devkitpro/libctru/lib/libcitro3d.a(renderqueue.o)
                0x00106054                C3Di_RenderQueueDisableVBlank
 .text.C3Di_RenderQueueInit
                0x00106084       0x60 /opt/devkitpro/libctru/lib/libcitro3d.a(renderqueue.o)
                0x00106084                C3Di_RenderQueueInit
 .text.C3Di_RenderQueueExit
                0x001060e4       0xb4 /opt/devkitpro/libctru/lib/libcitro3d.a(renderqueue.o)
                0x001060e4                C3Di_RenderQueueExit
 .text.C3Di_RenderQueueWaitDone
                0x00106198       0x34 /opt/devkitpro/libctru/lib/libcitro3d.a(renderqueue.o)
                0x00106198                C3Di_RenderQueueWaitDone
 .text.C3D_FrameBegin
                0x001061cc       0xe8 /opt/devkitpro/libctru/lib/libcitro3d.a(renderqueue.o)
                0x001061cc                C3D_FrameBegin
 .text.C3D_FrameDrawOn
                0x001062b4       0x48 /opt/devkitpro/libctru/lib/libcitro3d.a(renderqueue.o)
                0x001062b4                C3D_FrameDrawOn
 .text.C3D_FrameSplit
                0x001062fc       0x58 /opt/devkitpro/libctru/lib/libcitro3d.a(renderqueue.o)
                0x001062fc                C3D_FrameSplit
 .text.C3D_FrameEnd
                0x00106354      0x1d0 /opt/devkitpro/libctru/lib/libcitro3d.a(renderqueue.o)
                0x00106354                C3D_FrameEnd
 .text.C3D_FrameEndHook
                0x00106524       0x1c /opt/devkitpro/libctru/lib/libcitro3d.a(renderqueue.o)
                0x00106524                C3D_FrameEndHook
 .text.C3D_RenderTargetCreate
                0x00106540      0x170 /opt/devkitpro/libctru/lib/libcitro3d.a(renderqueue.o)
                0x00106540                C3D_RenderTargetCreate
 .text.C3D_RenderTargetSetOutput
                0x001066b0       0xa8 /opt/devkitpro/libctru/lib/libcitro3d.a(renderqueue.o)
                0x001066b0                C3D_RenderTargetSetOutput
 .text.C3D_SyncTextureCopy
                0x00106758       0xfc /opt/devkitpro/libctru/lib/libcitro3d.a(renderqueue.o)
                0x00106758                C3D_SyncTextureCopy
 .text.Tex3DSi_ImportCommon
                0x00106854      0x3d8 /opt/devkitpro/libctru/lib/libcitro3d.a(tex3ds.o)
 .text.Tex3DS_TextureImportStdio
                0x00106c2c       0x38 /opt/devkitpro/libctru/lib/libcitro3d.a(tex3ds.o)
                0x00106c2c                Tex3DS_TextureImportStdio
 .text.Tex3DS_GetSubTexture
                0x00106c64       0x1c /opt/devkitpro/libctru/lib/libcitro3d.a(tex3ds.o)
                0x00106c64                Tex3DS_GetSubTexture
 .text.Tex3DS_TextureFree
                0x00106c80        0x4 /opt/devkitpro/libctru/lib/libcitro3d.a(tex3ds.o)
                0x00106c80                Tex3DS_TextureFree
 .text.C3D_GetTexEnv
                0x00106c84       0x34 /opt/devkitpro/libctru/lib/libcitro3d.a(texenv.o)
                0x00106c84                C3D_GetTexEnv
 .text.C3Di_TexEnvBind
                0x00106cb8       0x24 /opt/devkitpro/libctru/lib/libcitro3d.a(texenv.o)
                0x00106cb8                C3Di_TexEnvBind
 .text.C3D_TexInitWithParams
                0x00106cdc      0x290 /opt/devkitpro/libctru/lib/libcitro3d.a(texture.o)
                0x00106cdc                C3D_TexInitWithParams
 .text.C3D_TexLoadImage
                0x00106f6c       0xc8 /opt/devkitpro/libctru/lib/libcitro3d.a(texture.o)
                0x00106f6c                C3D_TexLoadImage
 .text.C3D_TexBind
                0x00107034       0x44 /opt/devkitpro/libctru/lib/libcitro3d.a(texture.o)
                0x00107034                C3D_TexBind
 .text.C3D_TexDelete
                0x00107078       0x74 /opt/devkitpro/libctru/lib/libcitro3d.a(texture.o)
                0x00107078                C3D_TexDelete
 .text.C3Di_SetTex
                0x001070ec      0x14c /opt/devkitpro/libctru/lib/libcitro3d.a(texture.o)
                0x001070ec                C3Di_SetTex
 .text.C3D_UpdateUniforms
                0x00107238      0x290 /opt/devkitpro/libctru/lib/libcitro3d.a(uniforms.o)
                0x00107238                C3D_UpdateUniforms
 .text.C3Di_DirtyUniforms
                0x001074c8       0xc0 /opt/devkitpro/libctru/lib/libcitro3d.a(uniforms.o)
                0x001074c8                C3Di_DirtyUniforms
 .text.C3Di_LoadShaderUniforms
                0x00107588       0xd8 /opt/devkitpro/libctru/lib/libcitro3d.a(uniforms.o)
                0x00107588                C3Di_LoadShaderUniforms
 .text.C3Di_ClearShaderUniforms
                0x00107660       0x28 /opt/devkitpro/libctru/lib/libcitro3d.a(uniforms.o)
                0x00107660                C3Di_ClearShaderUniforms
 .text.Mtx_Ortho
                0x00107688       0xcc /opt/devkitpro/libctru/lib/libcitro3d.a(mtx_ortho.o)
                0x00107688                Mtx_Ortho
 .text.Mtx_OrthoTilt
                0x00107754       0xcc /opt/devkitpro/libctru/lib/libcitro3d.a(mtx_orthotilt.o)
                0x00107754                Mtx_OrthoTilt
 .text._ZL21addrMapNodeComparatorPK11rbtree_nodeS1_
                0x00107820       0x24 /opt/devkitpro/libctru/lib/libctru.a(linear.o)
 .text._ZL21addrMapNodeDestructorP11rbtree_node
                0x00107844        0x4 /opt/devkitpro/libctru/lib/libctru.a(linear.o)
 .text.linearMemAlign
                0x00107848      0x12c /opt/devkitpro/libctru/lib/libctru.a(linear.o)
                0x00107848                linearMemAlign
 .text.linearAlloc
                0x00107974        0x8 /opt/devkitpro/libctru/lib/libctru.a(linear.o)
                0x00107974                linearAlloc
 .text.linearFree
                0x0010797c       0x5c /opt/devkitpro/libctru/lib/libctru.a(linear.o)
                0x0010797c                linearFree
 .text._ZN7MemPool13CoalesceRightEP8MemBlock
                0x001079d8       0x88 /opt/devkitpro/libctru/lib/libctru.a(mem_pool.o)
                0x001079d8                _ZN7MemPool13CoalesceRightEP8MemBlock
 .text._ZN7MemPool8AllocateER8MemChunkmi
                0x00107a60      0x178 /opt/devkitpro/libctru/lib/libctru.a(mem_pool.o)
                0x00107a60                _ZN7MemPool8AllocateER8MemChunkmi
 .text._ZN7MemPool10DeallocateERK8MemChunk
                0x00107bd8      0x118 /opt/devkitpro/libctru/lib/libctru.a(mem_pool.o)
                0x00107bd8                _ZN7MemPool10DeallocateERK8MemChunk
 .text._ZN7MemPool12GetFreeSpaceEv
                0x00107cf0       0x30 /opt/devkitpro/libctru/lib/libctru.a(mem_pool.o)
                0x00107cf0                _ZN7MemPool12GetFreeSpaceEv
 .text._ZL21addrMapNodeComparatorPK11rbtree_nodeS1_
                0x00107d20       0x24 /opt/devkitpro/libctru/lib/libctru.a(vram.o)
 .text._ZL21addrMapNodeDestructorP11rbtree_node
                0x00107d44        0x4 /opt/devkitpro/libctru/lib/libctru.a(vram.o)
 .text.vramMemAlignAt
                0x00107d48      0x248 /opt/devkitpro/libctru/lib/libctru.a(vram.o)
                0x00107d48                vramMemAlignAt
 .text.vramAlloc
                0x00107f90        0xc /opt/devkitpro/libctru/lib/libctru.a(vram.o)
                0x00107f90                vramAlloc
 .text.vramAllocAt
                0x00107f9c        0xc /opt/devkitpro/libctru/lib/libctru.a(vram.o)
                0x00107f9c                vramAllocAt
 .text.vramFree
                0x00107fa8       0x94 /opt/devkitpro/libctru/lib/libctru.a(vram.o)
                0x00107fa8                vramFree
 .text.consoleDrawChar
                0x0010803c      0x1c8 /opt/devkitpro/libctru/lib/libctru.a(console.o)
                0x0010803c                consoleDrawChar
 .text.consolePrintChar
                0x00108204      0x170 /opt/devkitpro/libctru/lib/libctru.a(console.o)
                0x00108204                consolePrintChar
 .text.con_write
                0x00108374      0xcc8 /opt/devkitpro/libctru/lib/libctru.a(console.o)
                0x00108374                con_write
 .text.newRow   0x0010903c       0xfc /opt/devkitpro/libctru/lib/libctru.a(console.o)
 .text.consoleInit
                0x00109138      0x180 /opt/devkitpro/libctru/lib/libctru.a(console.o)
                0x00109138                consoleInit
 .text.fontEnsureMapped
                0x001092b8       0x9c /opt/devkitpro/libctru/lib/libctru.a(font.o)
                0x001092b8                fontEnsureMapped
 .text.fontFixPointers
                0x00109354       0x7c /opt/devkitpro/libctru/lib/libctru.a(font.o)
                0x00109354                fontFixPointers
 .text.fontGlyphIndexFromCodePoint
                0x001093d0      0x100 /opt/devkitpro/libctru/lib/libctru.a(font.o)
                0x001093d0                fontGlyphIndexFromCodePoint
 .text.fontCalcGlyphPos
                0x001094d0      0x214 /opt/devkitpro/libctru/lib/libctru.a(font.o)
                0x001094d0                fontCalcGlyphPos
 .text.gfxPresentFramebuffer
                0x001096e4       0xcc /opt/devkitpro/libctru/lib/libctru.a(gfx.o)
 .text.gfxIsWide
                0x001097b0       0x1c /opt/devkitpro/libctru/lib/libctru.a(gfx.o)
                0x001097b0                gfxIsWide
 .text.gfxSetScreenFormat
                0x001097cc       0xf8 /opt/devkitpro/libctru/lib/libctru.a(gfx.o)
                0x001097cc                gfxSetScreenFormat
 .text.gfxSetDoubleBuffering
                0x001098c4       0x10 /opt/devkitpro/libctru/lib/libctru.a(gfx.o)
                0x001098c4                gfxSetDoubleBuffering
 .text.gfxInit  0x001098d4       0xd8 /opt/devkitpro/libctru/lib/libctru.a(gfx.o)
                0x001098d4                gfxInit
 .text.gfxInitDefault
                0x001099ac       0x10 /opt/devkitpro/libctru/lib/libctru.a(gfx.o)
                0x001099ac                gfxInitDefault
 .text.gfxExit  0x001099bc       0xb8 /opt/devkitpro/libctru/lib/libctru.a(gfx.o)
                0x001099bc                gfxExit
 .text.gfxGetFramebuffer
                0x00109a74       0xa0 /opt/devkitpro/libctru/lib/libctru.a(gfx.o)
                0x00109a74                gfxGetFramebuffer
 .text.gfxFlushBuffers
                0x00109b14      0x100 /opt/devkitpro/libctru/lib/libctru.a(gfx.o)
                0x00109b14                gfxFlushBuffers
 .text.gfxScreenSwapBuffers
                0x00109c14       0x28 /opt/devkitpro/libctru/lib/libctru.a(gfx.o)
                0x00109c14                gfxScreenSwapBuffers
 .text.gfxSwapBuffersGpu
                0x00109c3c       0x50 /opt/devkitpro/libctru/lib/libctru.a(gfx.o)
                0x00109c3c                gfxSwapBuffersGpu
 .text.osConvertVirtToPhys
                0x00109c8c       0x74 /opt/devkitpro/libctru/lib/libctru.a(os.o)
                0x00109c8c                osConvertVirtToPhys
 .text.osGetTimeRef
                0x00109d00       0x54 /opt/devkitpro/libctru/lib/libctru.a(os.o)
                0x00109d00                osGetTimeRef
 .text.osGetTime
                0x00109d54       0xec /opt/devkitpro/libctru/lib/libctru.a(os.o)
                0x00109d54                osGetTime
 .text.__ctru_speedup_config
                0x00109e40       0x34 /opt/devkitpro/libctru/lib/libctru.a(os.o)
                0x00109e40                __ctru_speedup_config
 .text.romfs_close
                0x00109e74        0x8 /opt/devkitpro/libctru/lib/libctru.a(romfs_dev.o)
 .text.romfs_seek
                0x00109e7c       0xac /opt/devkitpro/libctru/lib/libctru.a(romfs_dev.o)
 .text.romfs_dirreset
                0x00109f28       0x24 /opt/devkitpro/libctru/lib/libctru.a(romfs_dev.o)
 .text.fill_dir
                0x00109f4c       0xc0 /opt/devkitpro/libctru/lib/libctru.a(romfs_dev.o)
 .text.romfs_dirnext
                0x0010a00c      0x2ac /opt/devkitpro/libctru/lib/libctru.a(romfs_dev.o)
 .text.romfs_free
                0x0010a2b8       0x74 /opt/devkitpro/libctru/lib/libctru.a(romfs_dev.o)
 .text.searchForFile.constprop.0
                0x0010a32c       0xd0 /opt/devkitpro/libctru/lib/libctru.a(romfs_dev.o)
 .text.searchForDir.constprop.0
                0x0010a3fc       0xd4 /opt/devkitpro/libctru/lib/libctru.a(romfs_dev.o)
 .text.navigateToDir.constprop.0
                0x0010a4d0      0x1c0 /opt/devkitpro/libctru/lib/libctru.a(romfs_dev.o)
 .text.romfs_open
                0x0010a690      0x114 /opt/devkitpro/libctru/lib/libctru.a(romfs_dev.o)
 .text.romfs_chdir
                0x0010a7a4       0x4c /opt/devkitpro/libctru/lib/libctru.a(romfs_dev.o)
 .text.romfs_diropen
                0x0010a7f0       0x68 /opt/devkitpro/libctru/lib/libctru.a(romfs_dev.o)
 .text.romfs_stat
                0x0010a858      0x178 /opt/devkitpro/libctru/lib/libctru.a(romfs_dev.o)
 .text.romfs_dirclose
                0x0010a9d0        0x8 /opt/devkitpro/libctru/lib/libctru.a(romfs_dev.o)
 .text.romfs_fstat
                0x0010a9d8       0x7c /opt/devkitpro/libctru/lib/libctru.a(romfs_dev.o)
 .text.romfs_read
                0x0010aa54       0xd0 /opt/devkitpro/libctru/lib/libctru.a(romfs_dev.o)
 .text.romfsMountFromFile
                0x0010ab24      0x294 /opt/devkitpro/libctru/lib/libctru.a(romfs_dev.o)
                0x0010ab24                romfsMountFromFile
 .text.romfsMountFromCurrentProcess
                0x0010adb8       0x98 /opt/devkitpro/libctru/lib/libctru.a(romfs_dev.o)
                0x0010adb8                romfsMountFromCurrentProcess
 .text.romfsMountSelf
                0x0010ae50      0x258 /opt/devkitpro/libctru/lib/libctru.a(romfs_dev.o)
                0x0010ae50                romfsMountSelf
 .text.romfsUnmount
                0x0010b0a8       0xa0 /opt/devkitpro/libctru/lib/libctru.a(romfs_dev.o)
                0x0010b0a8                romfsUnmount
 .text.__sync_init
                0x0010b148        0xc /opt/devkitpro/libctru/lib/libctru.a(synchronization.o)
                0x0010b148                __sync_init
 .text.__sync_fini
                0x0010b154       0x18 /opt/devkitpro/libctru/lib/libctru.a(synchronization.o)
                0x0010b154                __sync_fini
 .text.syncArbitrateAddress
                0x0010b16c       0x28 /opt/devkitpro/libctru/lib/libctru.a(synchronization.o)
                0x0010b16c                syncArbitrateAddress
 .text.LightLock_Init
                0x0010b194       0x1c /opt/devkitpro/libctru/lib/libctru.a(synchronization.o)
                0x0010b194                LightLock_Init
 .text.LightLock_Lock
                0x0010b1b0       0xac /opt/devkitpro/libctru/lib/libctru.a(synchronization.o)
                0x0010b1b0                LightLock_Lock
 .text.LightLock_Unlock
                0x0010b25c       0x40 /opt/devkitpro/libctru/lib/libctru.a(synchronization.o)
                0x0010b25c                LightLock_Unlock
 .text.RecursiveLock_Lock
                0x0010b29c       0x54 /opt/devkitpro/libctru/lib/libctru.a(synchronization.o)
                0x0010b29c                RecursiveLock_Lock
 .text.RecursiveLock_Unlock
                0x0010b2f0       0x54 /opt/devkitpro/libctru/lib/libctru.a(synchronization.o)
                0x0010b2f0                RecursiveLock_Unlock
 .text.LightEvent_Init
                0x0010b344       0x44 /opt/devkitpro/libctru/lib/libctru.a(synchronization.o)
                0x0010b344                LightEvent_Init
 .text.LightEvent_Clear
                0x0010b388       0xb8 /opt/devkitpro/libctru/lib/libctru.a(synchronization.o)
                0x0010b388                LightEvent_Clear
 .text.LightEvent_Signal
                0x0010b440       0xdc /opt/devkitpro/libctru/lib/libctru.a(synchronization.o)
                0x0010b440                LightEvent_Signal
 .text.LightEvent_TryWait
                0x0010b51c       0x50 /opt/devkitpro/libctru/lib/libctru.a(synchronization.o)
                0x0010b51c                LightEvent_TryWait
 .text.LightEvent_Wait
                0x0010b56c       0xac /opt/devkitpro/libctru/lib/libctru.a(synchronization.o)
                0x0010b56c                LightEvent_Wait
 .text.threadCreate
                0x0010b618      0x1fc /opt/devkitpro/libctru/lib/libctru.a(thread.o)
                0x0010b618                threadCreate
 .text.threadFree
                0x0010b814       0x38 /opt/devkitpro/libctru/lib/libctru.a(thread.o)
                0x0010b814                threadFree
 .text.threadJoin
                0x0010b84c       0x24 /opt/devkitpro/libctru/lib/libctru.a(thread.o)
                0x0010b84c                threadJoin
 .text.threadGetCurrent
                0x0010b870       0x30 /opt/devkitpro/libctru/lib/libctru.a(thread.o)
                0x0010b870                threadGetCurrent
 .text.threadExit
                0x0010b8a0       0x40 /opt/devkitpro/libctru/lib/libctru.a(thread.o)
                0x0010b8a0                threadExit
 .text._thread_begin
                0x0010b8e0       0x20 /opt/devkitpro/libctru/lib/libctru.a(thread.o)
 .text.GPUCMD_Add
                0x0010b900      0x13c /opt/devkitpro/libctru/lib/libctru.a(gpu.o)
                0x0010b900                GPUCMD_Add
 .text.GPUCMD_Split
                0x0010ba3c       0xb0 /opt/devkitpro/libctru/lib/libctru.a(gpu.o)
                0x0010ba3c                GPUCMD_Split
 .text.f32tof16
                0x0010baec       0x34 /opt/devkitpro/libctru/lib/libctru.a(gpu.o)
                0x0010baec                f32tof16
 .text.f32tof24
                0x0010bb20       0x34 /opt/devkitpro/libctru/lib/libctru.a(gpu.o)
                0x0010bb20                f32tof24
 .text.f32tof31
                0x0010bb54       0x38 /opt/devkitpro/libctru/lib/libctru.a(gpu.o)
                0x0010bb54                f32tof31
 .text.GX_BindQueue
                0x0010bb8c       0x10 /opt/devkitpro/libctru/lib/libctru.a(gx.o)
                0x0010bb8c                GX_BindQueue
 .text.GX_ProcessCommandList
                0x0010bb9c       0x7c /opt/devkitpro/libctru/lib/libctru.a(gx.o)
                0x0010bb9c                GX_ProcessCommandList
 .text.GX_MemoryFill
                0x0010bc18       0x74 /opt/devkitpro/libctru/lib/libctru.a(gx.o)
                0x0010bc18                GX_MemoryFill
 .text.GX_DisplayTransfer
                0x0010bc8c       0x74 /opt/devkitpro/libctru/lib/libctru.a(gx.o)
                0x0010bc8c                GX_DisplayTransfer
 .text.GX_TextureCopy
                0x0010bd00       0x78 /opt/devkitpro/libctru/lib/libctru.a(gx.o)
                0x0010bd00                GX_TextureCopy
 .text.gxCmdQueueDoCommands.part.0
                0x0010bd78       0x64 /opt/devkitpro/libctru/lib/libctru.a(gxqueue.o)
 .text.gxCmdQueueInterrupt
                0x0010bddc       0xe4 /opt/devkitpro/libctru/lib/libctru.a(gxqueue.o)
                0x0010bddc                gxCmdQueueInterrupt
 .text.gxCmdQueueClear
                0x0010bec0       0x68 /opt/devkitpro/libctru/lib/libctru.a(gxqueue.o)
                0x0010bec0                gxCmdQueueClear
 .text.gxCmdQueueAdd
                0x0010bf28      0x108 /opt/devkitpro/libctru/lib/libctru.a(gxqueue.o)
                0x0010bf28                gxCmdQueueAdd
 .text.gxCmdQueueRun
                0x0010c030       0x80 /opt/devkitpro/libctru/lib/libctru.a(gxqueue.o)
                0x0010c030                gxCmdQueueRun
 .text.gxCmdQueueStop
                0x0010c0b0       0x64 /opt/devkitpro/libctru/lib/libctru.a(gxqueue.o)
                0x0010c0b0                gxCmdQueueStop
 .text.gxCmdQueueWait
                0x0010c114       0xac /opt/devkitpro/libctru/lib/libctru.a(gxqueue.o)
                0x0010c114                gxCmdQueueWait
 .text.shaderInstanceInit
                0x0010c1c0      0x1e0 /opt/devkitpro/libctru/lib/libctru.a(shaderProgram.o)
                0x0010c1c0                shaderInstanceInit
 .text.shaderInstanceGetUniformLocation
                0x0010c3a0       0x18 /opt/devkitpro/libctru/lib/libctru.a(shaderProgram.o)
                0x0010c3a0                shaderInstanceGetUniformLocation
 .text.shaderProgramInit
                0x0010c3b8       0x1c /opt/devkitpro/libctru/lib/libctru.a(shaderProgram.o)
                0x0010c3b8                shaderProgramInit
 .text.shaderProgramFree
                0x0010c3d4       0x74 /opt/devkitpro/libctru/lib/libctru.a(shaderProgram.o)
                0x0010c3d4                shaderProgramFree
 .text.shaderProgramSetVsh
                0x0010c448       0x94 /opt/devkitpro/libctru/lib/libctru.a(shaderProgram.o)
                0x0010c448                shaderProgramSetVsh
 .text.shaderProgramConfigure
                0x0010c4dc      0x8d0 /opt/devkitpro/libctru/lib/libctru.a(shaderProgram.o)
                0x0010c4dc                shaderProgramConfigure
 .text.DVLE_GenerateOutmap.part.0
                0x0010cdac      0x1dc /opt/devkitpro/libctru/lib/libctru.a(shbin.o)
 .text.DVLB_ParseFile
                0x0010cf88      0x1ac /opt/devkitpro/libctru/lib/libctru.a(shbin.o)
                0x0010cf88                DVLB_ParseFile
 .text.DVLB_Free
                0x0010d134       0x50 /opt/devkitpro/libctru/lib/libctru.a(shbin.o)
                0x0010d134                DVLB_Free
 .text.DVLE_GetUniformRegister
                0x0010d184       0x74 /opt/devkitpro/libctru/lib/libctru.a(shbin.o)
                0x0010d184                DVLE_GetUniformRegister
 .text.ndspUpdateMaster
                0x0010d1f8      0x158 /opt/devkitpro/libctru/lib/libctru.a(ndsp.o)
 .text.ndspFinalize
                0x0010d350      0x108 /opt/devkitpro/libctru/lib/libctru.a(ndsp.o)
 .text.ndspInitialize.part.0
                0x0010d458      0x25c /opt/devkitpro/libctru/lib/libctru.a(ndsp.o)
 .text.ndspHookCallback
                0x0010d6b4      0x108 /opt/devkitpro/libctru/lib/libctru.a(ndsp.o)
 *fill*         0x0010d7bc        0x4 
 .text.ndspThreadMain
                0x0010d7c0      0x318 /opt/devkitpro/libctru/lib/libctru.a(ndsp.o)
 .text.ndspInit
                0x0010dad8      0x3f0 /opt/devkitpro/libctru/lib/libctru.a(ndsp.o)
                0x0010dad8                ndspInit
 .text.ndspExit
                0x0010dec8       0xd8 /opt/devkitpro/libctru/lib/libctru.a(ndsp.o)
                0x0010dec8                ndspExit
 .text.ndspSetOutputMode
                0x0010dfa0       0x34 /opt/devkitpro/libctru/lib/libctru.a(ndsp.o)
                0x0010dfa0                ndspSetOutputMode
 .text.ndspSetCallback
                0x0010dfd4       0x10 /opt/devkitpro/libctru/lib/libctru.a(ndsp.o)
                0x0010dfd4                ndspSetCallback
 .text.ndspChnReset
                0x0010dfe4       0xe0 /opt/devkitpro/libctru/lib/libctru.a(ndsp-channel.o)
                0x0010dfe4                ndspChnReset
 .text.ndspChnSetFormat
                0x0010e0c4       0x18 /opt/devkitpro/libctru/lib/libctru.a(ndsp-channel.o)
                0x0010e0c4                ndspChnSetFormat
 .text.ndspChnSetInterp
                0x0010e0dc       0x50 /opt/devkitpro/libctru/lib/libctru.a(ndsp-channel.o)
                0x0010e0dc                ndspChnSetInterp
 .text.ndspChnSetRate
                0x0010e12c       0x60 /opt/devkitpro/libctru/lib/libctru.a(ndsp-channel.o)
                0x0010e12c                ndspChnSetRate
 .text.ndspChnWaveBufAdd
                0x0010e18c       0xc8 /opt/devkitpro/libctru/lib/libctru.a(ndsp-channel.o)
                0x0010e18c                ndspChnWaveBufAdd
 .text.ndspiInitChn
                0x0010e254       0x40 /opt/devkitpro/libctru/lib/libctru.a(ndsp-channel.o)
                0x0010e254                ndspiInitChn
 .text.ndspiDirtyChn
                0x0010e294       0x2c /opt/devkitpro/libctru/lib/libctru.a(ndsp-channel.o)
                0x0010e294                ndspiDirtyChn
 .text.ndspiUpdateChn
                0x0010e2c0      0x43c /opt/devkitpro/libctru/lib/libctru.a(ndsp-channel.o)
                0x0010e2c0                ndspiUpdateChn
 .text.ndspiReadChnState
                0x0010e6fc      0x180 /opt/devkitpro/libctru/lib/libctru.a(ndsp-channel.o)
                0x0010e6fc                ndspiReadChnState
 .text.aptConvertScreenForCapture
                0x0010e87c      0x180 /opt/devkitpro/libctru/lib/libctru.a(apt.o)
 .text.aptSendCommand
                0x0010e9fc      0x138 /opt/devkitpro/libctru/lib/libctru.a(apt.o)
                0x0010e9fc                aptSendCommand
 *fill*         0x0010eb34        0x4 
 .text.aptExitProcess
                0x0010eb38       0x44 /opt/devkitpro/libctru/lib/libctru.a(apt.o)
 .text.aptExit  0x0010eb7c      0x394 /opt/devkitpro/libctru/lib/libctru.a(apt.o)
                0x0010eb7c                aptExit
 .text.aptHandleSleep
                0x0010ef10       0xd8 /opt/devkitpro/libctru/lib/libctru.a(apt.o)
                0x0010ef10                aptHandleSleep
 .text.aptHook  0x0010efe8       0x34 /opt/devkitpro/libctru/lib/libctru.a(apt.o)
                0x0010efe8                aptHook
 .text.aptUnhook
                0x0010f01c       0x30 /opt/devkitpro/libctru/lib/libctru.a(apt.o)
                0x0010f01c                aptUnhook
 .text.APT_SleepIfShellClosed
                0x0010f04c       0x84 /opt/devkitpro/libctru/lib/libctru.a(apt.o)
                0x0010f04c                APT_SleepIfShellClosed
 .text.aptSetSleepAllowed
                0x0010f0d0       0x78 /opt/devkitpro/libctru/lib/libctru.a(apt.o)
                0x0010f0d0                aptSetSleepAllowed
 .text.APT_UnlockTransition
                0x0010f148       0x84 /opt/devkitpro/libctru/lib/libctru.a(apt.o)
                0x0010f148                APT_UnlockTransition
 *fill*         0x0010f1cc        0x4 
 .text.aptEventHandler
                0x0010f1d0      0x470 /opt/devkitpro/libctru/lib/libctru.a(apt.o)
 .text.APT_ReceiveParameter
                0x0010f640       0xbc /opt/devkitpro/libctru/lib/libctru.a(apt.o)
                0x0010f640                APT_ReceiveParameter
 .text.aptReceiveParameter.constprop.0
                0x0010f6fc       0xb0 /opt/devkitpro/libctru/lib/libctru.a(apt.o)
 *fill*         0x0010f7ac        0x4 
 .text.aptScreenTransfer
                0x0010f7b0      0x294 /opt/devkitpro/libctru/lib/libctru.a(apt.o)
 .text.aptWaitForWakeUp.isra.0
                0x0010fa44      0x2d0 /opt/devkitpro/libctru/lib/libctru.a(apt.o)
 .text.aptJumpToHomeMenu
                0x0010fd14       0xf4 /opt/devkitpro/libctru/lib/libctru.a(apt.o)
                0x0010fd14                aptJumpToHomeMenu
 .text.aptMainLoop
                0x0010fe08       0x58 /opt/devkitpro/libctru/lib/libctru.a(apt.o)
                0x0010fe08                aptMainLoop
 .text.aptInit  0x0010fe60      0x240 /opt/devkitpro/libctru/lib/libctru.a(apt.o)
                0x0010fe60                aptInit
 .text.APT_CheckNew3DS
                0x001100a0       0x90 /opt/devkitpro/libctru/lib/libctru.a(apt.o)
                0x001100a0                APT_CheckNew3DS
 .text.APT_GetSharedFont
                0x00110130       0x48 /opt/devkitpro/libctru/lib/libctru.a(apt.o)
                0x00110130                APT_GetSharedFont
 .text.cfguInit
                0x00110178       0xa8 /opt/devkitpro/libctru/lib/libctru.a(cfgu.o)
                0x00110178                cfguInit
 .text.cfguExit
                0x00110220       0x3c /opt/devkitpro/libctru/lib/libctru.a(cfgu.o)
                0x00110220                cfguExit
 .text.CFGU_GetConfigInfoBlk2
                0x0011025c       0x4c /opt/devkitpro/libctru/lib/libctru.a(cfgu.o)
                0x0011025c                CFGU_GetConfigInfoBlk2
 .text.DSP_LoadComponent.part.0
                0x001102a8       0xa4 /opt/devkitpro/libctru/lib/libctru.a(dsp.o)
 .text.dspInit  0x0011034c       0xfc /opt/devkitpro/libctru/lib/libctru.a(dsp.o)
                0x0011034c                dspInit
 .text.dspExit  0x00110448       0x8c /opt/devkitpro/libctru/lib/libctru.a(dsp.o)
                0x00110448                dspExit
 .text.dspHook  0x001104d4       0x24 /opt/devkitpro/libctru/lib/libctru.a(dsp.o)
                0x001104d4                dspHook
 .text.dspUnhook
                0x001104f8       0x30 /opt/devkitpro/libctru/lib/libctru.a(dsp.o)
                0x001104f8                dspUnhook
 .text.aptDspSleep
                0x00110528       0xb4 /opt/devkitpro/libctru/lib/libctru.a(dsp.o)
                0x00110528                aptDspSleep
 .text.aptDspWakeup
                0x001105dc       0xb4 /opt/devkitpro/libctru/lib/libctru.a(dsp.o)
                0x001105dc                aptDspWakeup
 .text.aptDspCancel
                0x00110690       0x44 /opt/devkitpro/libctru/lib/libctru.a(dsp.o)
                0x00110690                aptDspCancel
 .text.DSP_FlushDataCache
                0x001106d4       0x50 /opt/devkitpro/libctru/lib/libctru.a(dsp.o)
                0x001106d4                DSP_FlushDataCache
 .text.DSP_SetSemaphore
                0x00110724       0x34 /opt/devkitpro/libctru/lib/libctru.a(dsp.o)
                0x00110724                DSP_SetSemaphore
 .text.DSP_SetSemaphoreMask
                0x00110758       0x34 /opt/devkitpro/libctru/lib/libctru.a(dsp.o)
                0x00110758                DSP_SetSemaphoreMask
 .text.DSP_GetSemaphoreHandle
                0x0011078c       0x38 /opt/devkitpro/libctru/lib/libctru.a(dsp.o)
                0x0011078c                DSP_GetSemaphoreHandle
 .text.DSP_LoadComponent
                0x001107c4       0x3c /opt/devkitpro/libctru/lib/libctru.a(dsp.o)
                0x001107c4                DSP_LoadComponent
 .text.DSP_RegisterInterruptEvents
                0x00110800       0x44 /opt/devkitpro/libctru/lib/libctru.a(dsp.o)
                0x00110800                DSP_RegisterInterruptEvents
 .text.DSP_ReadPipeIfPossible
                0x00110844       0x78 /opt/devkitpro/libctru/lib/libctru.a(dsp.o)
                0x00110844                DSP_ReadPipeIfPossible
 .text.DSP_WriteProcessPipe
                0x001108bc       0x4c /opt/devkitpro/libctru/lib/libctru.a(dsp.o)
                0x001108bc                DSP_WriteProcessPipe
 .text.DSP_ConvertProcessAddressFromDspDram
                0x00110908       0x44 /opt/devkitpro/libctru/lib/libctru.a(dsp.o)
                0x00110908                DSP_ConvertProcessAddressFromDspDram
 .text.DSP_RecvData
                0x0011094c       0x44 /opt/devkitpro/libctru/lib/libctru.a(dsp.o)
                0x0011094c                DSP_RecvData
 .text.DSP_RecvDataIsReady
                0x00110990       0x50 /opt/devkitpro/libctru/lib/libctru.a(dsp.o)
                0x00110990                DSP_RecvDataIsReady
 .text.fsInit   0x001109e0      0x104 /opt/devkitpro/libctru/lib/libctru.a(fs.o)
                0x001109e0                fsInit
 .text.fsExit   0x00110ae4       0x3c /opt/devkitpro/libctru/lib/libctru.a(fs.o)
                0x00110ae4                fsExit
 .text.fsExemptFromSession
                0x00110b20       0x68 /opt/devkitpro/libctru/lib/libctru.a(fs.o)
                0x00110b20                fsExemptFromSession
 .text.fsUnexemptFromSession
                0x00110b88       0x50 /opt/devkitpro/libctru/lib/libctru.a(fs.o)
                0x00110b88                fsUnexemptFromSession
 .text.FSUSER_OpenFile
                0x00110bd8       0xcc /opt/devkitpro/libctru/lib/libctru.a(fs.o)
                0x00110bd8                FSUSER_OpenFile
 .text.FSUSER_OpenFileDirectly
                0x00110ca4       0xcc /opt/devkitpro/libctru/lib/libctru.a(fs.o)
                0x00110ca4                FSUSER_OpenFileDirectly
 .text.FSUSER_DeleteFile
                0x00110d70       0xb8 /opt/devkitpro/libctru/lib/libctru.a(fs.o)
                0x00110d70                FSUSER_DeleteFile
 .text.FSUSER_RenameFile
                0x00110e28       0xf4 /opt/devkitpro/libctru/lib/libctru.a(fs.o)
                0x00110e28                FSUSER_RenameFile
 .text.FSUSER_DeleteDirectory
                0x00110f1c       0xb8 /opt/devkitpro/libctru/lib/libctru.a(fs.o)
                0x00110f1c                FSUSER_DeleteDirectory
 .text.FSUSER_CreateFile
                0x00110fd4       0xd0 /opt/devkitpro/libctru/lib/libctru.a(fs.o)
                0x00110fd4                FSUSER_CreateFile
 .text.FSUSER_CreateDirectory
                0x001110a4       0xc0 /opt/devkitpro/libctru/lib/libctru.a(fs.o)
                0x001110a4                FSUSER_CreateDirectory
 .text.FSUSER_RenameDirectory
                0x00111164       0xf4 /opt/devkitpro/libctru/lib/libctru.a(fs.o)
                0x00111164                FSUSER_RenameDirectory
 .text.FSUSER_OpenDirectory
                0x00111258       0xb4 /opt/devkitpro/libctru/lib/libctru.a(fs.o)
                0x00111258                FSUSER_OpenDirectory
 .text.FSUSER_OpenArchive
                0x0011130c       0x90 /opt/devkitpro/libctru/lib/libctru.a(fs.o)
                0x0011130c                FSUSER_OpenArchive
 .text.FSUSER_CloseArchive
                0x0011139c       0x8c /opt/devkitpro/libctru/lib/libctru.a(fs.o)
                0x0011139c                FSUSER_CloseArchive
 .text.FSUSER_GetSdmcArchiveResource
                0x00111428       0x74 /opt/devkitpro/libctru/lib/libctru.a(fs.o)
                0x00111428                FSUSER_GetSdmcArchiveResource
 .text.FSUSER_IsSdmcWritable
                0x0011149c       0x64 /opt/devkitpro/libctru/lib/libctru.a(fs.o)
                0x0011149c                FSUSER_IsSdmcWritable
 .text.FSFILE_Read
                0x00111500       0x64 /opt/devkitpro/libctru/lib/libctru.a(fs.o)
                0x00111500                FSFILE_Read
 .text.FSFILE_Write
                0x00111564       0x6c /opt/devkitpro/libctru/lib/libctru.a(fs.o)
                0x00111564                FSFILE_Write
 .text.FSFILE_GetSize
                0x001115d0       0x44 /opt/devkitpro/libctru/lib/libctru.a(fs.o)
                0x001115d0                FSFILE_GetSize
 .text.FSFILE_SetSize
                0x00111614       0x28 /opt/devkitpro/libctru/lib/libctru.a(fs.o)
                0x00111614                FSFILE_SetSize
 .text.FSFILE_Close
                0x0011163c       0x3c /opt/devkitpro/libctru/lib/libctru.a(fs.o)
                0x0011163c                FSFILE_Close
 .text.FSFILE_Flush
                0x00111678       0x24 /opt/devkitpro/libctru/lib/libctru.a(fs.o)
                0x00111678                FSFILE_Flush
 .text.FSDIR_Read
                0x0011169c       0x60 /opt/devkitpro/libctru/lib/libctru.a(fs.o)
                0x0011169c                FSDIR_Read
 .text.FSDIR_Close
                0x001116fc       0x3c /opt/devkitpro/libctru/lib/libctru.a(fs.o)
                0x001116fc                FSDIR_Close
 .text.gspHardwareInit
                0x00111738      0xc70 /opt/devkitpro/libctru/lib/libctru.a(gspgpu.o)
 .text.gspInit  0x001123a8      0x288 /opt/devkitpro/libctru/lib/libctru.a(gspgpu.o)
                0x001123a8                gspInit
 .text.gspExit  0x00112630      0x104 /opt/devkitpro/libctru/lib/libctru.a(gspgpu.o)
                0x00112630                gspExit
 .text.gspHasGpuRight
                0x00112734       0x10 /opt/devkitpro/libctru/lib/libctru.a(gspgpu.o)
                0x00112734                gspHasGpuRight
 .text.gspPresentBuffer
                0x00112744       0xa4 /opt/devkitpro/libctru/lib/libctru.a(gspgpu.o)
                0x00112744                gspPresentBuffer
 .text.gspSetEventCallback
                0x001127e8       0x30 /opt/devkitpro/libctru/lib/libctru.a(gspgpu.o)
                0x001127e8                gspSetEventCallback
 .text.gspWaitForEvent
                0x00112818       0x50 /opt/devkitpro/libctru/lib/libctru.a(gspgpu.o)
                0x00112818                gspWaitForEvent
 .text.gspWaitForAnyEvent
                0x00112868       0x4c /opt/devkitpro/libctru/lib/libctru.a(gspgpu.o)
                0x00112868                gspWaitForAnyEvent
 .text.gspEventThreadMain
                0x001128b4      0x154 /opt/devkitpro/libctru/lib/libctru.a(gspgpu.o)
 .text.gspSubmitGxCommand
                0x00112a08      0x12c /opt/devkitpro/libctru/lib/libctru.a(gspgpu.o)
                0x00112a08                gspSubmitGxCommand
 .text.GSPGPU_FlushDataCache
                0x00112b34       0x50 /opt/devkitpro/libctru/lib/libctru.a(gspgpu.o)
                0x00112b34                GSPGPU_FlushDataCache
 .text.GSPGPU_SetLcdForceBlack
                0x00112b84       0x34 /opt/devkitpro/libctru/lib/libctru.a(gspgpu.o)
                0x00112b84                GSPGPU_SetLcdForceBlack
 .text.GSPGPU_AcquireRight
                0x00112bb8       0x84 /opt/devkitpro/libctru/lib/libctru.a(gspgpu.o)
                0x00112bb8                GSPGPU_AcquireRight
 .text.GSPGPU_ReleaseRight
                0x00112c3c       0x64 /opt/devkitpro/libctru/lib/libctru.a(gspgpu.o)
                0x00112c3c                GSPGPU_ReleaseRight
 .text.GSPGPU_ImportDisplayCaptureInfo
                0x00112ca0       0x7c /opt/devkitpro/libctru/lib/libctru.a(gspgpu.o)
                0x00112ca0                GSPGPU_ImportDisplayCaptureInfo
 .text.GSPGPU_SaveVramSysArea
                0x00112d1c       0x2c /opt/devkitpro/libctru/lib/libctru.a(gspgpu.o)
                0x00112d1c                GSPGPU_SaveVramSysArea
 .text.GSPGPU_RestoreVramSysArea
                0x00112d48       0x2c /opt/devkitpro/libctru/lib/libctru.a(gspgpu.o)
                0x00112d48                GSPGPU_RestoreVramSysArea
 .text.hidShouldUseIrrst
                0x00112d74       0x24 /opt/devkitpro/libctru/lib/libctru.a(hid.o)
                0x00112d74                hidShouldUseIrrst
 .text.hidInit  0x00112d98      0x1cc /opt/devkitpro/libctru/lib/libctru.a(hid.o)
                0x00112d98                hidInit
 .text.hidExit  0x00112f64       0xe8 /opt/devkitpro/libctru/lib/libctru.a(hid.o)
                0x00112f64                hidExit
 .text.hidScanInput
                0x0011304c      0x2a0 /opt/devkitpro/libctru/lib/libctru.a(hid.o)
                0x0011304c                hidScanInput
 .text.hidKeysDown
                0x001132ec       0x10 /opt/devkitpro/libctru/lib/libctru.a(hid.o)
                0x001132ec                hidKeysDown
 .text.irrstInit
                0x001132fc      0x1a4 /opt/devkitpro/libctru/lib/libctru.a(irrst.o)
                0x001132fc                irrstInit
 .text.irrstExit
                0x001134a0       0xdc /opt/devkitpro/libctru/lib/libctru.a(irrst.o)
                0x001134a0                irrstExit
 .text.irrstScanInput
                0x0011357c       0xb4 /opt/devkitpro/libctru/lib/libctru.a(irrst.o)
                0x0011357c                irrstScanInput
 .text.irrstKeysHeld
                0x00113630       0x24 /opt/devkitpro/libctru/lib/libctru.a(irrst.o)
                0x00113630                irrstKeysHeld
 .text.ptmSysmInit
                0x00113654       0x78 /opt/devkitpro/libctru/lib/libctru.a(ptmsysm.o)
                0x00113654                ptmSysmInit
 .text.ptmSysmExit
                0x001136cc       0x3c /opt/devkitpro/libctru/lib/libctru.a(ptmsysm.o)
                0x001136cc                ptmSysmExit
 .text.PTMSYSM_ConfigureNew3DSCPU
                0x00113708       0x34 /opt/devkitpro/libctru/lib/libctru.a(ptmsysm.o)
                0x00113708                PTMSYSM_ConfigureNew3DSCPU
 .text.buffer_read
                0x0011373c       0xe0 /opt/devkitpro/libctru/lib/libctru.a(decompress.o)
 .text.iov_read
                0x0011381c       0xcc /opt/devkitpro/libctru/lib/libctru.a(decompress.o)
 .text.iov_memmove
                0x001138e8      0x164 /opt/devkitpro/libctru/lib/libctru.a(decompress.o)
 .text.decompress_rle
                0x00113a4c      0x1e0 /opt/devkitpro/libctru/lib/libctru.a(decompress.o)
 .text.decompress_lzss
                0x00113c2c      0x264 /opt/devkitpro/libctru/lib/libctru.a(decompress.o)
 .text.decompress_lz11
                0x00113e90      0x418 /opt/devkitpro/libctru/lib/libctru.a(decompress.o)
 .text.decompress_huff.isra.0
                0x001142a8      0x33c /opt/devkitpro/libctru/lib/libctru.a(decompress.o)
 .text.decompressCallback_Stdio
                0x001145e4       0x10 /opt/devkitpro/libctru/lib/libctru.a(decompress.o)
                0x001145e4                decompressCallback_Stdio
 .text.decompressHeader
                0x001145f4       0xe4 /opt/devkitpro/libctru/lib/libctru.a(decompress.o)
                0x001145f4                decompressHeader
 .text.decompressV
                0x001146d8      0x21c /opt/devkitpro/libctru/lib/libctru.a(decompress.o)
                0x001146d8                decompressV
 .text.rbtree_find
                0x001148f4       0x74 /opt/devkitpro/libctru/lib/libctru.a(rbtree_find.o)
                0x001148f4                rbtree_find
 .text.rbtree_init
                0x00114968       0x10 /opt/devkitpro/libctru/lib/libctru.a(rbtree_init.o)
                0x00114968                rbtree_init
 .text.do_insert
                0x00114978      0x198 /opt/devkitpro/libctru/lib/libctru.a(rbtree_insert.o)
 .text.rbtree_insert
                0x00114b10        0x8 /opt/devkitpro/libctru/lib/libctru.a(rbtree_insert.o)
                0x00114b10                rbtree_insert
 .text.rbtree_remove
                0x00114b18      0x310 /opt/devkitpro/libctru/lib/libctru.a(rbtree_remove.o)
                0x00114b18                rbtree_remove
 .text.rbtree_rotate
                0x00114e28       0x90 /opt/devkitpro/libctru/lib/libctru.a(rbtree_rotate.o)
                0x00114e28                rbtree_rotate
 .text.decode_utf8
                0x00114eb8      0x140 /opt/devkitpro/libctru/lib/libctru.a(decode_utf8.o)
                0x00114eb8                decode_utf8
 .text.utf16_to_utf8
                0x00114ff8       0xe8 /opt/devkitpro/libctru/lib/libctru.a(utf16_to_utf8.o)
                0x00114ff8                utf16_to_utf8
 .text.utf8_to_utf16
                0x001150e0       0xc0 /opt/devkitpro/libctru/lib/libctru.a(utf8_to_utf16.o)
                0x001150e0                utf8_to_utf16
 .text.__system_allocateHeaps
                0x001151a0      0x1e8 /opt/devkitpro/libctru/lib/libctru.a(allocateHeaps.o)
                0x001151a0                __system_allocateHeaps
 .text.__libctru_init
                0x00115388       0x38 /opt/devkitpro/libctru/lib/libctru.a(ctru_init.o)
                0x00115388                __libctru_init
 .text.__system_initArgv
                0x001153c0      0x16c /opt/devkitpro/libctru/lib/libctru.a(initArgv.o)
                0x001153c0                __system_initArgv
 .text.__syscall_getreent
                0x0011552c       0x30 /opt/devkitpro/libctru/lib/libctru.a(syscalls.o)
                0x0011552c                __syscall_getreent
 .text.__syscall_gettod_r
                0x0011555c       0x64 /opt/devkitpro/libctru/lib/libctru.a(syscalls.o)
                0x0011555c                __syscall_gettod_r
 .text.__syscall_lock_acquire
                0x001155c0        0x4 /opt/devkitpro/libctru/lib/libctru.a(syscalls.o)
                0x001155c0                __syscall_lock_acquire
 .text.__syscall_lock_release
                0x001155c4        0x4 /opt/devkitpro/libctru/lib/libctru.a(syscalls.o)
                0x001155c4                __syscall_lock_release
 .text.__syscall_lock_acquire_recursive
                0x001155c8        0x4 /opt/devkitpro/libctru/lib/libctru.a(syscalls.o)
                0x001155c8                __syscall_lock_acquire_recursive
 .text.__syscall_lock_release_recursive
                0x001155cc        0x4 /opt/devkitpro/libctru/lib/libctru.a(syscalls.o)
                0x001155cc                __syscall_lock_release_recursive
 .text.__syscall_exit
                0x001155d0        0x4 /opt/devkitpro/libctru/lib/libctru.a(syscalls.o)
                0x001155d0                __syscall_exit
 .text.initThreadVars
                0x001155d4       0x54 /opt/devkitpro/libctru/lib/libctru.a(syscalls.o)
                0x001155d4                initThreadVars
 .text.__system_initSyscalls
                0x00115628       0x80 /opt/devkitpro/libctru/lib/libctru.a(syscalls.o)
                0x00115628                __system_initSyscalls
 .text.svcControlMemory
                0x001156a8       0x20 /opt/devkitpro/libctru/lib/libctru.a(svc.o)
                0x001156a8                svcControlMemory
 .text.svcQueryMemory
                0x001156c8       0x30 /opt/devkitpro/libctru/lib/libctru.a(svc.o)
                0x001156c8                svcQueryMemory
 .text.svcExitProcess
                0x001156f8        0x8 /opt/devkitpro/libctru/lib/libctru.a(svc.o)
                0x001156f8                svcExitProcess
 .text.svcCreateThread
                0x00115700       0x20 /opt/devkitpro/libctru/lib/libctru.a(svc.o)
                0x00115700                svcCreateThread
 .text.svcExitThread
                0x00115720        0x8 /opt/devkitpro/libctru/lib/libctru.a(svc.o)
                0x00115720                svcExitThread
 .text.svcSleepThread
                0x00115728        0x8 /opt/devkitpro/libctru/lib/libctru.a(svc.o)
                0x00115728                svcSleepThread
 .text.svcGetThreadPriority
                0x00115730       0x14 /opt/devkitpro/libctru/lib/libctru.a(svc.o)
                0x00115730                svcGetThreadPriority
 .text.svcReleaseMutex
                0x00115744        0x8 /opt/devkitpro/libctru/lib/libctru.a(svc.o)
                0x00115744                svcReleaseMutex
 .text.svcCreateEvent
                0x0011574c       0x14 /opt/devkitpro/libctru/lib/libctru.a(svc.o)
                0x0011574c                svcCreateEvent
 .text.svcSignalEvent
                0x00115760        0x8 /opt/devkitpro/libctru/lib/libctru.a(svc.o)
                0x00115760                svcSignalEvent
 .text.svcClearEvent
                0x00115768        0x8 /opt/devkitpro/libctru/lib/libctru.a(svc.o)
                0x00115768                svcClearEvent
 .text.svcMapMemoryBlock
                0x00115770        0x8 /opt/devkitpro/libctru/lib/libctru.a(svc.o)
                0x00115770                svcMapMemoryBlock
 .text.svcUnmapMemoryBlock
                0x00115778        0x8 /opt/devkitpro/libctru/lib/libctru.a(svc.o)
                0x00115778                svcUnmapMemoryBlock
 .text.svcCreateAddressArbiter
                0x00115780       0x14 /opt/devkitpro/libctru/lib/libctru.a(svc.o)
                0x00115780                svcCreateAddressArbiter
 .text.svcArbitrateAddressNoTimeout
                0x00115794        0x8 /opt/devkitpro/libctru/lib/libctru.a(svc.o)
                0x00115794                svcArbitrateAddressNoTimeout
 .text.svcCloseHandle
                0x0011579c        0x8 /opt/devkitpro/libctru/lib/libctru.a(svc.o)
                0x0011579c                svcCloseHandle
 .text.svcWaitSynchronization
                0x001157a4        0x8 /opt/devkitpro/libctru/lib/libctru.a(svc.o)
                0x001157a4                svcWaitSynchronization
 .text.svcWaitSynchronizationN
                0x001157ac       0x28 /opt/devkitpro/libctru/lib/libctru.a(svc.o)
                0x001157ac                svcWaitSynchronizationN
 .text.svcDuplicateHandle
                0x001157d4       0x14 /opt/devkitpro/libctru/lib/libctru.a(svc.o)
                0x001157d4                svcDuplicateHandle
 .text.svcGetSystemTick
                0x001157e8        0x8 /opt/devkitpro/libctru/lib/libctru.a(svc.o)
                0x001157e8                svcGetSystemTick
 .text.svcConnectToPort
                0x001157f0       0x14 /opt/devkitpro/libctru/lib/libctru.a(svc.o)
                0x001157f0                svcConnectToPort
 .text.svcSendSyncRequest
                0x00115804        0x8 /opt/devkitpro/libctru/lib/libctru.a(svc.o)
                0x00115804                svcSendSyncRequest
 .text.svcGetResourceLimit
                0x0011580c       0x14 /opt/devkitpro/libctru/lib/libctru.a(svc.o)
                0x0011580c                svcGetResourceLimit
 .text.svcGetResourceLimitLimitValues
                0x00115820        0x8 /opt/devkitpro/libctru/lib/libctru.a(svc.o)
                0x00115820                svcGetResourceLimitLimitValues
 .text.svcGetResourceLimitCurrentValues
                0x00115828        0x8 /opt/devkitpro/libctru/lib/libctru.a(svc.o)
                0x00115828                svcGetResourceLimitCurrentValues
 .text.svcBreak
                0x00115830        0x8 /opt/devkitpro/libctru/lib/libctru.a(svc.o)
                0x00115830                svcBreak
 .text.__aeabi_read_tp
                0x00115838        0xc /opt/devkitpro/libctru/lib/libctru.a(readtp.o)
                0x00115838                __aeabi_read_tp
 .text.initSystem
                0x00115844       0x50 /opt/devkitpro/libctru/lib/libctru.a(stack_adjust.o)
                0x00115844                initSystem
 .text.__ctru_exit
                0x00115894       0x14 /opt/devkitpro/libctru/lib/libctru.a(stack_adjust.o)
                0x00115894                __ctru_exit
 .text.envGetHandle
                0x001158a8       0x8c /opt/devkitpro/libctru/lib/libctru.a(env.o)
                0x001158a8                envGetHandle
 .text.envDestroyHandles
                0x00115934       0x50 /opt/devkitpro/libctru/lib/libctru.a(env.o)
                0x00115934                envDestroyHandles
 .text.srvInit  0x00115984      0x164 /opt/devkitpro/libctru/lib/libctru.a(srv.o)
                0x00115984                srvInit
 .text.srvExit  0x00115ae8       0x64 /opt/devkitpro/libctru/lib/libctru.a(srv.o)
                0x00115ae8                srvExit
 .text.srvEnableNotification
                0x00115b4c       0x60 /opt/devkitpro/libctru/lib/libctru.a(srv.o)
                0x00115b4c                srvEnableNotification
 .text.srvGetServiceHandleDirect
                0x00115bac       0xa0 /opt/devkitpro/libctru/lib/libctru.a(srv.o)
                0x00115bac                srvGetServiceHandleDirect
 .text.srvGetServiceHandle
                0x00115c4c       0x48 /opt/devkitpro/libctru/lib/libctru.a(srv.o)
                0x00115c4c                srvGetServiceHandle
 .text.srvSubscribe
                0x00115c94       0x34 /opt/devkitpro/libctru/lib/libctru.a(srv.o)
                0x00115c94                srvSubscribe
 .text.srvReceiveNotification
                0x00115cc8       0x60 /opt/devkitpro/libctru/lib/libctru.a(srv.o)
                0x00115cc8                srvReceiveNotification
 .text.srvPublishToSubscriber
                0x00115d28       0x38 /opt/devkitpro/libctru/lib/libctru.a(srv.o)
                0x00115d28                srvPublishToSubscriber
 .text.mappableFindAddressWithin
                0x00115d60       0x90 /opt/devkitpro/libctru/lib/libctru.a(mappable.o)
 .text.mappableInit
                0x00115df0       0x28 /opt/devkitpro/libctru/lib/libctru.a(mappable.o)
                0x00115df0                mappableInit
 .text.mappableAlloc
                0x00115e18       0x7c /opt/devkitpro/libctru/lib/libctru.a(mappable.o)
                0x00115e18                mappableAlloc
 .text.mappableFree
                0x00115e94        0x4 /opt/devkitpro/libctru/lib/libctru.a(mappable.o)
                0x00115e94                mappableFree
 .text.srvPmGetSessionHandle
                0x00115e98        0xc /opt/devkitpro/libctru/lib/libctru.a(srvpm.o)
                0x00115e98                srvPmGetSessionHandle
 .text.rbtree_node_next
                0x00115ea4       0x60 /opt/devkitpro/libctru/lib/libctru.a(rbtree_iterator.o)
                0x00115ea4                rbtree_node_next
 .text.decode_utf16
                0x00115f04       0x54 /opt/devkitpro/libctru/lib/libctru.a(decode_utf16.o)
                0x00115f04                decode_utf16
 .text.encode_utf16
                0x00115f58       0x54 /opt/devkitpro/libctru/lib/libctru.a(encode_utf16.o)
                0x00115f58                encode_utf16
 .text.encode_utf8
                0x00115fac       0xe0 /opt/devkitpro/libctru/lib/libctru.a(encode_utf8.o)
                0x00115fac                encode_utf8
 .text.__appExit
                0x0011608c       0x30 /opt/devkitpro/libctru/lib/libctru.a(appExit.o)
                0x0011608c                __appExit
 .text.__appInit
                0x001160bc       0x30 /opt/devkitpro/libctru/lib/libctru.a(appInit.o)
                0x001160bc                __appInit
 .text.__libctru_exit
                0x001160ec       0x90 /opt/devkitpro/libctru/lib/libctru.a(ctru_exit.o)
                0x001160ec                __libctru_exit
 .text.error_cmp
                0x0011617c       0x24 /opt/devkitpro/libctru/lib/libctru.a(archive_dev.o)
 .text.archive_translate_error
                0x001161a0       0x50 /opt/devkitpro/libctru/lib/libctru.a(archive_dev.o)
 .text.archive_seek
                0x001161f0       0xc0 /opt/devkitpro/libctru/lib/libctru.a(archive_dev.o)
 .text._archiveInit.part.0
                0x001162b0       0x78 /opt/devkitpro/libctru/lib/libctru.a(archive_dev.o)
 .text.archiveFindDevice.part.0
                0x00116328      0x110 /opt/devkitpro/libctru/lib/libctru.a(archive_dev.o)
 .text.archive_utf16path
                0x00116438      0x298 /opt/devkitpro/libctru/lib/libctru.a(archive_dev.o)
 .text._archiveUnmountDeviceStruct.part.0
                0x001166d0       0x98 /opt/devkitpro/libctru/lib/libctru.a(archive_dev.o)
 .text._archiveMountDevice
                0x00116768      0x178 /opt/devkitpro/libctru/lib/libctru.a(archive_dev.o)
 .text.archive_diropen
                0x001168e0       0xf8 /opt/devkitpro/libctru/lib/libctru.a(archive_dev.o)
 .text.archive_fstat
                0x001169d8       0xac /opt/devkitpro/libctru/lib/libctru.a(archive_dev.o)
 .text.archive_fsync
                0x00116a84       0x74 /opt/devkitpro/libctru/lib/libctru.a(archive_dev.o)
 .text.archive_close
                0x00116af8       0x74 /opt/devkitpro/libctru/lib/libctru.a(archive_dev.o)
 .text.archive_dirclose
                0x00116b6c       0x78 /opt/devkitpro/libctru/lib/libctru.a(archive_dev.o)
 .text.sdmc_statvfs
                0x00116be4       0xec /opt/devkitpro/libctru/lib/libctru.a(archive_dev.o)
 .text.archive_chdir
                0x00116cd0       0xf8 /opt/devkitpro/libctru/lib/libctru.a(archive_dev.o)
 .text.archive_ftruncate
                0x00116dc8       0x8c /opt/devkitpro/libctru/lib/libctru.a(archive_dev.o)
 .text.archive_read
                0x00116e54       0xbc /opt/devkitpro/libctru/lib/libctru.a(archive_dev.o)
 .text.archive_unlink
                0x00116f10       0xa8 /opt/devkitpro/libctru/lib/libctru.a(archive_dev.o)
 .text.archive_rmdir
                0x00116fb8       0xc0 /opt/devkitpro/libctru/lib/libctru.a(archive_dev.o)
 .text.archive_mkdir
                0x00117078       0xd8 /opt/devkitpro/libctru/lib/libctru.a(archive_dev.o)
 .text.archive_stat
                0x00117150      0x1a0 /opt/devkitpro/libctru/lib/libctru.a(archive_dev.o)
 .text.archive_dirnext
                0x001172f0      0x164 /opt/devkitpro/libctru/lib/libctru.a(archive_dev.o)
 .text.archive_write
                0x00117454      0x13c /opt/devkitpro/libctru/lib/libctru.a(archive_dev.o)
 .text.archive_open
                0x00117590      0x254 /opt/devkitpro/libctru/lib/libctru.a(archive_dev.o)
 .text.archive_rename
                0x001177e4      0x270 /opt/devkitpro/libctru/lib/libctru.a(archive_dev.o)
 .text.archiveMountSdmc
                0x00117a54      0x1c8 /opt/devkitpro/libctru/lib/libctru.a(archive_dev.o)
                0x00117a54                archiveMountSdmc
 .text.archiveUnmountAll
                0x00117c1c       0x54 /opt/devkitpro/libctru/lib/libctru.a(archive_dev.o)
                0x00117c1c                archiveUnmountAll
 .text._get_next_page
                0x00117c70      0x124 /opt/devkitpro/portlibs/3ds/lib/libvorbisidec.a(vorbisfile.o)
 .text._initial_pcmoffset
                0x00117d94      0x104 /opt/devkitpro/portlibs/3ds/lib/libvorbisidec.a(vorbisfile.o)
 .text._seek_helper
                0x00117e98       0x80 /opt/devkitpro/portlibs/3ds/lib/libvorbisidec.a(vorbisfile.o)
 .text._fseek64_wrap
                0x00117f18       0x1c /opt/devkitpro/portlibs/3ds/lib/libvorbisidec.a(vorbisfile.o)
 .text._make_decode_ready
                0x00117f34       0x98 /opt/devkitpro/portlibs/3ds/lib/libvorbisidec.a(vorbisfile.o)
 .text._get_prev_page_serial
                0x00117fcc      0x208 /opt/devkitpro/portlibs/3ds/lib/libvorbisidec.a(vorbisfile.o)
 .text._fetch_headers
                0x001181d4      0x354 /opt/devkitpro/portlibs/3ds/lib/libvorbisidec.a(vorbisfile.o)
 .text._bisect_forward_serialno
                0x00118528      0x538 /opt/devkitpro/portlibs/3ds/lib/libvorbisidec.a(vorbisfile.o)
 .text._fetch_and_process_packet.constprop.10
                0x00118a60      0x36c /opt/devkitpro/portlibs/3ds/lib/libvorbisidec.a(vorbisfile.o)
 .text.ov_clear
                0x00118dcc       0xf4 /opt/devkitpro/portlibs/3ds/lib/libvorbisidec.a(vorbisfile.o)
                0x00118dcc                ov_clear
 .text._ov_open1
                0x00118ec0      0x214 /opt/devkitpro/portlibs/3ds/lib/libvorbisidec.a(vorbisfile.o)
 .text.ov_pcm_total
                0x001190d4       0x4c /opt/devkitpro/portlibs/3ds/lib/libvorbisidec.a(vorbisfile.o)
                0x001190d4                ov_pcm_total
 .text.ov_pcm_total.part.3
                0x00119120       0x58 /opt/devkitpro/portlibs/3ds/lib/libvorbisidec.a(vorbisfile.o)
 .text.ov_raw_seek
                0x00119178      0x49c /opt/devkitpro/portlibs/3ds/lib/libvorbisidec.a(vorbisfile.o)
                0x00119178                ov_raw_seek
 .text._open_seekable2
                0x00119614      0x1ac /opt/devkitpro/portlibs/3ds/lib/libvorbisidec.a(vorbisfile.o)
 .text.ov_open_callbacks
                0x001197c0       0xa0 /opt/devkitpro/portlibs/3ds/lib/libvorbisidec.a(vorbisfile.o)
                0x001197c0                ov_open_callbacks
 .text.ov_open  0x00119860       0x4c /opt/devkitpro/portlibs/3ds/lib/libvorbisidec.a(vorbisfile.o)
                0x00119860                ov_open
 .text.ov_info  0x001198ac       0x58 /opt/devkitpro/portlibs/3ds/lib/libvorbisidec.a(vorbisfile.o)
                0x001198ac                ov_info
 .text.ov_read  0x00119904      0x17c /opt/devkitpro/portlibs/3ds/lib/libvorbisidec.a(vorbisfile.o)
                0x00119904                ov_read
 .text.vorbis_block_init
                0x00119a80       0x24 /opt/devkitpro/portlibs/3ds/lib/libvorbisidec.a(block.o)
                0x00119a80                vorbis_block_init
 .text._vorbis_block_alloc
                0x00119aa4       0x74 /opt/devkitpro/portlibs/3ds/lib/libvorbisidec.a(block.o)
                0x00119aa4                _vorbis_block_alloc
 .text._vorbis_block_ripcord
                0x00119b18       0x78 /opt/devkitpro/portlibs/3ds/lib/libvorbisidec.a(block.o)
                0x00119b18                _vorbis_block_ripcord
 .text.vorbis_block_clear
                0x00119b90       0x34 /opt/devkitpro/portlibs/3ds/lib/libvorbisidec.a(block.o)
                0x00119b90                vorbis_block_clear
 .text.vorbis_synthesis_restart
                0x00119bc4       0x78 /opt/devkitpro/portlibs/3ds/lib/libvorbisidec.a(block.o)
                0x00119bc4                vorbis_synthesis_restart
 .text.vorbis_dsp_clear
                0x00119c3c      0x124 /opt/devkitpro/portlibs/3ds/lib/libvorbisidec.a(block.o)
                0x00119c3c                vorbis_dsp_clear
 .text.vorbis_synthesis_init
                0x00119d60      0x2cc /opt/devkitpro/portlibs/3ds/lib/libvorbisidec.a(block.o)
                0x00119d60                vorbis_synthesis_init
 .text.vorbis_synthesis_blockin
                0x0011a02c      0x650 /opt/devkitpro/portlibs/3ds/lib/libvorbisidec.a(block.o)
                0x0011a02c                vorbis_synthesis_blockin
 .text.vorbis_synthesis_pcmout
                0x0011a67c       0x74 /opt/devkitpro/portlibs/3ds/lib/libvorbisidec.a(block.o)
                0x0011a67c                vorbis_synthesis_pcmout
 .text.vorbis_synthesis_read
                0x0011a6f0       0x30 /opt/devkitpro/portlibs/3ds/lib/libvorbisidec.a(block.o)
                0x0011a6f0                vorbis_synthesis_read
 .text._vorbis_window
                0x0011a720       0xb8 /opt/devkitpro/portlibs/3ds/lib/libvorbisidec.a(window.o)
                0x0011a720                _vorbis_window
 .text._vorbis_apply_window
                0x0011a7d8      0x164 /opt/devkitpro/portlibs/3ds/lib/libvorbisidec.a(window.o)
                0x0011a7d8                _vorbis_apply_window
 .text._vorbis_synthesis1
                0x0011a93c      0x1c4 /opt/devkitpro/portlibs/3ds/lib/libvorbisidec.a(synthesis.o)
 .text.vorbis_synthesis
                0x0011ab00        0x8 /opt/devkitpro/portlibs/3ds/lib/libvorbisidec.a(synthesis.o)
                0x0011ab00                vorbis_synthesis
 .text.vorbis_packet_blocksize
                0x0011ab08       0x88 /opt/devkitpro/portlibs/3ds/lib/libvorbisidec.a(synthesis.o)
                0x0011ab08                vorbis_packet_blocksize
 .text.vorbis_comment_init
                0x0011ab90       0x18 /opt/devkitpro/portlibs/3ds/lib/libvorbisidec.a(info.o)
                0x0011ab90                vorbis_comment_init
 .text.vorbis_comment_clear
                0x0011aba8       0x8c /opt/devkitpro/portlibs/3ds/lib/libvorbisidec.a(info.o)
                0x0011aba8                vorbis_comment_clear
 .text.vorbis_info_init
                0x0011ac34       0x40 /opt/devkitpro/portlibs/3ds/lib/libvorbisidec.a(info.o)
                0x0011ac34                vorbis_info_init
 .text.vorbis_info_clear
                0x0011ac74      0x1a8 /opt/devkitpro/portlibs/3ds/lib/libvorbisidec.a(info.o)
                0x0011ac74                vorbis_info_clear
 .text.vorbis_synthesis_idheader
                0x0011ae1c       0xb0 /opt/devkitpro/portlibs/3ds/lib/libvorbisidec.a(info.o)
                0x0011ae1c                vorbis_synthesis_idheader
 .text.vorbis_synthesis_headerin
                0x0011aecc      0x6b0 /opt/devkitpro/portlibs/3ds/lib/libvorbisidec.a(info.o)
                0x0011aecc                vorbis_synthesis_headerin
 .text.vorbis_staticbook_unpack
                0x0011b57c      0x3d0 /opt/devkitpro/portlibs/3ds/lib/libvorbisidec.a(codebook.o)
                0x0011b57c                vorbis_staticbook_unpack
 .text.vorbis_book_decode
                0x0011b94c      0x1b0 /opt/devkitpro/portlibs/3ds/lib/libvorbisidec.a(codebook.o)
                0x0011b94c                vorbis_book_decode
 .text.vorbis_book_decodevs_add
                0x0011bafc      0x550 /opt/devkitpro/portlibs/3ds/lib/libvorbisidec.a(codebook.o)
                0x0011bafc                vorbis_book_decodevs_add
 .text.vorbis_book_decodev_add
                0x0011c04c      0x448 /opt/devkitpro/portlibs/3ds/lib/libvorbisidec.a(codebook.o)
                0x0011c04c                vorbis_book_decodev_add
 .text.vorbis_book_decodev_set
                0x0011c494      0x460 /opt/devkitpro/portlibs/3ds/lib/libvorbisidec.a(codebook.o)
                0x0011c494                vorbis_book_decodev_set
 .text.vorbis_book_decodevv_add
                0x0011c8f4      0x424 /opt/devkitpro/portlibs/3ds/lib/libvorbisidec.a(codebook.o)
                0x0011c8f4                vorbis_book_decodevv_add
 .text.bitreverse
                0x0011cd18       0x5c /opt/devkitpro/portlibs/3ds/lib/libvorbisidec.a(sharedbook.o)
 .text.sort32a  0x0011cd74       0x2c /opt/devkitpro/portlibs/3ds/lib/libvorbisidec.a(sharedbook.o)
 .text._ilog    0x0011cda0       0x24 /opt/devkitpro/portlibs/3ds/lib/libvorbisidec.a(sharedbook.o)
                0x0011cda0                _ilog
 .text._make_words
                0x0011cdc4      0x284 /opt/devkitpro/portlibs/3ds/lib/libvorbisidec.a(sharedbook.o)
                0x0011cdc4                _make_words
 .text._book_maptype1_quantvals
                0x0011d048       0xac /opt/devkitpro/portlibs/3ds/lib/libvorbisidec.a(sharedbook.o)
                0x0011d048                _book_maptype1_quantvals
 .text._book_unquantize.part.1
                0x0011d0f4      0x728 /opt/devkitpro/portlibs/3ds/lib/libvorbisidec.a(sharedbook.o)
 .text.vorbis_staticbook_destroy
                0x0011d81c       0x34 /opt/devkitpro/portlibs/3ds/lib/libvorbisidec.a(sharedbook.o)
                0x0011d81c                vorbis_staticbook_destroy
 .text.vorbis_book_clear
                0x0011d850       0x6c /opt/devkitpro/portlibs/3ds/lib/libvorbisidec.a(sharedbook.o)
                0x0011d850                vorbis_book_clear
 .text.vorbis_book_init_decode
                0x0011d8bc      0x4d0 /opt/devkitpro/portlibs/3ds/lib/libvorbisidec.a(sharedbook.o)
                0x0011d8bc                vorbis_book_init_decode
 .text.icomp    0x0011dd8c       0x18 /opt/devkitpro/portlibs/3ds/lib/libvorbisidec.a(floor1.o)
 .text.floor1_inverse2
                0x0011dda4      0x240 /opt/devkitpro/portlibs/3ds/lib/libvorbisidec.a(floor1.o)
 .text.floor1_inverse1
                0x0011dfe4      0x324 /opt/devkitpro/portlibs/3ds/lib/libvorbisidec.a(floor1.o)
 .text.floor1_free_look
                0x0011e308        0xc /opt/devkitpro/portlibs/3ds/lib/libvorbisidec.a(floor1.o)
 .text.floor1_free_info
                0x0011e314        0xc /opt/devkitpro/portlibs/3ds/lib/libvorbisidec.a(floor1.o)
 .text.floor1_look
                0x0011e320      0x208 /opt/devkitpro/portlibs/3ds/lib/libvorbisidec.a(floor1.o)
 .text.floor1_unpack
                0x0011e528      0x31c /opt/devkitpro/portlibs/3ds/lib/libvorbisidec.a(floor1.o)
 .text.floor0_inverse1
                0x0011e844      0x154 /opt/devkitpro/portlibs/3ds/lib/libvorbisidec.a(floor0.o)
 .text.floor0_free_info
                0x0011e998        0xc /opt/devkitpro/portlibs/3ds/lib/libvorbisidec.a(floor0.o)
 .text.floor0_unpack
                0x0011e9a4      0x11c /opt/devkitpro/portlibs/3ds/lib/libvorbisidec.a(floor0.o)
 .text.floor0_free_look
                0x0011eac0       0x38 /opt/devkitpro/portlibs/3ds/lib/libvorbisidec.a(floor0.o)
 .text.floor0_look
                0x0011eaf8      0x244 /opt/devkitpro/portlibs/3ds/lib/libvorbisidec.a(floor0.o)
 .text.vorbis_lsp_to_curve
                0x0011ed3c      0x3e0 /opt/devkitpro/portlibs/3ds/lib/libvorbisidec.a(floor0.o)
                0x0011ed3c                vorbis_lsp_to_curve
 .text.floor0_inverse2
                0x0011f11c       0x6c /opt/devkitpro/portlibs/3ds/lib/libvorbisidec.a(floor0.o)
 .text.res0_free_info
                0x0011f188        0xc /opt/devkitpro/portlibs/3ds/lib/libvorbisidec.a(res012.o)
                0x0011f188                res0_free_info
 .text.res0_unpack
                0x0011f194      0x218 /opt/devkitpro/portlibs/3ds/lib/libvorbisidec.a(res012.o)
                0x0011f194                res0_unpack
 .text.res0_look
                0x0011f3ac      0x2a8 /opt/devkitpro/portlibs/3ds/lib/libvorbisidec.a(res012.o)
                0x0011f3ac                res0_look
 .text._01inverse
                0x0011f654      0x2bc /opt/devkitpro/portlibs/3ds/lib/libvorbisidec.a(res012.o)
 .text.res0_inverse
                0x0011f910       0x68 /opt/devkitpro/portlibs/3ds/lib/libvorbisidec.a(res012.o)
                0x0011f910                res0_inverse
 .text.res1_inverse
                0x0011f978       0x68 /opt/devkitpro/portlibs/3ds/lib/libvorbisidec.a(res012.o)
                0x0011f978                res1_inverse
 .text.res2_inverse
                0x0011f9e0      0x254 /opt/devkitpro/portlibs/3ds/lib/libvorbisidec.a(res012.o)
                0x0011f9e0                res2_inverse
 .text.res0_free_look
                0x0011fc34       0x8c /opt/devkitpro/portlibs/3ds/lib/libvorbisidec.a(res012.o)
                0x0011fc34                res0_free_look
 .text.mapping0_inverse
                0x0011fcc0      0x4a8 /opt/devkitpro/portlibs/3ds/lib/libvorbisidec.a(mapping0.o)
 .text.mapping0_free_info
                0x00120168        0xc /opt/devkitpro/portlibs/3ds/lib/libvorbisidec.a(mapping0.o)
 .text.mapping0_look
                0x00120174      0x140 /opt/devkitpro/portlibs/3ds/lib/libvorbisidec.a(mapping0.o)
 .text.mapping0_unpack
                0x001202b4      0x260 /opt/devkitpro/portlibs/3ds/lib/libvorbisidec.a(mapping0.o)
 .text.mapping0_free_look
                0x00120514       0x90 /opt/devkitpro/portlibs/3ds/lib/libvorbisidec.a(mapping0.o)
 .text.mdct_backward
                0x001205a4     0x1a00 /opt/devkitpro/portlibs/3ds/lib/libvorbisidec.a(mdct.o)
                0x001205a4                mdct_backward
 .text._os_update_crc
                0x00121fa4       0xf0 /opt/devkitpro/portlibs/3ds/lib/libogg.a(framing.o)
 .text._packetout
                0x00122094      0x12c /opt/devkitpro/portlibs/3ds/lib/libogg.a(framing.o)
 .text.ogg_page_bos
                0x001221c0       0x10 /opt/devkitpro/portlibs/3ds/lib/libogg.a(framing.o)
                0x001221c0                ogg_page_bos
 .text.ogg_page_eos
                0x001221d0       0x10 /opt/devkitpro/portlibs/3ds/lib/libogg.a(framing.o)
                0x001221d0                ogg_page_eos
 .text.ogg_page_granulepos
                0x001221e0       0x10 /opt/devkitpro/portlibs/3ds/lib/libogg.a(framing.o)
                0x001221e0                ogg_page_granulepos
 .text.ogg_page_serialno
                0x001221f0        0xc /opt/devkitpro/portlibs/3ds/lib/libogg.a(framing.o)
                0x001221f0                ogg_page_serialno
 .text.ogg_stream_clear
                0x001221fc       0x54 /opt/devkitpro/portlibs/3ds/lib/libogg.a(framing.o)
                0x001221fc                ogg_stream_clear
 .text.ogg_stream_init
                0x00122250       0x90 /opt/devkitpro/portlibs/3ds/lib/libogg.a(framing.o)
                0x00122250                ogg_stream_init
 .text._os_body_expand
                0x001222e0       0x88 /opt/devkitpro/portlibs/3ds/lib/libogg.a(framing.o)
 .text._os_lacing_expand
                0x00122368       0x8c /opt/devkitpro/portlibs/3ds/lib/libogg.a(framing.o)
 .text.ogg_page_checksum_set
                0x001223f4       0x88 /opt/devkitpro/portlibs/3ds/lib/libogg.a(framing.o)
                0x001223f4                ogg_page_checksum_set
 .text.ogg_sync_init
                0x0012247c       0x30 /opt/devkitpro/portlibs/3ds/lib/libogg.a(framing.o)
                0x0012247c                ogg_sync_init
 .text.ogg_sync_clear
                0x001224ac       0x5c /opt/devkitpro/portlibs/3ds/lib/libogg.a(framing.o)
                0x001224ac                ogg_sync_clear
 .text.ogg_sync_buffer
                0x00122508      0x130 /opt/devkitpro/portlibs/3ds/lib/libogg.a(framing.o)
                0x00122508                ogg_sync_buffer
 .text.ogg_sync_wrote
                0x00122638       0x34 /opt/devkitpro/portlibs/3ds/lib/libogg.a(framing.o)
                0x00122638                ogg_sync_wrote
 .text.ogg_sync_pageseek
                0x0012266c      0x210 /opt/devkitpro/portlibs/3ds/lib/libogg.a(framing.o)
                0x0012266c                ogg_sync_pageseek
 .text.ogg_stream_pagein
                0x0012287c      0x380 /opt/devkitpro/portlibs/3ds/lib/libogg.a(framing.o)
                0x0012287c                ogg_stream_pagein
 .text.ogg_sync_reset
                0x00122bfc       0x30 /opt/devkitpro/portlibs/3ds/lib/libogg.a(framing.o)
                0x00122bfc                ogg_sync_reset
 *fill*         0x00122c2c        0x4 
 .text.ogg_stream_reset
                0x00122c30       0x60 /opt/devkitpro/portlibs/3ds/lib/libogg.a(framing.o)
                0x00122c30                ogg_stream_reset
 .text.ogg_stream_reset_serialno
                0x00122c90       0x68 /opt/devkitpro/portlibs/3ds/lib/libogg.a(framing.o)
                0x00122c90                ogg_stream_reset_serialno
 .text.ogg_stream_packetout
                0x00122cf8       0x24 /opt/devkitpro/portlibs/3ds/lib/libogg.a(framing.o)
                0x00122cf8                ogg_stream_packetout
 .text.oggpack_readinit
                0x00122d1c       0x1c /opt/devkitpro/portlibs/3ds/lib/libogg.a(bitwise.o)
                0x00122d1c                oggpack_readinit
 .text.oggpack_look
                0x00122d38       0xd0 /opt/devkitpro/portlibs/3ds/lib/libogg.a(bitwise.o)
                0x00122d38                oggpack_look
 .text.oggpack_adv
                0x00122e08       0x58 /opt/devkitpro/portlibs/3ds/lib/libogg.a(bitwise.o)
                0x00122e08                oggpack_adv
 .text.oggpack_read
                0x00122e60      0x100 /opt/devkitpro/portlibs/3ds/lib/libogg.a(bitwise.o)
                0x00122e60                oggpack_read
 .text.oggpack_bytes
                0x00122f60       0x14 /opt/devkitpro/portlibs/3ds/lib/libogg.a(bitwise.o)
                0x00122f60                oggpack_bytes
 *fill*         0x00122f74        0x4 
 .text.sinf     0x00122f78      0x264 /opt/devkitpro/devkitARM/lib/gcc/arm-none-eabi/15.2.0/../../../../arm-none-eabi/lib/armv6k/fpu/libm.a(libm_a-sinf.o)
                0x00122f78                sinf
 .text.with_errnof
                0x001231dc       0x24 /opt/devkitpro/devkitARM/lib/gcc/arm-none-eabi/15.2.0/../../../../arm-none-eabi/lib/armv6k/fpu/libm.a(libm_a-math_errf.o)
 .text.__math_invalidf
                0x00123200       0x1c /opt/devkitpro/devkitARM/lib/gcc/arm-none-eabi/15.2.0/../../../../arm-none-eabi/lib/armv6k/fpu/libm.a(libm_a-math_errf.o)
                0x00123200                __math_invalidf
 .text.ceilf    0x0012321c       0xc0 /opt/devkitpro/devkitARM/lib/gcc/arm-none-eabi/15.2.0/../../../../arm-none-eabi/lib/armv6k/fpu/libm.a(libm_a-sf_ceil.o)
                0x0012321c                ceilf
 *fill*         0x001232dc        0x4 
 .text.cosf     0x001232e0      0x25c /opt/devkitpro/devkitARM/lib/gcc/arm-none-eabi/15.2.0/../../../../arm-none-eabi/lib/armv6k/fpu/libm.a(libm_a-cosf.o)
                0x001232e0                cosf
 .text.__udivmoddi4
                0x0012353c      0x130 /opt/devkitpro/devkitARM/lib/gcc/arm-none-eabi/15.2.0/armv6k/fpu/libgcc.a(_udivmoddi4.o)
                0x0012353c                __udivmoddi4
 .text.strncat  0x0012366c       0xe4 /opt/devkitpro/devkitARM/lib/gcc/arm-none-eabi/15.2.0/../../../../arm-none-eabi/lib/armv6k/fpu/libg.a(libc_a-strncat.o)
                0x0012366c                strncat
 .text.ftell    0x00123750       0x34 /opt/devkitpro/devkitARM/lib/gcc/arm-none-eabi/15.2.0/../../../../arm-none-eabi/lib/armv6k/fpu/libg.a(libc_a-ftell.o)
                0x00123750                ftell
 .text.memcpy   0x00123784      0x128 /opt/devkitpro/devkitARM/lib/gcc/arm-none-eabi/15.2.0/../../../../arm-none-eabi/lib/armv6k/fpu/libg.a(libc_a-memcpy-stub.o)
                0x00123784                memcpy
 .text.strlen   0x001238ac       0x8c /opt/devkitpro/devkitARM/lib/gcc/arm-none-eabi/15.2.0/../../../../arm-none-eabi/lib/armv6k/fpu/libg.a(libc_a-strlen.o)
                0x001238ac                strlen
 .text._fread_r
                0x00123938      0x334 /opt/devkitpro/devkitARM/lib/gcc/arm-none-eabi/15.2.0/../../../../arm-none-eabi/lib/armv6k/fpu/libg.a(libc_a-fread.o)
                0x00123938                _fread_r
 .text.fread    0x00123c6c       0x38 /opt/devkitpro/devkitARM/lib/gcc/arm-none-eabi/15.2.0/../../../../arm-none-eabi/lib/armv6k/fpu/libg.a(libc_a-fread.o)
                0x00123c6c                fread
 .text.bsearch  0x00123ca4       0x78 /opt/devkitpro/devkitARM/lib/gcc/arm-none-eabi/15.2.0/../../../../arm-none-eabi/lib/armv6k/fpu/libg.a(libc_a-bsearch.o)
                0x00123ca4                bsearch
 .text._fopen_r
                0x00123d1c      0x134 /opt/devkitpro/devkitARM/lib/gcc/arm-none-eabi/15.2.0/../../../../arm-none-eabi/lib/armv6k/fpu/libg.a(libc_a-fopen.o)
                0x00123d1c                _fopen_r
 .text.fopen    0x00123e50       0x28 /opt/devkitpro/devkitARM/lib/gcc/arm-none-eabi/15.2.0/../../../../arm-none-eabi/lib/armv6k/fpu/libg.a(libc_a-fopen.o)
                0x00123e50                fopen
 .text.memalign
                0x00123e78       0x28 /opt/devkitpro/devkitARM/lib/gcc/arm-none-eabi/15.2.0/../../../../arm-none-eabi/lib/armv6k/fpu/libg.a(libc_a-malign.o)
                0x00123e78                memalign
 .text.printf   0x00123ea0       0x34 /opt/devkitpro/devkitARM/lib/gcc/arm-none-eabi/15.2.0/../../../../arm-none-eabi/lib/armv6k/fpu/libg.a(libc_a-printf.o)
                0x00123ea0                printf
 .text._strtoul_l.isra.0
                0x00123ed4      0x1ec /opt/devkitpro/devkitARM/lib/gcc/arm-none-eabi/15.2.0/../../../../arm-none-eabi/lib/armv6k/fpu/libg.a(libc_a-strtoul.o)