Archive member included to satisfy reference by file (symbol)

/opt/devkitpro/libctru/lib/libcitro2d.a(base.o)
                              main.o (C2D_Init)
/opt/devkitpro/libctru/lib/libcitro2d.a(font.o)
                              main.o (C2D_FontFree)
/opt/devkitpro/libctru/lib/libcitro2d.a(spritesheet.o)
                              main.o (C2D_SpriteSheetLoad)
/opt/devkitpro/libctru/lib/libcitro2d.a(text.o)
                              main.o (C2D_TextBufNew)
/opt/devkitpro/libctru/lib/libcitro2d.a(render2d_shbin.o)
                              /opt/devkitpro/libctru/lib/libcitro2d.a(base.o) (render2d_shbin)
/opt/devkitpro/libctru/lib/libcitro3d.a(attribs.o)
                              /opt/devkitpro/libctru/lib/libcitro2d.a(base.o) (AttrInfo_Init)
/opt/devkitpro/libctru/lib/libcitro3d.a(base.o)
                              /opt/devkitpro/libctru/lib/libcitro3d.a(attribs.o) (__C3D_Context)
/opt/devkitpro/libctru/lib/libcitro3d.a(buffers.o)
                              /opt/devkitpro/libctru/lib/libcitro2d.a(base.o) (BufInfo_Init)
/opt/devkitpro/libctru/lib/libcitro3d.a(drawElements.o)
                              /opt/devkitpro/libctru/lib/libcitro2d.a(base.o) (C3D_DrawElements)
/opt/devkitpro/libctru/lib/libcitro3d.a(effect.o)
                              /opt/devkitpro/libctru/lib/libcitro3d.a(base.o) (C3D_DepthMap)
/opt/devkitpro/libctru/lib/libcitro3d.a(framebuffer.o)
                              /opt/devkitpro/libctru/lib/libcitro3d.a(base.o) (C3Di_FrameBufBind)
/opt/devkitpro/libctru/lib/libcitro3d.a(immediate.o)
                              /opt/devkitpro/libctru/lib/libcitro3d.a(base.o) (C3D_ImmSendAttrib)
/opt/devkitpro/libctru/lib/libcitro3d.a(proctex.o)
                              /opt/devkitpro/libctru/lib/libcitro2d.a(base.o) (C3D_ProcTexInit)
/opt/devkitpro/libctru/lib/libcitro3d.a(renderqueue.o)
                              /opt/devkitpro/libctru/lib/libcitro3d.a(base.o) (C3Di_RenderQueueEnableVBlank)
/opt/devkitpro/libctru/lib/libcitro3d.a(tex3ds.o)
                              /opt/devkitpro/libctru/lib/libcitro2d.a(spritesheet.o) (Tex3DS_TextureImport)
/opt/devkitpro/libctru/lib/libcitro3d.a(texenv.o)
                              /opt/devkitpro/libctru/lib/libcitro2d.a(base.o) (C3D_GetTexEnv)
/opt/devkitpro/libctru/lib/libcitro3d.a(texture.o)
                              /opt/devkitpro/libctru/lib/libcitro3d.a(tex3ds.o) (C3D_TexInitWithParams)
/opt/devkitpro/libctru/lib/libcitro3d.a(uniforms.o)
                              /opt/devkitpro/libctru/lib/libcitro3d.a(base.o) (C3D_UpdateUniforms)
/opt/devkitpro/libctru/lib/libcitro3d.a(mtx_multiply.o)
                              /opt/devkitpro/libctru/lib/libcitro2d.a(base.o) (Mtx_Multiply)
/opt/devkitpro/libctru/lib/libcitro3d.a(mtx_ortho.o)
                              /opt/devkitpro/libctru/lib/libcitro2d.a(base.o) (Mtx_Ortho)
/opt/devkitpro/libctru/lib/libcitro3d.a(mtx_orthotilt.o)
                              /opt/devkitpro/libctru/lib/libcitro2d.a(base.o) (Mtx_OrthoTilt)
/opt/devkitpro/libctru/lib/libcitro3d.a(mtx_rotatez.o)
                              /opt/devkitpro/libctru/lib/libcitro2d.a(base.o) (Mtx_RotateZ)
/opt/devkitpro/libctru/lib/libcitro3d.a(mtx_scale.o)
                              /opt/devkitpro/libctru/lib/libcitro2d.a(base.o) (Mtx_Scale)
/opt/devkitpro/libctru/lib/libcitro3d.a(mtx_translate.o)
                              /opt/devkitpro/libctru/lib/libcitro2d.a(base.o) (Mtx_Translate)
/opt/devkitpro/libctru/lib/libctru.a(linear.o)
                              main.o (linearAlloc)
/opt/devkitpro/libctru/lib/libctru.a(mem_pool.o)
                              /opt/devkitpro/libctru/lib/libctru.a(linear.o) (_ZN7MemPool8AllocateER8MemChunkmi)
/opt/devkitpro/libctru/lib/libctru.a(vram.o)
                              /opt/devkitpro/libctru/lib/libcitro3d.a(renderqueue.o) (vramAlloc)
/opt/devkitpro/libctru/lib/libctru.a(console.o)
                              main.o (consoleInit)
/opt/devkitpro/libctru/lib/libctru.a(font.o)
                              /opt/devkitpro/libctru/lib/libcitro2d.a(font.o) (fontEnsureMapped)
/opt/devkitpro/libctru/lib/libctru.a(gfx.o)
                              /opt/devkitpro/libctru/lib/libcitro2d.a(base.o) (gfxIsWide)
/opt/devkitpro/libctru/lib/libctru.a(os.o)
                              /opt/devkitpro/libctru/lib/libcitro3d.a(buffers.o) (osConvertVirtToPhys)
/opt/devkitpro/libctru/lib/libctru.a(romfs_dev.o)
                              main.o (romfsMountSelf)
/opt/devkitpro/libctru/lib/libctru.a(gpu.o)
                              /opt/devkitpro/libctru/lib/libcitro3d.a(renderqueue.o) (gpuCmdBuf)
/opt/devkitpro/libctru/lib/libctru.a(gx.o)
                              /opt/devkitpro/libctru/lib/libcitro3d.a(renderqueue.o) (GX_BindQueue)
/opt/devkitpro/libctru/lib/libctru.a(gxqueue.o)
                              /opt/devkitpro/libctru/lib/libcitro3d.a(renderqueue.o) (gxCmdQueueClear)
/opt/devkitpro/libctru/lib/libctru.a(shaderProgram.o)
[...]
Memory Configuration

Name             Origin             Length             Attributes
*default*        0x00000000         0xffffffff

Linker script and memory map

                0x00000000                        __sync_synchronize = __sync_synchronize_dmb
                0x00100000                        PROVIDE (__start__ = 0x100000)
                0x00100000                        . = __start__

.text           0x00100000    0x1dbe0
 *(.crt0)
 .crt0          0x00100000       0x94 /opt/devkitpro/devkitARM/lib/gcc/arm-none-eabi/15.2.0/../../../../arm-none-eabi/lib/armv6k/fpu/3dsx_crt0.o
                0x00100000                _start
                0x00100008                __service_ptr
                0x0010000c                __apt_appid
                0x00100010                __heap_size
                0x00100014                __linear_heap_size
                0x00100018                __system_arglist
                0x0010001c                __system_runflags
 *(.init)
 .init          0x00100094        0xc /opt/devkitpro/devkitARM/lib/gcc/arm-none-eabi/15.2.0/armv6k/fpu/crti.o
                0x00100094                _init
 .init          0x001000a0        0xc /opt/devkitpro/devkitARM/lib/gcc/arm-none-eabi/15.2.0/armv6k/fpu/crtn.o
                0x001000ac                        . = ALIGN (0x4)
 *(.text)
 .text          0x001000ac      0x20c /opt/devkitpro/devkitARM/lib/gcc/arm-none-eabi/15.2.0/armv6k/fpu/libgcc.a(_udivsi3.o)
                0x001000ac                __udivsi3
                0x001000ac                __aeabi_uidiv
                0x00100298                __aeabi_uidivmod
 .text          0x001002b8      0x240 /opt/devkitpro/devkitARM/lib/gcc/arm-none-eabi/15.2.0/armv6k/fpu/libgcc.a(_divsi3.o)
                0x001002b8                __aeabi_idiv
                0x001002b8                __divsi3
                0x001004d8                __aeabi_idivmod
 .text          0x001004f8        0x4 /opt/devkitpro/devkitARM/lib/gcc/arm-none-eabi/15.2.0/armv6k/fpu/libgcc.a(_dvmd_tls.o)
                0x001004f8                __aeabi_ldiv0
                0x001004f8                __aeabi_idiv0
 .text          0x001004fc      0x3c0 /opt/devkitpro/devkitARM/lib/gcc/arm-none-eabi/15.2.0/armv6k/fpu/libgcc.a(_arm_addsubdf3.o)
                0x001004fc                __aeabi_drsub
                0x00100504                __aeabi_dsub
                0x00100504                __subdf3
                0x00100508                __adddf3
                0x00100508                __aeabi_dadd
                0x001007b4                __aeabi_ui2d
                0x001007b4                __floatunsidf
                0x001007d8                __floatsidf
                0x001007d8                __aeabi_i2d
                0x00100800                __extendsfdf2
                0x00100800                __aeabi_f2d
                0x00100848                __aeabi_ul2d
                0x00100848                __floatundidf
                0x0010085c                __floatdidf
                0x0010085c                __aeabi_l2d
 .text          0x001008bc       0xd4 /opt/devkitpro/devkitARM/lib/gcc/arm-none-eabi/15.2.0/armv6k/fpu/libgcc.a(_aeabi_ldivmod.o)
                0x001008bc                __aeabi_ldivmod
 *fill*         0x00100990       0x10 
 .text          0x001009a0      0x390 /opt/devkitpro/devkitARM/lib/gcc/arm-none-eabi/15.2.0/../../../../arm-none-eabi/lib/armv6k/fpu/libg.a(libc_a-strcmp.o)
                0x001009a8                strcmp
 *(.text.*)
 .text.__do_global_dtors_aux
                0x00100d30       0x50 /opt/devkitpro/devkitARM/lib/gcc/arm-none-eabi/15.2.0/armv6k/fpu/crtbegin.o
 .text.frame_dummy
                0x00100d80       0x2c /opt/devkitpro/devkitARM/lib/gcc/arm-none-eabi/15.2.0/armv6k/fpu/crtbegin.o
 .text.audioInitWav
                0x00100dac      0x2ec main.o
                0x00100dac                audioInitWav
 .text.drawIntroTextAnimated
                0x00101098      0x164 main.o
                0x00101098                drawIntroTextAnimated
 *fill*         0x001011fc        0x4 
 .text.startup.main
                0x00101200      0x36c main.o
                0x00101200                main
 .text.C2Di_FrameEndHook
                0x0010156c       0x44 /opt/devkitpro/libctru/lib/libcitro2d.a(base.o)
 .text.C2D_Init
                0x001015b0      0x368 /opt/devkitpro/libctru/lib/libcitro2d.a(base.o)
                0x001015b0                C2D_Init
 .text.C2D_Fini
                0x00101918       0x4c /opt/devkitpro/libctru/lib/libcitro2d.a(base.o)
                0x00101918                C2D_Fini
 .text.C2D_Prepare
                0x00101964       0xbc /opt/devkitpro/libctru/lib/libcitro2d.a(base.o)
                0x00101964                C2D_Prepare
 .text.C2D_Flush
                0x00101a20       0x48 /opt/devkitpro/libctru/lib/libcitro2d.a(base.o)
                0x00101a20                C2D_Flush
 .text.C2D_SceneSize
                0x00101a68       0xfc /opt/devkitpro/libctru/lib/libcitro2d.a(base.o)
                0x00101a68                C2D_SceneSize
 .text.C2D_CreateScreenTarget
                0x00101b64       0x60 /opt/devkitpro/libctru/lib/libcitro2d.a(base.o)
                0x00101b64                C2D_CreateScreenTarget
 .text.C2D_TargetClear
                0x00101bc4       0x60 /opt/devkitpro/libctru/lib/libcitro2d.a(base.o)
                0x00101bc4                C2D_TargetClear
 .text.C2Di_CalcQuad
                0x00101c24      0x14c /opt/devkitpro/libctru/lib/libcitro2d.a(base.o)
                0x00101c24                C2Di_CalcQuad
 .text.C2Di_AppendQuad
                0x00101d70       0x54 /opt/devkitpro/libctru/lib/libcitro2d.a(base.o)
                0x00101d70                C2Di_AppendQuad
 .text.C2Di_AppendVtx
                0x00101dc4       0x40 /opt/devkitpro/libctru/lib/libcitro2d.a(base.o)
                0x00101dc4                C2Di_AppendVtx
 .text.C2Di_Update
                0x00101e04      0x738 /opt/devkitpro/libctru/lib/libcitro2d.a(base.o)
                0x00101e04                C2Di_Update
 .text.C2D_DrawImage
                0x0010253c      0x2e8 /opt/devkitpro/libctru/lib/libcitro2d.a(base.o)
                0x0010253c                C2D_DrawImage
 .text.C2D_FontFree
                0x00102824       0x40 /opt/devkitpro/libctru/lib/libcitro2d.a(font.o)
                0x00102824                C2D_FontFree
 .text.C2Di_PostLoadFont
                0x00102864       0xf8 /opt/devkitpro/libctru/lib/libcitro2d.a(font.o)
 .text.C2D_FontLoadFromHandle
                0x0010295c       0xb8 /opt/devkitpro/libctru/lib/libcitro2d.a(font.o)
                0x0010295c                C2D_FontLoadFromHandle
 .text.C2D_FontLoad
                0x00102a14       0x48 /opt/devkitpro/libctru/lib/libcitro2d.a(font.o)
                0x00102a14                C2D_FontLoad
 .text.C2D_FontGlyphIndexFromCodePoint
                0x00102a5c       0x50 /opt/devkitpro/libctru/lib/libcitro2d.a(font.o)
                0x00102a5c                C2D_FontGlyphIndexFromCodePoint
 .text.C2D_FontCalcGlyphPos
                0x00102aac       0x74 /opt/devkitpro/libctru/lib/libcitro2d.a(font.o)
                0x00102aac                C2D_FontCalcGlyphPos
 .text.C2D_SpriteSheetLoadFromHandle
                0x00102b20       0x68 /opt/devkitpro/libctru/lib/libcitro2d.a(spritesheet.o)
                0x00102b20                C2D_SpriteSheetLoadFromHandle
 .text.C2D_SpriteSheetLoad
                0x00102b88       0x48 /opt/devkitpro/libctru/lib/libcitro2d.a(spritesheet.o)
                0x00102b88                C2D_SpriteSheetLoad
 .text.C2D_SpriteSheetFree
                0x00102bd0       0x28 /opt/devkitpro/libctru/lib/libcitro2d.a(spritesheet.o)
                0x00102bd0                C2D_SpriteSheetFree
 .text.C2D_SpriteSheetGetImage
                0x00102bf8       0x28 /opt/devkitpro/libctru/lib/libcitro2d.a(spritesheet.o)
                0x00102bf8                C2D_SpriteSheetGetImage
 .text.C2Di_GlyphComp
                0x00102c20       0x18 /opt/devkitpro/libctru/lib/libcitro2d.a(text.o)
 .text.C2Di_CalcLineWidths
                0x00102c38      0x180 /opt/devkitpro/libctru/lib/libcitro2d.a(text.o)
 .text.C2D_TextBufNew
                0x00102db8      0x1d0 /opt/devkitpro/libctru/lib/libcitro2d.a(text.o)
                0x00102db8                C2D_TextBufNew
 .text.C2D_TextBufDelete
                0x00102f88        0x4 /opt/devkitpro/libctru/lib/libcitro2d.a(text.o)
                0x00102f88                C2D_TextBufDelete
 .text.C2D_TextBufClear
                0x00102f8c        0xc /opt/devkitpro/libctru/lib/libcitro2d.a(text.o)
                0x00102f8c                C2D_TextBufClear
 .text.C2D_TextFontParseLine
                0x00102f98      0x1c4 /opt/devkitpro/libctru/lib/libcitro2d.a(text.o)
                0x00102f98                C2D_TextFontParseLine
 .text.C2D_TextFontParse
                0x0010315c       0xa4 /opt/devkitpro/libctru/lib/libcitro2d.a(text.o)
                0x0010315c                C2D_TextFontParse
 .text.C2D_TextOptimize
                0x00103200       0x30 /opt/devkitpro/libctru/lib/libcitro2d.a(text.o)
                0x00103200                C2D_TextOptimize
 .text.C2D_DrawText
                0x00103230      0xfdc /opt/devkitpro/libctru/lib/libcitro2d.a(text.o)
                0x00103230                C2D_DrawText
 .text.AttrInfo_Init
                0x0010420c       0x28 /opt/devkitpro/libctru/lib/libcitro3d.a(attribs.o)
                0x0010420c                AttrInfo_Init
 .text.AttrInfo_AddLoader
                0x00104234       0x94 /opt/devkitpro/libctru/lib/libcitro3d.a(attribs.o)
                0x00104234                AttrInfo_AddLoader
 .text.C3D_SetAttrInfo
                0x001042c8       0x54 /opt/devkitpro/libctru/lib/libcitro3d.a(attribs.o)
                0x001042c8                C3D_SetAttrInfo
 .text.C3Di_AttrInfoBind
                0x0010431c       0x80 /opt/devkitpro/libctru/lib/libcitro3d.a(attribs.o)
                0x0010431c                C3Di_AttrInfoBind
 .text.C3Di_LightEnvUpdate
                0x0010439c        0x4 /opt/devkitpro/libctru/lib/libcitro3d.a(base.o)
                0x0010439c                C3Di_LightEnvUpdate
 .text.C3Di_LightEnvDirty
                0x001043a0        0x4 /opt/devkitpro/libctru/lib/libcitro3d.a(base.o)
                0x001043a0                C3Di_LightEnvDirty
 .text.C3Di_AptEventHook
                0x001043a4       0xb4 /opt/devkitpro/libctru/lib/libcitro3d.a(base.o)
 .text.C3Di_GasUpdate
                0x00104458        0x4 /opt/devkitpro/libctru/lib/libcitro3d.a(base.o)
                0x00104458                C3Di_GasUpdate
 .text.C3D_Init
                0x0010445c      0x1d0 /opt/devkitpro/libctru/lib/libcitro3d.a(base.o)
                0x0010445c                C3D_Init
 .text.C3D_SetViewport
                0x0010462c       0x98 /opt/devkitpro/libctru/lib/libcitro3d.a(base.o)
                0x0010462c                C3D_SetViewport
 .text.C3D_SetScissor
                0x001046c4       0x4c /opt/devkitpro/libctru/lib/libcitro3d.a(base.o)
                0x001046c4                C3D_SetScissor
 .text.C3Di_UpdateContext
                0x00104710      0x4e8 /opt/devkitpro/libctru/lib/libcitro3d.a(base.o)
                0x00104710                C3Di_UpdateContext
 .text.C3Di_SplitFrame
                0x00104bf8       0xe0 /opt/devkitpro/libctru/lib/libcitro3d.a(base.o)
                0x00104bf8                C3Di_SplitFrame
 .text.C3D_Fini
                0x00104cd8       0x44 /opt/devkitpro/libctru/lib/libcitro3d.a(base.o)
                0x00104cd8                C3D_Fini
 .text.C3D_BindProgram
                0x00104d1c      0x194 /opt/devkitpro/libctru/lib/libcitro3d.a(base.o)
                0x00104d1c                C3D_BindProgram
 .text.BufInfo_Init
                0x00104eb0       0x24 /opt/devkitpro/libctru/lib/libcitro3d.a(buffers.o)
                0x00104eb0                BufInfo_Init
 .text.BufInfo_Add
                0x00104ed4       0x80 /opt/devkitpro/libctru/lib/libcitro3d.a(buffers.o)
                0x00104ed4                BufInfo_Add
 .text.C3D_SetBufInfo
                0x00104f54       0x3c /opt/devkitpro/libctru/lib/libcitro3d.a(buffers.o)
                0x00104f54                C3D_SetBufInfo
 .text.C3Di_BufInfoBind
                0x00104f90       0x48 /opt/devkitpro/libctru/lib/libcitro3d.a(buffers.o)
                0x00104f90                C3Di_BufInfoBind
 .text.C3D_DrawElements
                0x00104fd8      0x21c /opt/devkitpro/libctru/lib/libcitro3d.a(drawElements.o)
                0x00104fd8                C3D_DrawElements
 .text.C3D_DepthMap
                0x001051f4       0x40 /opt/devkitpro/libctru/lib/libcitro3d.a(effect.o)
                0x001051f4                C3D_DepthMap
 .text.C3D_CullFace
                0x00105234       0x1c /opt/devkitpro/libctru/lib/libcitro3d.a(effect.o)
                0x00105234                C3D_CullFace
 .text.C3D_StencilTest
                0x00105250       0x40 /opt/devkitpro/libctru/lib/libcitro3d.a(effect.o)
                0x00105250                C3D_StencilTest
 .text.C3D_StencilOp
                0x00105290       0x24 /opt/devkitpro/libctru/lib/libcitro3d.a(effect.o)
                0x00105290                C3D_StencilOp
 .text.C3D_BlendingColor
                0x001052b4       0x1c /opt/devkitpro/libctru/lib/libcitro3d.a(effect.o)
                0x001052b4                C3D_BlendingColor
 .text.C3D_EarlyDepthTest
                0x001052d0       0x24 /opt/devkitpro/libctru/lib/libcitro3d.a(effect.o)
                0x001052d0                C3D_EarlyDepthTest
 .text.C3D_DepthTest
                0x001052f4       0x2c /opt/devkitpro/libctru/lib/libcitro3d.a(effect.o)
                0x001052f4                C3D_DepthTest
 .text.C3D_AlphaTest
                0x00105320       0x2c /opt/devkitpro/libctru/lib/libcitro3d.a(effect.o)
                0x00105320                C3D_AlphaTest
 .text.C3D_AlphaBlend
                0x0010534c       0x50 /opt/devkitpro/libctru/lib/libcitro3d.a(effect.o)
                0x0010534c                C3D_AlphaBlend
 .text.C3D_FragOpMode
                0x0010539c       0x30 /opt/devkitpro/libctru/lib/libcitro3d.a(effect.o)
                0x0010539c                C3D_FragOpMode
 .text.C3D_FragOpShadow
                0x001053cc       0x44 /opt/devkitpro/libctru/lib/libcitro3d.a(effect.o)
                0x001053cc                C3D_FragOpShadow
 .text.C3Di_EffectBind
                0x00105410      0x1ac /opt/devkitpro/libctru/lib/libcitro3d.a(effect.o)
                0x00105410                C3Di_EffectBind
 .text.C3D_CalcColorBufSize
                0x001055bc       0x1c /opt/devkitpro/libctru/lib/libcitro3d.a(framebuffer.o)
                0x001055bc                C3D_CalcColorBufSize
 .text.C3D_CalcDepthBufSize
                0x001055d8       0x1c /opt/devkitpro/libctru/lib/libcitro3d.a(framebuffer.o)
                0x001055d8                C3D_CalcDepthBufSize
 .text.C3D_SetFrameBuf
                0x001055f4       0x44 /opt/devkitpro/libctru/lib/libcitro3d.a(framebuffer.o)
                0x001055f4                C3D_SetFrameBuf
 .text.C3Di_FrameBufBind
                0x00105638      0x16c /opt/devkitpro/libctru/lib/libcitro3d.a(framebuffer.o)
                0x00105638                C3Di_FrameBufBind
 .text.C3D_FrameBufClear
                0x001057a4       0xc8 /opt/devkitpro/libctru/lib/libcitro3d.a(framebuffer.o)
                0x001057a4                C3D_FrameBufClear
 .text.C3D_FrameBufTransfer
                0x0010586c       0x44 /opt/devkitpro/libctru/lib/libcitro3d.a(framebuffer.o)
                0x0010586c                C3D_FrameBufTransfer
 .text.C3D_ImmSendAttrib
                0x001058b0       0xa8 /opt/devkitpro/libctru/lib/libcitro3d.a(immediate.o)
                0x001058b0                C3D_ImmSendAttrib
 .text.C3D_ProcTexInit
                0x00105958       0x70 /opt/devkitpro/libctru/lib/libcitro3d.a(proctex.o)
                0x00105958                C3D_ProcTexInit
 .text.C3D_ProcTexBind
                0x001059c8       0x54 /opt/devkitpro/libctru/lib/libcitro3d.a(proctex.o)
                0x001059c8                C3D_ProcTexBind
 .text.C3D_ProcTexLutBind
                0x00105a1c       0x5c /opt/devkitpro/libctru/lib/libcitro3d.a(proctex.o)
                0x00105a1c                C3D_ProcTexLutBind
 .text.ProcTexLut_FromArray
                0x00105a78       0xa4 /opt/devkitpro/libctru/lib/libcitro3d.a(proctex.o)
                0x00105a78                ProcTexLut_FromArray
 .text.C3Di_ProcTexUpdate
                0x00105b1c      0x178 /opt/devkitpro/libctru/lib/libcitro3d.a(proctex.o)
                0x00105b1c                C3Di_ProcTexUpdate
 .text.C3Di_ProcTexDirty
                0x00105c94       0x68 /opt/devkitpro/libctru/lib/libcitro3d.a(proctex.o)
                0x00105c94                C3Di_ProcTexDirty
 .text.onVBlank0
                0x00105cfc       0x4c /opt/devkitpro/libctru/lib/libcitro3d.a(renderqueue.o)
 .text.onVBlank1
                0x00105d48       0x4c /opt/devkitpro/libctru/lib/libcitro3d.a(renderqueue.o)
 .text.C3Di_RenderTargetDestroy
                0x00105d94       0x80 /opt/devkitpro/libctru/lib/libcitro3d.a(renderqueue.o)
 .text.onQueueFinish
                0x00105e14       0xf4 /opt/devkitpro/libctru/lib/libcitro3d.a(renderqueue.o)
 .text.C3Di_RenderQueueEnableVBlank
                0x00105f08       0x38 /opt/devkitpro/libctru/lib/libcitro3d.a(renderqueue.o)
                0x00105f08                C3Di_RenderQueueEnableVBlank
 .text.C3Di_RenderQueueDisableVBlank
                0x00105f40       0x30 /opt/devkitpro/libctru/lib/libcitro3d.a(renderqueue.o)
                0x00105f40                C3Di_RenderQueueDisableVBlank
 .text.C3Di_RenderQueueInit
                0x00105f70       0x60 /opt/devkitpro/libctru/lib/libcitro3d.a(renderqueue.o)
                0x00105f70                C3Di_RenderQueueInit
 .text.C3Di_RenderQueueExit
                0x00105fd0       0xb4 /opt/devkitpro/libctru/lib/libcitro3d.a(renderqueue.o)
                0x00105fd0                C3Di_RenderQueueExit
 .text.C3Di_RenderQueueWaitDone
                0x00106084       0x34 /opt/devkitpro/libctru/lib/libcitro3d.a(renderqueue.o)
                0x00106084                C3Di_RenderQueueWaitDone
 .text.C3D_FrameBegin
                0x001060b8       0xe8 /opt/devkitpro/libctru/lib/libcitro3d.a(renderqueue.o)
                0x001060b8                C3D_FrameBegin
 .text.C3D_FrameDrawOn
                0x001061a0       0x48 /opt/devkitpro/libctru/lib/libcitro3d.a(renderqueue.o)
                0x001061a0                C3D_FrameDrawOn
 .text.C3D_FrameSplit
                0x001061e8       0x58 /opt/devkitpro/libctru/lib/libcitro3d.a(renderqueue.o)
                0x001061e8                C3D_FrameSplit
 .text.C3D_FrameEnd
                0x00106240      0x1d0 /opt/devkitpro/libctru/lib/libcitro3d.a(renderqueue.o)
                0x00106240                C3D_FrameEnd
 .text.C3D_FrameEndHook
                0x00106410       0x1c /opt/devkitpro/libctru/lib/libcitro3d.a(renderqueue.o)
                0x00106410                C3D_FrameEndHook
 .text.C3D_RenderTargetCreate
                0x0010642c      0x170 /opt/devkitpro/libctru/lib/libcitro3d.a(renderqueue.o)
                0x0010642c                C3D_RenderTargetCreate
 .text.C3D_RenderTargetSetOutput
                0x0010659c       0xa8 /opt/devkitpro/libctru/lib/libcitro3d.a(renderqueue.o)
                0x0010659c                C3D_RenderTargetSetOutput
 .text.C3D_SyncTextureCopy
                0x00106644       0xfc /opt/devkitpro/libctru/lib/libcitro3d.a(renderqueue.o)
                0x00106644                C3D_SyncTextureCopy
 .text.Tex3DSi_ImportCommon
                0x00106740      0x3d8 /opt/devkitpro/libctru/lib/libcitro3d.a(tex3ds.o)
 .text.Tex3DS_TextureImportStdio
                0x00106b18       0x38 /opt/devkitpro/libctru/lib/libcitro3d.a(tex3ds.o)
                0x00106b18                Tex3DS_TextureImportStdio
 .text.Tex3DS_GetSubTexture
                0x00106b50       0x1c /opt/devkitpro/libctru/lib/libcitro3d.a(tex3ds.o)
                0x00106b50                Tex3DS_GetSubTexture
 .text.Tex3DS_TextureFree
                0x00106b6c        0x4 /opt/devkitpro/libctru/lib/libcitro3d.a(tex3ds.o)
                0x00106b6c                Tex3DS_TextureFree
 .text.C3D_GetTexEnv
                0x00106b70       0x34 /opt/devkitpro/libctru/lib/libcitro3d.a(texenv.o)
                0x00106b70                C3D_GetTexEnv
 .text.C3Di_TexEnvBind
                0x00106ba4       0x24 /opt/devkitpro/libctru/lib/libcitro3d.a(texenv.o)
                0x00106ba4                C3Di_TexEnvBind
 .text.C3D_TexInitWithParams
                0x00106bc8      0x290 /opt/devkitpro/libctru/lib/libcitro3d.a(texture.o)
                0x00106bc8                C3D_TexInitWithParams
 .text.C3D_TexLoadImage
                0x00106e58       0xc8 /opt/devkitpro/libctru/lib/libcitro3d.a(texture.o)
                0x00106e58                C3D_TexLoadImage
 .text.C3D_TexBind
                0x00106f20       0x44 /opt/devkitpro/libctru/lib/libcitro3d.a(texture.o)
                0x00106f20                C3D_TexBind
 .text.C3D_TexDelete
                0x00106f64       0x74 /opt/devkitpro/libctru/lib/libcitro3d.a(texture.o)
                0x00106f64                C3D_TexDelete
 .text.C3Di_SetTex
                0x00106fd8      0x14c /opt/devkitpro/libctru/lib/libcitro3d.a(texture.o)
                0x00106fd8                C3Di_SetTex
 .text.C3D_UpdateUniforms
                0x00107124      0x290 /opt/devkitpro/libctru/lib/libcitro3d.a(uniforms.o)
                0x00107124                C3D_UpdateUniforms
 .text.C3Di_DirtyUniforms
                0x001073b4       0xc0 /opt/devkitpro/libctru/lib/libcitro3d.a(uniforms.o)
                0x001073b4                C3Di_DirtyUniforms
 .text.C3Di_LoadShaderUniforms
                0x00107474       0xd8 /opt/devkitpro/libctru/lib/libcitro3d.a(uniforms.o)
                0x00107474                C3Di_LoadShaderUniforms
 .text.C3Di_ClearShaderUniforms
                0x0010754c       0x28 /opt/devkitpro/libctru/lib/libcitro3d.a(uniforms.o)
                0x0010754c                C3Di_ClearShaderUniforms
 .text.Mtx_Ortho
                0x00107574       0xcc /opt/devkitpro/libctru/lib/libcitro3d.a(mtx_ortho.o)
                0x00107574                Mtx_Ortho
 .text.Mtx_OrthoTilt
                0x00107640       0xcc /opt/devkitpro/libctru/lib/libcitro3d.a(mtx_orthotilt.o)
                0x00107640                Mtx_OrthoTilt
 .text._ZL21addrMapNodeComparatorPK11rbtree_nodeS1_
                0x0010770c       0x24 /opt/devkitpro/libctru/lib/libctru.a(linear.o)
 .text._ZL21addrMapNodeDestructorP11rbtree_node
                0x00107730        0x4 /opt/devkitpro/libctru/lib/libctru.a(linear.o)
 .text.linearMemAlign
                0x00107734      0x12c /opt/devkitpro/libctru/lib/libctru.a(linear.o)
                0x00107734                linearMemAlign
 .text.linearAlloc
                0x00107860        0x8 /opt/devkitpro/libctru/lib/libctru.a(linear.o)
                0x00107860                linearAlloc
 .text.linearFree
                0x00107868       0x5c /opt/devkitpro/libctru/lib/libctru.a(linear.o)
                0x00107868                linearFree
 .text._ZN7MemPool13CoalesceRightEP8MemBlock
                0x001078c4       0x88 /opt/devkitpro/libctru/lib/libctru.a(mem_pool.o)
                0x001078c4                _ZN7MemPool13CoalesceRightEP8MemBlock
 .text._ZN7MemPool8AllocateER8MemChunkmi
                0x0010794c      0x178 /opt/devkitpro/libctru/lib/libctru.a(mem_pool.o)
                0x0010794c                _ZN7MemPool8AllocateER8MemChunkmi
 .text._ZN7MemPool10DeallocateERK8MemChunk
                0x00107ac4      0x118 /opt/devkitpro/libctru/lib/libctru.a(mem_pool.o)
                0x00107ac4                _ZN7MemPool10DeallocateERK8MemChunk
 .text._ZN7MemPool12GetFreeSpaceEv
                0x00107bdc       0x30 /opt/devkitpro/libctru/lib/libctru.a(mem_pool.o)
                0x00107bdc                _ZN7MemPool12GetFreeSpaceEv
 .text._ZL21addrMapNodeComparatorPK11rbtree_nodeS1_
                0x00107c0c       0x24 /opt/devkitpro/libctru/lib/libctru.a(vram.o)
 .text._ZL21addrMapNodeDestructorP11rbtree_node
                0x00107c30        0x4 /opt/devkitpro/libctru/lib/libctru.a(vram.o)
 .text.vramMemAlignAt
                0x00107c34      0x248 /opt/devkitpro/libctru/lib/libctru.a(vram.o)
                0x00107c34                vramMemAlignAt
 .text.vramAlloc
                0x00107e7c        0xc /opt/devkitpro/libctru/lib/libctru.a(vram.o)
                0x00107e7c                vramAlloc
 .text.vramAllocAt
                0x00107e88        0xc /opt/devkitpro/libctru/lib/libctru.a(vram.o)
                0x00107e88                vramAllocAt
 .text.vramFree
                0x00107e94       0x94 /opt/devkitpro/libctru/lib/libctru.a(vram.o)
                0x00107e94                vramFree
 .text.consoleDrawChar
                0x00107f28      0x1c8 /opt/devkitpro/libctru/lib/libctru.a(console.o)
                0x00107f28                consoleDrawChar
 .text.consolePrintChar
                0x001080f0      0x170 /opt/devkitpro/libctru/lib/libctru.a(console.o)
                0x001080f0                consolePrintChar
 .text.con_write
                0x00108260      0xcc8 /opt/devkitpro/libctru/lib/libctru.a(console.o)
                0x00108260                con_write
 .text.newRow   0x00108f28       0xfc /opt/devkitpro/libctru/lib/libctru.a(console.o)
 .text.consoleInit
                0x00109024      0x180 /opt/devkitpro/libctru/lib/libctru.a(console.o)
                0x00109024                consoleInit
 .text.fontEnsureMapped
                0x001091a4       0x9c /opt/devkitpro/libctru/lib/libctru.a(font.o)
                0x001091a4                fontEnsureMapped
 .text.fontFixPointers
                0x00109240       0x7c /opt/devkitpro/libctru/lib/libctru.a(font.o)
                0x00109240                fontFixPointers
 .text.fontGlyphIndexFromCodePoint
                0x001092bc      0x100 /opt/devkitpro/libctru/lib/libctru.a(font.o)
                0x001092bc                fontGlyphIndexFromCodePoint
 .text.fontCalcGlyphPos
                0x001093bc      0x214 /opt/devkitpro/libctru/lib/libctru.a(font.o)
                0x001093bc                fontCalcGlyphPos
 .text.gfxPresentFramebuffer
                0x001095d0       0xcc /opt/devkitpro/libctru/lib/libctru.a(gfx.o)
 .text.gfxIsWide
                0x0010969c       0x1c /opt/devkitpro/libctru/lib/libctru.a(gfx.o)
                0x0010969c                gfxIsWide
 .text.gfxSetScreenFormat
                0x001096b8       0xf8 /opt/devkitpro/libctru/lib/libctru.a(gfx.o)
                0x001096b8                gfxSetScreenFormat
 .text.gfxSetDoubleBuffering
                0x001097b0       0x10 /opt/devkitpro/libctru/lib/libctru.a(gfx.o)
                0x001097b0                gfxSetDoubleBuffering
 .text.gfxInit  0x001097c0       0xd8 /opt/devkitpro/libctru/lib/libctru.a(gfx.o)
                0x001097c0                gfxInit
 .text.gfxInitDefault
                0x00109898       0x10 /opt/devkitpro/libctru/lib/libctru.a(gfx.o)
                0x00109898                gfxInitDefault
 .text.gfxExit  0x001098a8       0xb8 /opt/devkitpro/libctru/lib/libctru.a(gfx.o)
                0x001098a8                gfxExit
 .text.gfxGetFramebuffer
                0x00109960       0xa0 /opt/devkitpro/libctru/lib/libctru.a(gfx.o)
                0x00109960                gfxGetFramebuffer
 .text.gfxFlushBuffers
                0x00109a00      0x100 /opt/devkitpro/libctru/lib/libctru.a(gfx.o)
                0x00109a00                gfxFlushBuffers
 .text.gfxScreenSwapBuffers
                0x00109b00       0x28 /opt/devkitpro/libctru/lib/libctru.a(gfx.o)
                0x00109b00                gfxScreenSwapBuffers
 .text.gfxSwapBuffersGpu
                0x00109b28       0x50 /opt/devkitpro/libctru/lib/libctru.a(gfx.o)
                0x00109b28                gfxSwapBuffersGpu
 .text.osConvertVirtToPhys
                0x00109b78       0x74 /opt/devkitpro/libctru/lib/libctru.a(os.o)
                0x00109b78                osConvertVirtToPhys
 .text.osGetTimeRef
                0x00109bec       0x54 /opt/devkitpro/libctru/lib/libctru.a(os.o)
                0x00109bec                osGetTimeRef
 .text.osGetTime
                0x00109c40       0xec /opt/devkitpro/libctru/lib/libctru.a(os.o)
                0x00109c40                osGetTime
 .text.__ctru_speedup_config
                0x00109d2c       0x34 /opt/devkitpro/libctru/lib/libctru.a(os.o)
                0x00109d2c                __ctru_speedup_config
 .text.romfs_close
                0x00109d60        0x8 /opt/devkitpro/libctru/lib/libctru.a(romfs_dev.o)
 .text.romfs_seek
                0x00109d68       0xac /opt/devkitpro/libctru/lib/libctru.a(romfs_dev.o)
 .text.romfs_dirreset
                0x00109e14       0x24 /opt/devkitpro/libctru/lib/libctru.a(romfs_dev.o)
 .text.fill_dir
                0x00109e38       0xc0 /opt/devkitpro/libctru/lib/libctru.a(romfs_dev.o)
 .text.romfs_dirnext
                0x00109ef8      0x2ac /opt/devkitpro/libctru/lib/libctru.a(romfs_dev.o)
 .text.romfs_free
                0x0010a1a4       0x74 /opt/devkitpro/libctru/lib/libctru.a(romfs_dev.o)
 .text.searchForFile.constprop.0
                0x0010a218       0xd0 /opt/devkitpro/libctru/lib/libctru.a(romfs_dev.o)
 .text.searchForDir.constprop.0
                0x0010a2e8       0xd4 /opt/devkitpro/libctru/lib/libctru.a(romfs_dev.o)
 .text.navigateToDir.constprop.0
                0x0010a3bc      0x1c0 /opt/devkitpro/libctru/lib/libctru.a(romfs_dev.o)
 .text.romfs_open
                0x0010a57c      0x114 /opt/devkitpro/libctru/lib/libctru.a(romfs_dev.o)
 .text.romfs_chdir
                0x0010a690       0x4c /opt/devkitpro/libctru/lib/libctru.a(romfs_dev.o)
 .text.romfs_diropen
                0x0010a6dc       0x68 /opt/devkitpro/libctru/lib/libctru.a(romfs_dev.o)
 .text.romfs_stat
                0x0010a744      0x178 /opt/devkitpro/libctru/lib/libctru.a(romfs_dev.o)
 .text.romfs_dirclose
                0x0010a8bc        0x8 /opt/devkitpro/libctru/lib/libctru.a(romfs_dev.o)
 *fill*         0x0010a8c4        0x4 
 .text.romfs_fstat
                0x0010a8c8       0x7c /opt/devkitpro/libctru/lib/libctru.a(romfs_dev.o)
 .text.romfs_read
                0x0010a944       0xd0 /opt/devkitpro/libctru/lib/libctru.a(romfs_dev.o)
 .text.romfsMountFromFile
                0x0010aa14      0x294 /opt/devkitpro/libctru/lib/libctru.a(romfs_dev.o)
                0x0010aa14                romfsMountFromFile
 .text.romfsMountFromCurrentProcess
                0x0010aca8       0x98 /opt/devkitpro/libctru/lib/libctru.a(romfs_dev.o)
                0x0010aca8                romfsMountFromCurrentProcess
 .text.romfsMountSelf
                0x0010ad40      0x258 /opt/devkitpro/libctru/lib/libctru.a(romfs_dev.o)
                0x0010ad40                romfsMountSelf
 .text.romfsUnmount
                0x0010af98       0xa0 /opt/devkitpro/libctru/lib/libctru.a(romfs_dev.o)
                0x0010af98                romfsUnmount
 .text.GPUCMD_Add
                0x0010b038      0x13c /opt/devkitpro/libctru/lib/libctru.a(gpu.o)
                0x0010b038                GPUCMD_Add
 .text.GPUCMD_Split
                0x0010b174       0xb0 /opt/devkitpro/libctru/lib/libctru.a(gpu.o)
                0x0010b174                GPUCMD_Split
 .text.f32tof16
                0x0010b224       0x34 /opt/devkitpro/libctru/lib/libctru.a(gpu.o)
                0x0010b224                f32tof16
 .text.f32tof24
                0x0010b258       0x34 /opt/devkitpro/libctru/lib/libctru.a(gpu.o)
                0x0010b258                f32tof24
 .text.f32tof31
                0x0010b28c       0x38 /opt/devkitpro/libctru/lib/libctru.a(gpu.o)
                0x0010b28c                f32tof31
 .text.GX_BindQueue
                0x0010b2c4       0x10 /opt/devkitpro/libctru/lib/libctru.a(gx.o)
                0x0010b2c4                GX_BindQueue
 .text.GX_ProcessCommandList
                0x0010b2d4       0x7c /opt/devkitpro/libctru/lib/libctru.a(gx.o)
                0x0010b2d4                GX_ProcessCommandList
 .text.GX_MemoryFill
                0x0010b350       0x74 /opt/devkitpro/libctru/lib/libctru.a(gx.o)
                0x0010b350                GX_MemoryFill
 .text.GX_DisplayTransfer
                0x0010b3c4       0x74 /opt/devkitpro/libctru/lib/libctru.a(gx.o)
                0x0010b3c4                GX_DisplayTransfer
 .text.GX_TextureCopy
                0x0010b438       0x78 /opt/devkitpro/libctru/lib/libctru.a(gx.o)
                0x0010b438                GX_TextureCopy
 .text.gxCmdQueueDoCommands.part.0
                0x0010b4b0       0x64 /opt/devkitpro/libctru/lib/libctru.a(gxqueue.o)
 .text.gxCmdQueueInterrupt
                0x0010b514       0xe4 /opt/devkitpro/libctru/lib/libctru.a(gxqueue.o)
                0x0010b514                gxCmdQueueInterrupt
 .text.gxCmdQueueClear
                0x0010b5f8       0x68 /opt/devkitpro/libctru/lib/libctru.a(gxqueue.o)
                0x0010b5f8                gxCmdQueueClear
 .text.gxCmdQueueAdd
                0x0010b660      0x108 /opt/devkitpro/libctru/lib/libctru.a(gxqueue.o)
                0x0010b660                gxCmdQueueAdd
 .text.gxCmdQueueRun
                0x0010b768       0x80 /opt/devkitpro/libctru/lib/libctru.a(gxqueue.o)
                0x0010b768                gxCmdQueueRun
 .text.gxCmdQueueStop
                0x0010b7e8       0x64 /opt/devkitpro/libctru/lib/libctru.a(gxqueue.o)
                0x0010b7e8                gxCmdQueueStop
 .text.gxCmdQueueWait
                0x0010b84c       0xac /opt/devkitpro/libctru/lib/libctru.a(gxqueue.o)
                0x0010b84c                gxCmdQueueWait
 .text.shaderInstanceInit
                0x0010b8f8      0x1e0 /opt/devkitpro/libctru/lib/libctru.a(shaderProgram.o)
                0x0010b8f8                shaderInstanceInit
 .text.shaderInstanceGetUniformLocation
                0x0010bad8       0x18 /opt/devkitpro/libctru/lib/libctru.a(shaderProgram.o)
                0x0010bad8                shaderInstanceGetUniformLocation
 .text.shaderProgramInit
                0x0010baf0       0x1c /opt/devkitpro/libctru/lib/libctru.a(shaderProgram.o)
                0x0010baf0                shaderProgramInit
 .text.shaderProgramFree
                0x0010bb0c       0x74 /opt/devkitpro/libctru/lib/libctru.a(shaderProgram.o)
                0x0010bb0c                shaderProgramFree
 .text.shaderProgramSetVsh
                0x0010bb80       0x94 /opt/devkitpro/libctru/lib/libctru.a(shaderProgram.o)
                0x0010bb80                shaderProgramSetVsh
 .text.shaderProgramConfigure
                0x0010bc14      0x8d0 /opt/devkitpro/libctru/lib/libctru.a(shaderProgram.o)
                0x0010bc14                shaderProgramConfigure
 .text.DVLE_GenerateOutmap.part.0
                0x0010c4e4      0x1dc /opt/devkitpro/libctru/lib/libctru.a(shbin.o)
 .text.DVLB_ParseFile
                0x0010c6c0      0x1ac /opt/devkitpro/libctru/lib/libctru.a(shbin.o)
                0x0010c6c0                DVLB_ParseFile
 .text.DVLB_Free
                0x0010c86c       0x50 /opt/devkitpro/libctru/lib/libctru.a(shbin.o)
                0x0010c86c                DVLB_Free
 .text.DVLE_GetUniformRegister
                0x0010c8bc       0x74 /opt/devkitpro/libctru/lib/libctru.a(shbin.o)
                0x0010c8bc                DVLE_GetUniformRegister
 .text.ndspUpdateMaster
                0x0010c930      0x158 /opt/devkitpro/libctru/lib/libctru.a(ndsp.o)
 .text.ndspFinalize
                0x0010ca88      0x108 /opt/devkitpro/libctru/lib/libctru.a(ndsp.o)
 .text.ndspInitialize.part.0
                0x0010cb90      0x25c /opt/devkitpro/libctru/lib/libctru.a(ndsp.o)
 .text.ndspHookCallback
                0x0010cdec      0x108 /opt/devkitpro/libctru/lib/libctru.a(ndsp.o)
 *fill*         0x0010cef4        0x4 
 .text.ndspThreadMain
                0x0010cef8      0x318 /opt/devkitpro/libctru/lib/libctru.a(ndsp.o)
 .text.ndspInit
                0x0010d210      0x3f0 /opt/devkitpro/libctru/lib/libctru.a(ndsp.o)
                0x0010d210                ndspInit
 .text.ndspExit
                0x0010d600       0xd8 /opt/devkitpro/libctru/lib/libctru.a(ndsp.o)
                0x0010d600                ndspExit
 .text.ndspSetOutputMode
                0x0010d6d8       0x34 /opt/devkitpro/libctru/lib/libctru.a(ndsp.o)
                0x0010d6d8                ndspSetOutputMode
 .text.ndspChnReset
                0x0010d70c       0xe0 /opt/devkitpro/libctru/lib/libctru.a(ndsp-channel.o)
                0x0010d70c                ndspChnReset
 .text.ndspChnSetFormat
                0x0010d7ec       0x18 /opt/devkitpro/libctru/lib/libctru.a(ndsp-channel.o)
                0x0010d7ec                ndspChnSetFormat
 .text.ndspChnSetInterp
                0x0010d804       0x50 /opt/devkitpro/libctru/lib/libctru.a(ndsp-channel.o)
                0x0010d804                ndspChnSetInterp
 .text.ndspChnSetRate
                0x0010d854       0x60 /opt/devkitpro/libctru/lib/libctru.a(ndsp-channel.o)
                0x0010d854                ndspChnSetRate
 .text.ndspChnSetMix
                0x0010d8b4       0x80 /opt/devkitpro/libctru/lib/libctru.a(ndsp-channel.o)
                0x0010d8b4                ndspChnSetMix
 .text.ndspChnWaveBufAdd
                0x0010d934       0xc8 /opt/devkitpro/libctru/lib/libctru.a(ndsp-channel.o)
                0x0010d934                ndspChnWaveBufAdd
 .text.ndspiInitChn
                0x0010d9fc       0x40 /opt/devkitpro/libctru/lib/libctru.a(ndsp-channel.o)
                0x0010d9fc                ndspiInitChn
 .text.ndspiDirtyChn
                0x0010da3c       0x2c /opt/devkitpro/libctru/lib/libctru.a(ndsp-channel.o)
                0x0010da3c                ndspiDirtyChn
 .text.ndspiUpdateChn
                0x0010da68      0x43c /opt/devkitpro/libctru/lib/libctru.a(ndsp-channel.o)
                0x0010da68                ndspiUpdateChn
 .text.ndspiReadChnState
                0x0010dea4      0x180 /opt/devkitpro/libctru/lib/libctru.a(ndsp-channel.o)
                0x0010dea4                ndspiReadChnState
 .text.aptConvertScreenForCapture
                0x0010e024      0x180 /opt/devkitpro/libctru/lib/libctru.a(apt.o)
 .text.aptSendCommand
                0x0010e1a4      0x138 /opt/devkitpro/libctru/lib/libctru.a(apt.o)
                0x0010e1a4                aptSendCommand
 *fill*         0x0010e2dc        0x4 
 .text.aptExitProcess
                0x0010e2e0       0x44 /opt/devkitpro/libctru/lib/libctru.a(apt.o)
 .text.aptExit  0x0010e324      0x394 /opt/devkitpro/libctru/lib/libctru.a(apt.o)
                0x0010e324                aptExit
 .text.aptHandleSleep
                0x0010e6b8       0xd8 /opt/devkitpro/libctru/lib/libctru.a(apt.o)
                0x0010e6b8                aptHandleSleep
 .text.aptHook  0x0010e790       0x34 /opt/devkitpro/libctru/lib/libctru.a(apt.o)
                0x0010e790                aptHook
 .text.aptUnhook
                0x0010e7c4       0x30 /opt/devkitpro/libctru/lib/libctru.a(apt.o)
                0x0010e7c4                aptUnhook
 .text.APT_SleepIfShellClosed
                0x0010e7f4       0x84 /opt/devkitpro/libctru/lib/libctru.a(apt.o)
                0x0010e7f4                APT_SleepIfShellClosed
 .text.aptSetSleepAllowed
                0x0010e878       0x78 /opt/devkitpro/libctru/lib/libctru.a(apt.o)
                0x0010e878                aptSetSleepAllowed
 .text.APT_UnlockTransition
                0x0010e8f0       0x84 /opt/devkitpro/libctru/lib/libctru.a(apt.o)
                0x0010e8f0                APT_UnlockTransition
 *fill*         0x0010e974        0x4 
 .text.aptEventHandler
                0x0010e978      0x470 /opt/devkitpro/libctru/lib/libctru.a(apt.o)
 .text.APT_ReceiveParameter
                0x0010ede8       0xbc /opt/devkitpro/libctru/lib/libctru.a(apt.o)
                0x0010ede8                APT_ReceiveParameter
 .text.aptReceiveParameter.constprop.0
                0x0010eea4       0xb0 /opt/devkitpro/libctru/lib/libctru.a(apt.o)
 *fill*         0x0010ef54        0x4 
 .text.aptScreenTransfer
                0x0010ef58      0x294 /opt/devkitpro/libctru/lib/libctru.a(apt.o)
 .text.aptWaitForWakeUp.isra.0
                0x0010f1ec      0x2d0 /opt/devkitpro/libctru/lib/libctru.a(apt.o)
 .text.aptJumpToHomeMenu
                0x0010f4bc       0xf4 /opt/devkitpro/libctru/lib/libctru.a(apt.o)
                0x0010f4bc                aptJumpToHomeMenu
 .text.aptMainLoop
                0x0010f5b0       0x58 /opt/devkitpro/libctru/lib/libctru.a(apt.o)
                0x0010f5b0                aptMainLoop
 .text.aptInit  0x0010f608      0x240 /opt/devkitpro/libctru/lib/libctru.a(apt.o)
                0x0010f608                aptInit
 .text.APT_CheckNew3DS
                0x0010f848       0x90 /opt/devkitpro/libctru/lib/libctru.a(apt.o)
                0x0010f848                APT_CheckNew3DS
 .text.APT_GetSharedFont
                0x0010f8d8       0x48 /opt/devkitpro/libctru/lib/libctru.a(apt.o)
                0x0010f8d8                APT_GetSharedFont
 .text.cfguInit
                0x0010f920       0xa8 /opt/devkitpro/libctru/lib/libctru.a(cfgu.o)
                0x0010f920                cfguInit
 .text.cfguExit
                0x0010f9c8       0x3c /opt/devkitpro/libctru/lib/libctru.a(cfgu.o)
                0x0010f9c8                cfguExit
 .text.CFGU_GetConfigInfoBlk2
                0x0010fa04       0x4c /opt/devkitpro/libctru/lib/libctru.a(cfgu.o)
                0x0010fa04                CFGU_GetConfigInfoBlk2
 .text.DSP_LoadComponent.part.0
                0x0010fa50       0xa4 /opt/devkitpro/libctru/lib/libctru.a(dsp.o)
 .text.dspInit  0x0010faf4       0xfc /opt/devkitpro/libctru/lib/libctru.a(dsp.o)
                0x0010faf4                dspInit
 .text.dspExit  0x0010fbf0       0x8c /opt/devkitpro/libctru/lib/libctru.a(dsp.o)
                0x0010fbf0                dspExit
 .text.dspHook  0x0010fc7c       0x24 /opt/devkitpro/libctru/lib/libctru.a(dsp.o)
                0x0010fc7c                dspHook
 .text.dspUnhook
                0x0010fca0       0x30 /opt/devkitpro/libctru/lib/libctru.a(dsp.o)
                0x0010fca0                dspUnhook
 .text.aptDspSleep
                0x0010fcd0       0xb4 /opt/devkitpro/libctru/lib/libctru.a(dsp.o)
                0x0010fcd0                aptDspSleep
 .text.aptDspWakeup
                0x0010fd84       0xb4 /opt/devkitpro/libctru/lib/libctru.a(dsp.o)
                0x0010fd84                aptDspWakeup
 .text.aptDspCancel
                0x0010fe38       0x44 /opt/devkitpro/libctru/lib/libctru.a(dsp.o)
                0x0010fe38                aptDspCancel
 .text.DSP_FlushDataCache
                0x0010fe7c       0x50 /opt/devkitpro/libctru/lib/libctru.a(dsp.o)
                0x0010fe7c                DSP_FlushDataCache
 .text.DSP_SetSemaphore
                0x0010fecc       0x34 /opt/devkitpro/libctru/lib/libctru.a(dsp.o)
                0x0010fecc                DSP_SetSemaphore
 .text.DSP_SetSemaphoreMask
                0x0010ff00       0x34 /opt/devkitpro/libctru/lib/libctru.a(dsp.o)
                0x0010ff00                DSP_SetSemaphoreMask
 .text.DSP_GetSemaphoreHandle
                0x0010ff34       0x38 /opt/devkitpro/libctru/lib/libctru.a(dsp.o)
                0x0010ff34                DSP_GetSemaphoreHandle
 .text.DSP_LoadComponent
                0x0010ff6c       0x3c /opt/devkitpro/libctru/lib/libctru.a(dsp.o)
                0x0010ff6c                DSP_LoadComponent
 .text.DSP_RegisterInterruptEvents
                0x0010ffa8       0x44 /opt/devkitpro/libctru/lib/libctru.a(dsp.o)
                0x0010ffa8                DSP_RegisterInterruptEvents
 .text.DSP_ReadPipeIfPossible
                0x0010ffec       0x78 /opt/devkitpro/libctru/lib/libctru.a(dsp.o)
                0x0010ffec                DSP_ReadPipeIfPossible
 .text.DSP_WriteProcessPipe
                0x00110064       0x4c /opt/devkitpro/libctru/lib/libctru.a(dsp.o)
                0x00110064                DSP_WriteProcessPipe
 .text.DSP_ConvertProcessAddressFromDspDram
                0x001100b0       0x44 /opt/devkitpro/libctru/lib/libctru.a(dsp.o)
                0x001100b0                DSP_ConvertProcessAddressFromDspDram
 .text.DSP_RecvData
                0x001100f4       0x44 /opt/devkitpro/libctru/lib/libctru.a(dsp.o)
                0x001100f4                DSP_RecvData
 .text.DSP_RecvDataIsReady
                0x00110138       0x50 /opt/devkitpro/libctru/lib/libctru.a(dsp.o)
                0x00110138                DSP_RecvDataIsReady
 .text.fsInit   0x00110188      0x104 /opt/devkitpro/libctru/lib/libctru.a(fs.o)
                0x00110188                fsInit
 .text.fsExit   0x0011028c       0x3c /opt/devkitpro/libctru/lib/libctru.a(fs.o)
                0x0011028c                fsExit
 .text.fsExemptFromSession
                0x001102c8       0x68 /opt/devkitpro/libctru/lib/libctru.a(fs.o)
                0x001102c8                fsExemptFromSession
 .text.fsUnexemptFromSession
                0x00110330       0x50 /opt/devkitpro/libctru/lib/libctru.a(fs.o)
                0x00110330                fsUnexemptFromSession
 .text.FSUSER_OpenFile
                0x00110380       0xcc /opt/devkitpro/libctru/lib/libctru.a(fs.o)
                0x00110380                FSUSER_OpenFile
 .text.FSUSER_OpenFileDirectly
                0x0011044c       0xcc /opt/devkitpro/libctru/lib/libctru.a(fs.o)
                0x0011044c                FSUSER_OpenFileDirectly
 .text.FSUSER_DeleteFile
                0x00110518       0xb8 /opt/devkitpro/libctru/lib/libctru.a(fs.o)
                0x00110518                FSUSER_DeleteFile
 .text.FSUSER_RenameFile
                0x001105d0       0xf4 /opt/devkitpro/libctru/lib/libctru.a(fs.o)
                0x001105d0                FSUSER_RenameFile
 .text.FSUSER_DeleteDirectory
                0x001106c4       0xb8 /opt/devkitpro/libctru/lib/libctru.a(fs.o)
                0x001106c4                FSUSER_DeleteDirectory
 .text.FSUSER_CreateFile
                0x0011077c       0xd0 /opt/devkitpro/libctru/lib/libctru.a(fs.o)
                0x0011077c                FSUSER_CreateFile
 .text.FSUSER_CreateDirectory
                0x0011084c       0xc0 /opt/devkitpro/libctru/lib/libctru.a(fs.o)
                0x0011084c                FSUSER_CreateDirectory
 .text.FSUSER_RenameDirectory
                0x0011090c       0xf4 /opt/devkitpro/libctru/lib/libctru.a(fs.o)
                0x0011090c                FSUSER_RenameDirectory
 .text.FSUSER_OpenDirectory
                0x00110a00       0xb4 /opt/devkitpro/libctru/lib/libctru.a(fs.o)
                0x00110a00                FSUSER_OpenDirectory
 .text.FSUSER_OpenArchive
                0x00110ab4       0x90 /opt/devkitpro/libctru/lib/libctru.a(fs.o)
                0x00110ab4                FSUSER_OpenArchive
 .text.FSUSER_CloseArchive
                0x00110b44       0x8c /opt/devkitpro/libctru/lib/libctru.a(fs.o)
                0x00110b44                FSUSER_CloseArchive
 .text.FSUSER_GetSdmcArchiveResource
                0x00110bd0       0x74 /opt/devkitpro/libctru/lib/libctru.a(fs.o)
                0x00110bd0                FSUSER_GetSdmcArchiveResource
 .text.FSUSER_IsSdmcWritable
                0x00110c44       0x64 /opt/devkitpro/libctru/lib/libctru.a(fs.o)
                0x00110c44                FSUSER_IsSdmcWritable
 .text.FSFILE_Read
                0x00110ca8       0x64 /opt/devkitpro/libctru/lib/libctru.a(fs.o)
                0x00110ca8                FSFILE_Read
 .text.FSFILE_Write
                0x00110d0c       0x6c /opt/devkitpro/libctru/lib/libctru.a(fs.o)
                0x00110d0c                FSFILE_Write
 .text.FSFILE_GetSize
                0x00110d78       0x44 /opt/devkitpro/libctru/lib/libctru.a(fs.o)
                0x00110d78                FSFILE_GetSize
 .text.FSFILE_SetSize
                0x00110dbc       0x28 /opt/devkitpro/libctru/lib/libctru.a(fs.o)
                0x00110dbc                FSFILE_SetSize
 .text.FSFILE_Close
                0x00110de4       0x3c /opt/devkitpro/libctru/lib/libctru.a(fs.o)
                0x00110de4                FSFILE_Close
 .text.FSFILE_Flush
                0x00110e20       0x24 /opt/devkitpro/libctru/lib/libctru.a(fs.o)
                0x00110e20                FSFILE_Flush
 .text.FSDIR_Read
                0x00110e44       0x60 /opt/devkitpro/libctru/lib/libctru.a(fs.o)
                0x00110e44                FSDIR_Read
 .text.FSDIR_Close
                0x00110ea4       0x3c /opt/devkitpro/libctru/lib/libctru.a(fs.o)
                0x00110ea4                FSDIR_Close
 .text.gspHardwareInit
                0x00110ee0      0xc70 /opt/devkitpro/libctru/lib/libctru.a(gspgpu.o)
 .text.gspInit  0x00111b50      0x288 /opt/devkitpro/libctru/lib/libctru.a(gspgpu.o)
                0x00111b50                gspInit
 .text.gspExit  0x00111dd8      0x104 /opt/devkitpro/libctru/lib/libctru.a(gspgpu.o)
                0x00111dd8                gspExit
 .text.gspHasGpuRight
                0x00111edc       0x10 /opt/devkitpro/libctru/lib/libctru.a(gspgpu.o)
                0x00111edc                gspHasGpuRight
 .text.gspPresentBuffer
                0x00111eec       0xa4 /opt/devkitpro/libctru/lib/libctru.a(gspgpu.o)
                0x00111eec                gspPresentBuffer
 .text.gspSetEventCallback
                0x00111f90       0x30 /opt/devkitpro/libctru/lib/libctru.a(gspgpu.o)
                0x00111f90                gspSetEventCallback
 .text.gspWaitForEvent
                0x00111fc0       0x50 /opt/devkitpro/libctru/lib/libctru.a(gspgpu.o)
                0x00111fc0                gspWaitForEvent
 .text.gspWaitForAnyEvent
                0x00112010       0x4c /opt/devkitpro/libctru/lib/libctru.a(gspgpu.o)
                0x00112010                gspWaitForAnyEvent
 .text.gspEventThreadMain
                0x0011205c      0x154 /opt/devkitpro/libctru/lib/libctru.a(gspgpu.o)
 .text.gspSubmitGxCommand
                0x001121b0      0x12c /opt/devkitpro/libctru/lib/libctru.a(gspgpu.o)
                0x001121b0                gspSubmitGxCommand
 .text.GSPGPU_FlushDataCache
                0x001122dc       0x50 /opt/devkitpro/libctru/lib/libctru.a(gspgpu.o)
                0x001122dc                GSPGPU_FlushDataCache
 .text.GSPGPU_SetLcdForceBlack
                0x0011232c       0x34 /opt/devkitpro/libctru/lib/libctru.a(gspgpu.o)
                0x0011232c                GSPGPU_SetLcdForceBlack
 .text.GSPGPU_AcquireRight
                0x00112360       0x84 /opt/devkitpro/libctru/lib/libctru.a(gspgpu.o)
                0x00112360                GSPGPU_AcquireRight
 .text.GSPGPU_ReleaseRight
                0x001123e4       0x64 /opt/devkitpro/libctru/lib/libctru.a(gspgpu.o)
                0x001123e4                GSPGPU_ReleaseRight
 .text.GSPGPU_ImportDisplayCaptureInfo
                0x00112448       0x7c /opt/devkitpro/libctru/lib/libctru.a(gspgpu.o)
                0x00112448                GSPGPU_ImportDisplayCaptureInfo
 .text.GSPGPU_SaveVramSysArea
                0x001124c4       0x2c /opt/devkitpro/libctru/lib/libctru.a(gspgpu.o)
                0x001124c4                GSPGPU_SaveVramSysArea
 .text.GSPGPU_RestoreVramSysArea
                0x001124f0       0x2c /opt/devkitpro/libctru/lib/libctru.a(gspgpu.o)
                0x001124f0                GSPGPU_RestoreVramSysArea
 .text.hidShouldUseIrrst
                0x0011251c       0x24 /opt/devkitpro/libctru/lib/libctru.a(hid.o)
                0x0011251c                hidShouldUseIrrst
 .text.hidInit  0x00112540      0x1cc /opt/devkitpro/libctru/lib/libctru.a(hid.o)
                0x00112540                hidInit
 .text.hidExit  0x0011270c       0xe8 /opt/devkitpro/libctru/lib/libctru.a(hid.o)
                0x0011270c                hidExit
 .text.hidScanInput
                0x001127f4      0x2a0 /opt/devkitpro/libctru/lib/libctru.a(hid.o)
                0x001127f4                hidScanInput
 .text.hidKeysDown
                0x00112a94       0x10 /opt/devkitpro/libctru/lib/libctru.a(hid.o)
                0x00112a94                hidKeysDown
 .text.irrstInit
                0x00112aa4      0x1a4 /opt/devkitpro/libctru/lib/libctru.a(irrst.o)
                0x00112aa4                irrstInit
 .text.irrstExit
                0x00112c48       0xdc /opt/devkitpro/libctru/lib/libctru.a(irrst.o)
                0x00112c48                irrstExit
 .text.irrstScanInput
                0x00112d24       0xb4 /opt/devkitpro/libctru/lib/libctru.a(irrst.o)
                0x00112d24                irrstScanInput
 .text.irrstKeysHeld
                0x00112dd8       0x24 /opt/devkitpro/libctru/lib/libctru.a(irrst.o)
                0x00112dd8                irrstKeysHeld
 .text.ptmSysmInit
                0x00112dfc       0x78 /opt/devkitpro/libctru/lib/libctru.a(ptmsysm.o)
                0x00112dfc                ptmSysmInit
 .text.ptmSysmExit
                0x00112e74       0x3c /opt/devkitpro/libctru/lib/libctru.a(ptmsysm.o)
                0x00112e74                ptmSysmExit
 .text.PTMSYSM_ConfigureNew3DSCPU
                0x00112eb0       0x34 /opt/devkitpro/libctru/lib/libctru.a(ptmsysm.o)
                0x00112eb0                PTMSYSM_ConfigureNew3DSCPU
 .text.buffer_read
                0x00112ee4       0xe0 /opt/devkitpro/libctru/lib/libctru.a(decompress.o)
 .text.iov_read
                0x00112fc4       0xcc /opt/devkitpro/libctru/lib/libctru.a(decompress.o)
 .text.iov_memmove
                0x00113090      0x164 /opt/devkitpro/libctru/lib/libctru.a(decompress.o)
 .text.decompress_rle
                0x001131f4      0x1e0 /opt/devkitpro/libctru/lib/libctru.a(decompress.o)
 .text.decompress_lzss
                0x001133d4      0x264 /opt/devkitpro/libctru/lib/libctru.a(decompress.o)
 .text.decompress_lz11
                0x00113638      0x418 /opt/devkitpro/libctru/lib/libctru.a(decompress.o)
 .text.decompress_huff.isra.0
                0x00113a50      0x33c /opt/devkitpro/libctru/lib/libctru.a(decompress.o)
 .text.decompressCallback_Stdio
                0x00113d8c       0x10 /opt/devkitpro/libctru/lib/libctru.a(decompress.o)
                0x00113d8c                decompressCallback_Stdio
 .text.decompressHeader
                0x00113d9c       0xe4 /opt/devkitpro/libctru/lib/libctru.a(decompress.o)
                0x00113d9c                decompressHeader
 .text.decompressV
                0x00113e80      0x21c /opt/devkitpro/libctru/lib/libctru.a(decompress.o)
                0x00113e80                decompressV
 .text.rbtree_find
                0x0011409c       0x74 /opt/devkitpro/libctru/lib/libctru.a(rbtree_find.o)
                0x0011409c                rbtree_find
 .text.rbtree_init
                0x00114110       0x10 /opt/devkitpro/libctru/lib/libctru.a(rbtree_init.o)
                0x00114110                rbtree_init
 .text.do_insert
                0x00114120      0x198 /opt/devkitpro/libctru/lib/libctru.a(rbtree_insert.o)
 .text.rbtree_insert
                0x001142b8        0x8 /opt/devkitpro/libctru/lib/libctru.a(rbtree_insert.o)
                0x001142b8                rbtree_insert
 .text.rbtree_remove
                0x001142c0      0x310 /opt/devkitpro/libctru/lib/libctru.a(rbtree_remove.o)
                0x001142c0                rbtree_remove
 .text.rbtree_rotate
                0x001145d0       0x90 /opt/devkitpro/libctru/lib/libctru.a(rbtree_rotate.o)
                0x001145d0                rbtree_rotate
 .text.decode_utf8
                0x00114660      0x140 /opt/devkitpro/libctru/lib/libctru.a(decode_utf8.o)
                0x00114660                decode_utf8
 .text.utf16_to_utf8
                0x001147a0       0xe8 /opt/devkitpro/libctru/lib/libctru.a(utf16_to_utf8.o)
                0x001147a0                utf16_to_utf8
 .text.utf8_to_utf16
                0x00114888       0xc0 /opt/devkitpro/libctru/lib/libctru.a(utf8_to_utf16.o)
                0x00114888                utf8_to_utf16
 .text.__system_allocateHeaps
                0x00114948      0x1e8 /opt/devkitpro/libctru/lib/libctru.a(allocateHeaps.o)
                0x00114948                __system_allocateHeaps
 .text.__libctru_init
                0x00114b30       0x38 /opt/devkitpro/libctru/lib/libctru.a(ctru_init.o)
                0x00114b30                __libctru_init
 .text.__system_initArgv
                0x00114b68      0x16c /opt/devkitpro/libctru/lib/libctru.a(initArgv.o)
                0x00114b68                __system_initArgv
 .text.__syscall_getreent
                0x00114cd4       0x30 /opt/devkitpro/libctru/lib/libctru.a(syscalls.o)
                0x00114cd4                __syscall_getreent
 .text.__syscall_gettod_r
                0x00114d04       0x64 /opt/devkitpro/libctru/lib/libctru.a(syscalls.o)
                0x00114d04                __syscall_gettod_r
 .text.__syscall_lock_acquire
                0x00114d68        0x4 /opt/devkitpro/libctru/lib/libctru.a(syscalls.o)
                0x00114d68                __syscall_lock_acquire
 .text.__syscall_lock_release
                0x00114d6c        0x4 /opt/devkitpro/libctru/lib/libctru.a(syscalls.o)
                0x00114d6c                __syscall_lock_release
 .text.__syscall_lock_acquire_recursive
                0x00114d70        0x4 /opt/devkitpro/libctru/lib/libctru.a(syscalls.o)
                0x00114d70                __syscall_lock_acquire_recursive
 .text.__syscall_lock_release_recursive
                0x00114d74        0x4 /opt/devkitpro/libctru/lib/libctru.a(syscalls.o)
                0x00114d74                __syscall_lock_release_recursive
 .text.__syscall_exit
                0x00114d78        0x4 /opt/devkitpro/libctru/lib/libctru.a(syscalls.o)
                0x00114d78                __syscall_exit
 .text.initThreadVars
                0x00114d7c       0x54 /opt/devkitpro/libctru/lib/libctru.a(syscalls.o)
                0x00114d7c                initThreadVars
 .text.__system_initSyscalls
                0x00114dd0       0x80 /opt/devkitpro/libctru/lib/libctru.a(syscalls.o)
                0x00114dd0                __system_initSyscalls
 .text.svcControlMemory
                0x00114e50       0x20 /opt/devkitpro/libctru/lib/libctru.a(svc.o)
                0x00114e50                svcControlMemory
 .text.svcQueryMemory
                0x00114e70       0x30 /opt/devkitpro/libctru/lib/libctru.a(svc.o)
                0x00114e70                svcQueryMemory
 .text.svcExitProcess
                0x00114ea0        0x8 /opt/devkitpro/libctru/lib/libctru.a(svc.o)
                0x00114ea0                svcExitProcess
 .text.svcCreateThread
                0x00114ea8       0x20 /opt/devkitpro/libctru/lib/libctru.a(svc.o)
                0x00114ea8                svcCreateThread
 .text.svcExitThread
                0x00114ec8        0x8 /opt/devkitpro/libctru/lib/libctru.a(svc.o)
                0x00114ec8                svcExitThread
 .text.svcSleepThread
                0x00114ed0        0x8 /opt/devkitpro/libctru/lib/libctru.a(svc.o)
                0x00114ed0                svcSleepThread
 .text.svcReleaseMutex
                0x00114ed8        0x8 /opt/devkitpro/libctru/lib/libctru.a(svc.o)
                0x00114ed8                svcReleaseMutex
 .text.svcCreateEvent
                0x00114ee0       0x14 /opt/devkitpro/libctru/lib/libctru.a(svc.o)
                0x00114ee0                svcCreateEvent
 .text.svcSignalEvent
                0x00114ef4        0x8 /opt/devkitpro/libctru/lib/libctru.a(svc.o)
                0x00114ef4                svcSignalEvent
 .text.svcClearEvent
                0x00114efc        0x8 /opt/devkitpro/libctru/lib/libctru.a(svc.o)
                0x00114efc                svcClearEvent
 .text.svcMapMemoryBlock
                0x00114f04        0x8 /opt/devkitpro/libctru/lib/libctru.a(svc.o)
                0x00114f04                svcMapMemoryBlock
 .text.svcUnmapMemoryBlock
                0x00114f0c        0x8 /opt/devkitpro/libctru/lib/libctru.a(svc.o)
                0x00114f0c                svcUnmapMemoryBlock
 .text.svcCreateAddressArbiter
                0x00114f14       0x14 /opt/devkitpro/libctru/lib/libctru.a(svc.o)
                0x00114f14                svcCreateAddressArbiter
 .text.svcArbitrateAddressNoTimeout
                0x00114f28        0x8 /opt/devkitpro/libctru/lib/libctru.a(svc.o)
                0x00114f28                svcArbitrateAddressNoTimeout
 .text.svcCloseHandle
                0x00114f30        0x8 /opt/devkitpro/libctru/lib/libctru.a(svc.o)
                0x00114f30                svcCloseHandle
 .text.svcWaitSynchronization
                0x00114f38        0x8 /opt/devkitpro/libctru/lib/libctru.a(svc.o)
                0x00114f38                svcWaitSynchronization
 .text.svcWaitSynchronizationN
                0x00114f40       0x28 /opt/devkitpro/libctru/lib/libctru.a(svc.o)
                0x00114f40                svcWaitSynchronizationN
 .text.svcDuplicateHandle
                0x00114f68       0x14 /opt/devkitpro/libctru/lib/libctru.a(svc.o)
                0x00114f68                svcDuplicateHandle
 .text.svcGetSystemTick
                0x00114f7c        0x8 /opt/devkitpro/libctru/lib/libctru.a(svc.o)
                0x00114f7c                svcGetSystemTick
 .text.svcConnectToPort
                0x00114f84       0x14 /opt/devkitpro/libctru/lib/libctru.a(svc.o)
                0x00114f84                svcConnectToPort
 .text.svcSendSyncRequest
                0x00114f98        0x8 /opt/devkitpro/libctru/lib/libctru.a(svc.o)
                0x00114f98                svcSendSyncRequest
 .text.svcGetResourceLimit
                0x00114fa0       0x14 /opt/devkitpro/libctru/lib/libctru.a(svc.o)
                0x00114fa0                svcGetResourceLimit
 .text.svcGetResourceLimitLimitValues
                0x00114fb4        0x8 /opt/devkitpro/libctru/lib/libctru.a(svc.o)
                0x00114fb4                svcGetResourceLimitLimitValues
 .text.svcGetResourceLimitCurrentValues
                0x00114fbc        0x8 /opt/devkitpro/libctru/lib/libctru.a(svc.o)
                0x00114fbc                svcGetResourceLimitCurrentValues
 .text.svcBreak
                0x00114fc4        0x8 /opt/devkitpro/libctru/lib/libctru.a(svc.o)
                0x00114fc4                svcBreak
 .text.__aeabi_read_tp
                0x00114fcc        0xc /opt/devkitpro/libctru/lib/libctru.a(readtp.o)
                0x00114fcc                __aeabi_read_tp
 .text.initSystem
                0x00114fd8       0x50 /opt/devkitpro/libctru/lib/libctru.a(stack_adjust.o)
                0x00114fd8                initSystem
 .text.__ctru_exit
                0x00115028       0x14 /opt/devkitpro/libctru/lib/libctru.a(stack_adjust.o)
                0x00115028                __ctru_exit
 .text.envGetHandle
                0x0011503c       0x8c /opt/devkitpro/libctru/lib/libctru.a(env.o)
                0x0011503c                envGetHandle
 .text.envDestroyHandles
                0x001150c8       0x50 /opt/devkitpro/libctru/lib/libctru.a(env.o)
                0x001150c8                envDestroyHandles
 .text.srvInit  0x00115118      0x164 /opt/devkitpro/libctru/lib/libctru.a(srv.o)
                0x00115118                srvInit
 .text.srvExit  0x0011527c       0x64 /opt/devkitpro/libctru/lib/libctru.a(srv.o)
                0x0011527c                srvExit
 .text.srvEnableNotification
                0x001152e0       0x60 /opt/devkitpro/libctru/lib/libctru.a(srv.o)
                0x001152e0                srvEnableNotification
 .text.srvGetServiceHandleDirect
                0x00115340       0xa0 /opt/devkitpro/libctru/lib/libctru.a(srv.o)
                0x00115340                srvGetServiceHandleDirect
 .text.srvGetServiceHandle
                0x001153e0       0x48 /opt/devkitpro/libctru/lib/libctru.a(srv.o)
                0x001153e0                srvGetServiceHandle
 .text.srvSubscribe
                0x00115428       0x34 /opt/devkitpro/libctru/lib/libctru.a(srv.o)
                0x00115428                srvSubscribe
 .text.srvReceiveNotification
                0x0011545c       0x60 /opt/devkitpro/libctru/lib/libctru.a(srv.o)
                0x0011545c                srvReceiveNotification
 .text.srvPublishToSubscriber
                0x001154bc       0x38 /opt/devkitpro/libctru/lib/libctru.a(srv.o)
                0x001154bc                srvPublishToSubscriber
 .text.__sync_init
                0x001154f4        0xc /opt/devkitpro/libctru/lib/libctru.a(synchronization.o)
                0x001154f4                __sync_init
 .text.__sync_fini
                0x00115500       0x18 /opt/devkitpro/libctru/lib/libctru.a(synchronization.o)
                0x00115500                __sync_fini
 .text.syncArbitrateAddress
                0x00115518       0x28 /opt/devkitpro/libctru/lib/libctru.a(synchronization.o)
                0x00115518                syncArbitrateAddress
 .text.LightLock_Init
                0x00115540       0x1c /opt/devkitpro/libctru/lib/libctru.a(synchronization.o)
                0x00115540                LightLock_Init
 .text.LightLock_Lock
                0x0011555c       0xac /opt/devkitpro/libctru/lib/libctru.a(synchronization.o)
                0x0011555c                LightLock_Lock
 .text.LightLock_Unlock
                0x00115608       0x40 /opt/devkitpro/libctru/lib/libctru.a(synchronization.o)
                0x00115608                LightLock_Unlock
 .text.RecursiveLock_Lock
                0x00115648       0x54 /opt/devkitpro/libctru/lib/libctru.a(synchronization.o)
                0x00115648                RecursiveLock_Lock
 .text.RecursiveLock_Unlock
                0x0011569c       0x54 /opt/devkitpro/libctru/lib/libctru.a(synchronization.o)
                0x0011569c                RecursiveLock_Unlock
 .text.LightEvent_Init
                0x001156f0       0x44 /opt/devkitpro/libctru/lib/libctru.a(synchronization.o)
                0x001156f0                LightEvent_Init
 .text.LightEvent_Clear
                0x00115734       0xb8 /opt/devkitpro/libctru/lib/libctru.a(synchronization.o)
                0x00115734                LightEvent_Clear
 .text.LightEvent_Signal
                0x001157ec       0xdc /opt/devkitpro/libctru/lib/libctru.a(synchronization.o)
                0x001157ec                LightEvent_Signal
 .text.LightEvent_TryWait
                0x001158c8       0x50 /opt/devkitpro/libctru/lib/libctru.a(synchronization.o)
                0x001158c8                LightEvent_TryWait
 .text.LightEvent_Wait
                0x00115918       0xac /opt/devkitpro/libctru/lib/libctru.a(synchronization.o)
                0x00115918                LightEvent_Wait
 .text.threadCreate
                0x001159c4      0x1fc /opt/devkitpro/libctru/lib/libctru.a(thread.o)
                0x001159c4                threadCreate
 .text.threadFree
                0x00115bc0       0x38 /opt/devkitpro/libctru/lib/libctru.a(thread.o)
                0x00115bc0                threadFree
 .text.threadJoin
                0x00115bf8       0x24 /opt/devkitpro/libctru/lib/libctru.a(thread.o)
                0x00115bf8                threadJoin
 .text.threadGetCurrent
                0x00115c1c       0x30 /opt/devkitpro/libctru/lib/libctru.a(thread.o)
                0x00115c1c                threadGetCurrent
 .text.threadExit
                0x00115c4c       0x40 /opt/devkitpro/libctru/lib/libctru.a(thread.o)
                0x00115c4c                threadExit
 .text._thread_begin
                0x00115c8c       0x20 /opt/devkitpro/libctru/lib/libctru.a(thread.o)
 .text.mappableFindAddressWithin
                0x00115cac       0x90 /opt/devkitpro/libctru/lib/libctru.a(mappable.o)
 .text.mappableInit
                0x00115d3c       0x28 /opt/devkitpro/libctru/lib/libctru.a(mappable.o)
                0x00115d3c                mappableInit
 .text.mappableAlloc
                0x00115d64       0x7c /opt/devkitpro/libctru/lib/libctru.a(mappable.o)
                0x00115d64                mappableAlloc
 .text.mappableFree
                0x00115de0        0x4 /opt/devkitpro/libctru/lib/libctru.a(mappable.o)
                0x00115de0                mappableFree
 .text.srvPmGetSessionHandle
                0x00115de4        0xc /opt/devkitpro/libctru/lib/libctru.a(srvpm.o)
                0x00115de4                srvPmGetSessionHandle
 .text.rbtree_node_next
                0x00115df0       0x60 /opt/devkitpro/libctru/lib/libctru.a(rbtree_iterator.o)
                0x00115df0                rbtree_node_next
 .text.decode_utf16
                0x00115e50       0x54 /opt/devkitpro/libctru/lib/libctru.a(decode_utf16.o)
                0x00115e50                decode_utf16
 .text.encode_utf16
                0x00115ea4       0x54 /opt/devkitpro/libctru/lib/libctru.a(encode_utf16.o)
                0x00115ea4                encode_utf16
 .text.encode_utf8
                0x00115ef8       0xe0 /opt/devkitpro/libctru/lib/libctru.a(encode_utf8.o)
                0x00115ef8                encode_utf8
 .text.__appExit
                0x00115fd8       0x30 /opt/devkitpro/libctru/lib/libctru.a(appExit.o)
                0x00115fd8                __appExit
 .text.__appInit
                0x00116008       0x30 /opt/devkitpro/libctru/lib/libctru.a(appInit.o)
                0x00116008                __appInit
 .text.__libctru_exit
                0x00116038       0x90 /opt/devkitpro/libctru/lib/libctru.a(ctru_exit.o)
                0x00116038                __libctru_exit
 .text.error_cmp
                0x001160c8       0x24 /opt/devkitpro/libctru/lib/libctru.a(archive_dev.o)
 .text.archive_translate_error
                0x001160ec       0x50 /opt/devkitpro/libctru/lib/libctru.a(archive_dev.o)
 .text.archive_seek
                0x0011613c       0xc0 /opt/devkitpro/libctru/lib/libctru.a(archive_dev.o)
 .text._archiveInit.part.0
                0x001161fc       0x78 /opt/devkitpro/libctru/lib/libctru.a(archive_dev.o)
 .text.archiveFindDevice.part.0
                0x00116274      0x110 /opt/devkitpro/libctru/lib/libctru.a(archive_dev.o)
 .text.archive_utf16path
                0x00116384      0x298 /opt/devkitpro/libctru/lib/libctru.a(archive_dev.o)
 .text._archiveUnmountDeviceStruct.part.0
                0x0011661c       0x98 /opt/devkitpro/libctru/lib/libctru.a(archive_dev.o)
 .text._archiveMountDevice
                0x001166b4      0x178 /opt/devkitpro/libctru/lib/libctru.a(archive_dev.o)
 .text.archive_diropen
                0x0011682c       0xf8 /opt/devkitpro/libctru/lib/libctru.a(archive_dev.o)
 .text.archive_fstat
                0x00116924       0xac /opt/devkitpro/libctru/lib/libctru.a(archive_dev.o)
 .text.archive_fsync
                0x001169d0       0x74 /opt/devkitpro/libctru/lib/libctru.a(archive_dev.o)
 .text.archive_close
                0x00116a44       0x74 /opt/devkitpro/libctru/lib/libctru.a(archive_dev.o)
 .text.archive_dirclose
                0x00116ab8       0x78 /opt/devkitpro/libctru/lib/libctru.a(archive_dev.o)
 .text.sdmc_statvfs
                0x00116b30       0xec /opt/devkitpro/libctru/lib/libctru.a(archive_dev.o)
 .text.archive_chdir
                0x00116c1c       0xf8 /opt/devkitpro/libctru/lib/libctru.a(archive_dev.o)
 .text.archive_ftruncate
                0x00116d14       0x8c /opt/devkitpro/libctru/lib/libctru.a(archive_dev.o)
 .text.archive_read
                0x00116da0       0xbc /opt/devkitpro/libctru/lib/libctru.a(archive_dev.o)
 .text.archive_unlink
                0x00116e5c       0xa8 /opt/devkitpro/libctru/lib/libctru.a(archive_dev.o)
 .text.archive_rmdir
                0x00116f04       0xc0 /opt/devkitpro/libctru/lib/libctru.a(archive_dev.o)
 .text.archive_mkdir
                0x00116fc4       0xd8 /opt/devkitpro/libctru/lib/libctru.a(archive_dev.o)
 .text.archive_stat
                0x0011709c      0x1a0 /opt/devkitpro/libctru/lib/libctru.a(archive_dev.o)
 .text.archive_dirnext
                0x0011723c      0x164 /opt/devkitpro/libctru/lib/libctru.a(archive_dev.o)
 .text.archive_write
                0x001173a0      0x13c /opt/devkitpro/libctru/lib/libctru.a(archive_dev.o)
 *fill*         0x001174dc        0x4 
 .text.archive_open
                0x001174e0      0x254 /opt/devkitpro/libctru/lib/libctru.a(archive_dev.o)
 .text.archive_rename
                0x00117734      0x270 /opt/devkitpro/libctru/lib/libctru.a(archive_dev.o)
 .text.archiveMountSdmc
                0x001179a4      0x1c8 /opt/devkitpro/libctru/lib/libctru.a(archive_dev.o)
                0x001179a4                archiveMountSdmc
 .text.archiveUnmountAll
                0x00117b6c       0x54 /opt/devkitpro/libctru/lib/libctru.a(archive_dev.o)
                0x00117b6c                archiveUnmountAll
 .text.sinf     0x00117bc0      0x264 /opt/devkitpro/devkitARM/lib/gcc/arm-none-eabi/15.2.0/../../../../arm-none-eabi/lib/armv6k/fpu/libm.a(libm_a-sinf.o)
                0x00117bc0                sinf
 .text.with_errnof
                0x00117e24       0x24 /opt/devkitpro/devkitARM/lib/gcc/arm-none-eabi/15.2.0/../../../../arm-none-eabi/lib/armv6k/fpu/libm.a(libm_a-math_errf.o)
 .text.__math_invalidf
                0x00117e48       0x1c /opt/devkitpro/devkitARM/lib/gcc/arm-none-eabi/15.2.0/../../../../arm-none-eabi/lib/armv6k/fpu/libm.a(libm_a-math_errf.o)
                0x00117e48                __math_invalidf
 .text.ceilf    0x00117e64       0xc0 /opt/devkitpro/devkitARM/lib/gcc/arm-none-eabi/15.2.0/../../../../arm-none-eabi/lib/armv6k/fpu/libm.a(libm_a-sf_ceil.o)
                0x00117e64                ceilf
 *fill*         0x00117f24        0x4 
 .text.cosf     0x00117f28      0x25c /opt/devkitpro/devkitARM/lib/gcc/arm-none-eabi/15.2.0/../../../../arm-none-eabi/lib/armv6k/fpu/libm.a(libm_a-cosf.o)
                0x00117f28                cosf
 .text.__udivmoddi4
                0x00118184      0x130 /opt/devkitpro/devkitARM/lib/gcc/arm-none-eabi/15.2.0/armv6k/fpu/libgcc.a(_udivmoddi4.o)
                0x00118184                __udivmoddi4
 .text.strncat  0x001182b4       0xe4 /opt/devkitpro/devkitARM/lib/gcc/arm-none-eabi/15.2.0/../../../../arm-none-eabi/lib/armv6k/fpu/libg.a(libc_a-strncat.o)
                0x001182b4                strncat
 .text.memcpy   0x00118398      0x128 /opt/devkitpro/devkitARM/lib/gcc/arm-none-eabi/15.2.0/../../../../arm-none-eabi/lib/armv6k/fpu/libg.a(libc_a-memcpy-stub.o)
                0x00118398                memcpy
 .text.strlen   0x001184c0       0x8c /opt/devkitpro/devkitARM/lib/gcc/arm-none-eabi/15.2.0/../../../../arm-none-eabi/lib/armv6k/fpu/libg.a(libc_a-strlen.o)
                0x001184c0                strlen
 .text._fread_r
                0x0011854c      0x334 /opt/devkitpro/devkitARM/lib/gcc/arm-none-eabi/15.2.0/../../../../arm-none-eabi/lib/armv6k/fpu/libg.a(libc_a-fread.o)
                0x0011854c                _fread_r
 .text.fread    0x00118880       0x38 /opt/devkitpro/devkitARM/lib/gcc/arm-none-eabi/15.2.0/../../../../arm-none-eabi/lib/armv6k/fpu/libg.a(libc_a-fread.o)
                0x00118880                fread
 .text.bsearch  0x001188b8       0x78 /opt/devkitpro/devkitARM/lib/gcc/arm-none-eabi/15.2.0/../../../../arm-none-eabi/lib/armv6k/fpu/libg.a(libc_a-bsearch.o)
                0x001188b8                bsearch
 .text._fopen_r
                0x00118930      0x134 /opt/devkitpro/devkitARM/lib/gcc/arm-none-eabi/15.2.0/../../../../arm-none-eabi/lib/armv6k/fpu/libg.a(libc_a-fopen.o)
                0x00118930                _fopen_r
 .text.fopen    0x00118a64       0x28 /opt/devkitpro/devkitARM/lib/gcc/arm-none-eabi/15.2.0/../../../../arm-none-eabi/lib/armv6k/fpu/libg.a(libc_a-fopen.o)
                0x00118a64                fopen
 .text.memalign
                0x00118a8c       0x28 /opt/devkitpro/devkitARM/lib/gcc/arm-none-eabi/15.2.0/../../../../arm-none-eabi/lib/armv6k/fpu/libg.a(libc_a-malign.o)
                0x00118a8c                memalign
 .text._strtoul_l.isra.0
                0x00118ab4      0x1ec /opt/devkitpro/devkitARM/lib/gcc/arm-none-eabi/15.2.0/../../../../arm-none-eabi/lib/armv6k/fpu/libg.a(libc_a-strtoul.o)
 .text.strtoul  0x00118ca0       0x3c /opt/devkitpro/devkitARM/lib/gcc/arm-none-eabi/15.2.0/../../../../arm-none-eabi/lib/armv6k/fpu/libg.a(libc_a-strtoul.o)
                0x00118ca0                strtoul
 .text.strchr   0x00118cdc      0x140 /opt/devkitpro/devkitARM/lib/gcc/arm-none-eabi/15.2.0/../../../../arm-none-eabi/lib/armv6k/fpu/libg.a(libc_a-strchr.o)
                0x00118cdc                strchr
 .text.memcmp   0x00118e1c       0xd8 /opt/devkitpro/devkitARM/lib/gcc/arm-none-eabi/15.2.0/../../../../arm-none-eabi/lib/armv6k/fpu/libg.a(libc_a-memcmp.o)
                0x00118e1c                memcmp
 .text.calloc   0x00118ef4       0x28 /opt/devkitpro/devkitARM/lib/gcc/arm-none-eabi/15.2.0/../../../../arm-none-eabi/lib/armv6k/fpu/libg.a(libc_a-calloc.o)
                0x00118ef4                calloc
 .text._memalign_r
                0x00118f1c      0x16c /opt/devkitpro/devkitARM/lib/gcc/arm-none-eabi/15.2.0/../../../../arm-none-eabi/lib/armv6k/fpu/libg.a(libc_a-malignr.o)
                0x00118f1c                _memalign_r
 .text.__errno  0x00119088        0xc /opt/devkitpro/devkitARM/lib/gcc/arm-none-eabi/15.2.0/../../../../arm-none-eabi/lib/armv6k/fpu/libg.a(libc_a-errno.o)
                0x00119088                __errno
 .text.__smakebuf_r
                0x00119094      0x164 /opt/devkitpro/devkitARM/lib/gcc/arm-none-eabi/15.2.0/../../../../arm-none-eabi/lib/armv6k/fpu/libg.a(libc_a-makebuf.o)
                0x00119094                __smakebuf_r
 .text.__swhatbuf_r
                0x001191f8       0x90 /opt/devkitpro/devkitARM/lib/gcc/arm-none-eabi/15.2.0/../../../../arm-none-eabi/lib/armv6k/fpu/libg.a(libc_a-makebuf.o)
                0x001191f8                __swhatbuf_r
 .text.memset   0x00119288       0xe4 /opt/devkitpro/devkitARM/lib/gcc/arm-none-eabi/15.2.0/../../../../arm-none-eabi/lib/armv6k/fpu/libg.a(libc_a-memset.o)
                0x00119288                memset
 .text._calloc_r
                0x0011936c       0xd8 /opt/devkitpro/devkitARM/lib/gcc/arm-none-eabi/15.2.0/../../../../arm-none-eabi/lib/armv6k/fpu/libg.a(libc_a-callocr.o)
                0x0011936c                _calloc_r
 .text.__sflush_r
                0x00119444      0x22c /opt/devkitpro/devkitARM/lib/gcc/arm-none-eabi/15.2.0/../../../../arm-none-eabi/lib/armv6k/fpu/libg.a(libc_a-fflush.o)
                0x00119444                __sflush_r
 .text._fflush_r
                0x00119670       0xc4 /opt/devkitpro/devkitARM/lib/gcc/arm-none-eabi/15.2.0/../../../../arm-none-eabi/lib/armv6k/fpu/libg.a(libc_a-fflush.o)
                0x00119670                _fflush_r
 .text.qsort    0x00119734      0x8e8 /opt/devkitpro/devkitARM/lib/gcc/arm-none-eabi/15.2.0/../../../../arm-none-eabi/lib/armv6k/fpu/libg.a(libc_a-qsort.o)
                0x00119734                qsort
 .text._malloc_r
                0x0011a01c      0x82c /opt/devkitpro/devkitARM/lib/gcc/arm-none-eabi/15.2.0/../../../../arm-none-eabi/lib/armv6k/fpu/libg.a(libc_a-mallocr.o)
                0x0011a01c                _malloc_r
 .text._malloc_trim_r
                0x0011a848      0x114 /opt/devkitpro/devkitARM/lib/gcc/arm-none-eabi/15.2.0/../../../../arm-none-eabi/lib/armv6k/fpu/libg.a(libc_a-freer.o)
                0x0011a848                _malloc_trim_r
 .text._free_r  0x0011a95c      0x314 /opt/devkitpro/devkitARM/lib/gcc/arm-none-eabi/15.2.0/../../../../arm-none-eabi/lib/armv6k/fpu/libg.a(libc_a-freer.o)
                0x0011a95c                _free_r
 .text.setvbuf  0x0011ac70      0x294 /opt/devkitpro/devkitARM/lib/gcc/arm-none-eabi/15.2.0/../../../../arm-none-eabi/lib/armv6k/fpu/libg.a(libc_a-setvbuf.o)
                0x0011ac70                setvbuf
 .text.stdio_exit_handler
                0x0011af04       0x1c /opt/devkitpro/devkitARM/lib/gcc/arm-none-eabi/15.2.0/../../../../arm-none-eabi/lib/armv6k/fpu/libg.a(libc_a-findfp.o)
 .text.cleanup_stdio
                0x0011af20       0x5c /opt/devkitpro/devkitARM/lib/gcc/arm-none-eabi/15.2.0/../../../../arm-none-eabi/lib/armv6k/fpu/libg.a(libc_a-findfp.o)
 .text.global_stdio_init.part.0
                0x0011af7c      0x154 /opt/devkitpro/devkitARM/lib/gcc/arm-none-eabi/15.2.0/../../../../arm-none-eabi/lib/armv6k/fpu/libg.a(libc_a-findfp.o)
 .text.__sfp    0x0011b0d0      0x138 /opt/devkitpro/devkitARM/lib/gcc/arm-none-eabi/15.2.0/../../../../arm-none-eabi/lib/armv6k/fpu/libg.a(libc_a-findfp.o)
                0x0011b0d0                __sfp
 .text.__sinit  0x0011b208       0x5c /opt/devkitpro/devkitARM/lib/gcc/arm-none-eabi/15.2.0/../../../../arm-none-eabi/lib/armv6k/fpu/libg.a(libc_a-findfp.o)
                0x0011b208                __sinit
 .text.__sfp_lock_acquire
                0x0011b264        0xc /opt/devkitpro/devkitARM/lib/gcc/arm-none-eabi/15.2.0/../../../../arm-none-eabi/lib/armv6k/fpu/libg.a(libc_a-findfp.o)
                0x0011b264                __sfp_lock_acquire
 .text.__sfp_lock_release
                0x0011b270        0xc /opt/devkitpro/devkitARM/lib/gcc/arm-none-eabi/15.2.0/../../../../arm-none-eabi/lib/armv6k/fpu/libg.a(libc_a-findfp.o)
                0x0011b270                __sfp_lock_release
 .text.__libc_init_array
                0x0011b27c       0x84 /opt/devkitpro/devkitARM/lib/gcc/arm-none-eabi/15.2.0/../../../../arm-none-eabi/lib/armv6k/fpu/libg.a(libc_a-init.o)
                0x0011b27c                __libc_init_array
 .text.strncpy  0x0011b300       0xd4 /opt/devkitpro/devkitARM/lib/gcc/arm-none-eabi/15.2.0/../../../../arm-none-eabi/lib/armv6k/fpu/libg.a(libc_a-strncpy.o)
                0x0011b300                strncpy
 .text._fseek_r
                0x0011b3d4       0x1c /opt/devkitpro/devkitARM/lib/gcc/arm-none-eabi/15.2.0/../../../../arm-none-eabi/lib/armv6k/fpu/libg.a(libc_a-fseek.o)
                0x0011b3d4                _fseek_r
 .text.fseek    0x0011b3f0       0x34 /opt/devkitpro/devkitARM/lib/gcc/arm-none-eabi/15.2.0/../../../../arm-none-eabi/lib/armv6k/fpu/libg.a(libc_a-fseek.o)
                0x0011b3f0                fseek
 .text.malloc   0x0011b424       0x40 /opt/devkitpro/devkitARM/lib/gcc/arm-none-eabi/15.2.0/../../../../arm-none-eabi/lib/armv6k/fpu/libg.a(libc_a-malloc.o)
                0x0011b424                malloc
 .text.free     0x0011b464       0x20 /opt/devkitpro/devkitARM/lib/gcc/arm-none-eabi/15.2.0/../../../../arm-none-eabi/lib/armv6k/fpu/libg.a(libc_a-malloc.o)
                0x0011b464                free
 .text._puts_r  0x0011b484       0xe0 /opt/devkitpro/devkitARM/lib/gcc/arm-none-eabi/15.2.0/../../../../arm-none-eabi/lib/armv6k/fpu/libg.a(libc_a-puts.o)
                0x0011b484                _puts_r
 .text.puts     0x0011b564       0x20 /opt/devkitpro/devkitARM/lib/gcc/arm-none-eabi/15.2.0/../../../../arm-none-eabi/lib/armv6k/fpu/libg.a(libc_a-puts.o)
                0x0011b564                puts
 .text.__sread  0x0011b584       0x44 /opt/devkitpro/devkitARM/lib/gcc/arm-none-eabi/15.2.0/../../../../arm-none-eabi/lib/armv6k/fpu/libg.a(libc_a-stdio.o)
                0x0011b584                __sread
 .text.__swrite
                0x0011b5c8       0x68 /opt/devkitpro/devkitARM/lib/gcc/arm-none-eabi/15.2.0/../../../../arm-none-eabi/lib/armv6k/fpu/libg.a(libc_a-stdio.o)
                0x0011b5c8                __swrite
 .text.__sseek  0x0011b630       0x40 /opt/devkitpro/devkitARM/lib/gcc/arm-none-eabi/15.2.0/../../../../arm-none-eabi/lib/armv6k/fpu/libg.a(libc_a-stdio.o)
                0x0011b630                __sseek
 .text.__sclose
                0x0011b670        0x8 /opt/devkitpro/devkitARM/lib/gcc/arm-none-eabi/15.2.0/../../../../arm-none-eabi/lib/armv6k/fpu/libg.a(libc_a-stdio.o)
                0x0011b670                __sclose
 .text._realloc_r
                0x0011b678      0x4f0 /opt/devkitpro/devkitARM/lib/gcc/arm-none-eabi/15.2.0/../../../../arm-none-eabi/lib/armv6k/fpu/libg.a(libc_a-reallocr.o)
                0x0011b678                _realloc_r
 .text.__malloc_lock
                0x0011bb68        0xc /opt/devkitpro/devkitARM/lib/gcc/arm-none-eabi/15.2.0/../../../../arm-none-eabi/lib/armv6k/fpu/libg.a(libc_a-mlock.o)
                0x0011bb68                __malloc_lock
 .text.__malloc_unlock
                0x0011bb74        0xc /opt/devkitpro/devkitARM/lib/gcc/arm-none-eabi/15.2.0/../../../../arm-none-eabi/lib/armv6k/fpu/libg.a(libc_a-mlock.o)
                0x0011bb74                __malloc_unlock
 .text._fseeko_r
                0x0011bb80      0x588 /opt/devkitpro/devkitARM/lib/gcc/arm-none-eabi/15.2.0/../../../../arm-none-eabi/lib/armv6k/fpu/libg.a(libc_a-fseeko.o)
                0x0011bb80                _fseeko_r
 .text._fclose_r
                0x0011c108      0x148 /opt/devkitpro/devkitARM/lib/gcc/arm-none-eabi/15.2.0/../../../../arm-none-eabi/lib/armv6k/fpu/libg.a(libc_a-fclose.o)
                0x0011c108                _fclose_r
 .text.fclose   0x0011c250       0x20 /opt/devkitpro/devkitARM/lib/gcc/arm-none-eabi/15.2.0/../../../../arm-none-eabi/lib/armv6k/fpu/libg.a(libc_a-fclose.o)
                0x0011c250                fclose
 .text.time     0x0011c270       0x48 /opt/devkitpro/devkitARM/lib/gcc/arm-none-eabi/15.2.0/../../../../arm-none-eabi/lib/armv6k/fpu/libg.a(libc_a-time.o)
                0x0011c270                time
 .text.__call_exitprocs
                0x0011c2b8        0x4 /opt/devkitpro/devkitARM/lib/gcc/arm-none-eabi/15.2.0/../../../../arm-none-eabi/lib/armv6k/fpu/libg.a(libc_a-exit.o)
                0x0011c2b8                __call_exitprocs
 .text.exit     0x0011c2bc       0x30 /opt/devkitpro/devkitARM/lib/gcc/arm-none-eabi/15.2.0/../../../../arm-none-eabi/lib/armv6k/fpu/libg.a(libc_a-exit.o)
                0x0011c2bc                exit
 .text.__sflags
                0x0011c2ec       0xb8 /opt/devkitpro/devkitARM/lib/gcc/arm-none-eabi/15.2.0/../../../../arm-none-eabi/lib/armv6k/fpu/libg.a(libc_a-flags.o)
                0x0011c2ec                __sflags
 .text.__libc_fini_array
                0x0011c3a4       0x3c /opt/devkitpro/devkitARM/lib/gcc/arm-none-eabi/15.2.0/../../../../arm-none-eabi/lib/armv6k/fpu/libg.a(libc_a-fini.o)
                0x0011c3a4                __libc_fini_array
 .text.strnlen  0x0011c3e0       0x3c /opt/devkitpro/devkitARM/lib/gcc/arm-none-eabi/15.2.0/../../../../arm-none-eabi/lib/armv6k/fpu/libg.a(libc_a-strnlen.o)
                0x0011c3e0                strnlen
 .text.strncmp  0x0011c41c       0xd8 /opt/devkitpro/devkitARM/lib/gcc/arm-none-eabi/15.2.0/../../../../arm-none-eabi/lib/armv6k/fpu/libg.a(libc_a-strncmp.o)
                0x0011c41c                strncmp
 .text.lflush   0x0011c4f4       0x38 /opt/devkitpro/devkitARM/lib/gcc/arm-none-eabi/15.2.0/../../../../arm-none-eabi/lib/armv6k/fpu/libg.a(libc_a-refill.o)
 .text.__srefill_r
                0x0011c52c      0x1a8 /opt/devkitpro/devkitARM/lib/gcc/arm-none-eabi/15.2.0/../../../../arm-none-eabi/lib/armv6k/fpu/libg.a(libc_a-refill.o)
                0x0011c52c                __srefill_r
 .text._fwalk_sglue
                0x0011c6d4       0x70 /opt/devkitpro/devkitARM/lib/gcc/arm-none-eabi/15.2.0/../../../../arm-none-eabi/lib/armv6k/fpu/libg.a(libc_a-fwalk.o)
                0x0011c6d4                _fwalk_sglue
 .text.__sfvwrite_r
                0x0011c744      0x4a4 /opt/devkitpro/devkitARM/lib/gcc/arm-none-eabi/15.2.0/../../../../arm-none-eabi/lib/armv6k/fpu/libg.a(libc_a-fvwrite.o)
                0x0011c744                __sfvwrite_r
 .text.memchr   0x0011cbe8       0xe8 /opt/devkitpro/devkitARM/lib/gcc/arm-none-eabi/15.2.0/../../../../arm-none-eabi/lib/armv6k/fpu/libg.a(libc_a-memchr-stub.o)
                0x0011cbe8                memchr
 .text.__swsetup_r
                0x0011ccd0      0x140 /opt/devkitpro/devkitARM/lib/gcc/arm-none-eabi/15.2.0/../../../../arm-none-eabi/lib/armv6k/fpu/libg.a(libc_a-wsetup.o)
                0x0011ccd0                __swsetup_r
 .text.memmove  0x0011ce10      0x1a8 /opt/devkitpro/devkitARM/lib/gcc/arm-none-eabi/15.2.0/../../../../arm-none-eabi/lib/armv6k/fpu/libg.a(libc_a-memmove.o)
                0x0011ce10                memmove
 .text._exit    0x0011cfb8       0x20 /opt/devkitpro/devkitARM/lib/gcc/arm-none-eabi/15.2.0/../../../../arm-none-eabi/lib/armv6k/fpu/libsysbase.a(libsysbase_libsysbase_a-_exit.o)
                0x0011cfb8                _exit
 .text.chdir    0x0011cfd8      0x140 /opt/devkitpro/devkitARM/lib/gcc/arm-none-eabi/15.2.0/../../../../arm-none-eabi/lib/armv6k/fpu/libsysbase.a(libsysbase_libsysbase_a-chdir.o)
                0x0011cfd8                chdir
 .text._concatenate_path
                0x0011d118      0x1c8 /opt/devkitpro/devkitARM/lib/gcc/arm-none-eabi/15.2.0/../../../../arm-none-eabi/lib/armv6k/fpu/libsysbase.a(libsysbase_libsysbase_a-concatenate.o)
                0x0011d118                _concatenate_path
 .text._fstat_r
                0x0011d2e0       0x9c /opt/devkitpro/devkitARM/lib/gcc/arm-none-eabi/15.2.0/../../../../arm-none-eabi/lib/armv6k/fpu/libsysbase.a(libsysbase_libsysbase_a-fstat.o)
                0x0011d2e0                _fstat_r
 .text.__getreent
                0x0011d37c       0x2c /opt/devkitpro/devkitARM/lib/gcc/arm-none-eabi/15.2.0/../../../../arm-none-eabi/lib/armv6k/fpu/libsysbase.a(libsysbase_libsysbase_a-getreent.o)
                0x0011d37c                __getreent
 .text._gettimeofday_r
                0x0011d3a8       0x30 /opt/devkitpro/devkitARM/lib/gcc/arm-none-eabi/15.2.0/../../../../arm-none-eabi/lib/armv6k/fpu/libsysbase.a(libsysbase_libsysbase_a-gettod.o)
                0x0011d3a8                _gettimeofday_r
 .text.__release_handle
                0x0011d3d8       0xa0 /opt/devkitpro/devkitARM/lib/gcc/arm-none-eabi/15.2.0/../../../../arm-none-eabi/lib/armv6k/fpu/libsysbase.a(libsysbase_libsysbase_a-handle_manager.o)
                0x0011d3d8                __release_handle
 .text.__alloc_handle
                0x0011d478       0xb0 /opt/devkitpro/devkitARM/lib/gcc/arm-none-eabi/15.2.0/../../../../arm-none-eabi/lib/armv6k/fpu/libsysbase.a(libsysbase_libsysbase_a-handle_manager.o)
                0x0011d478                __alloc_handle
 .text.__get_handle
                0x0011d528       0x58 /opt/devkitpro/devkitARM/lib/gcc/arm-none-eabi/15.2.0/../../../../arm-none-eabi/lib/armv6k/fpu/libsysbase.a(libsysbase_libsysbase_a-handle_manager.o)
                0x0011d528                __get_handle
 .text._close_r
                0x0011d580      0x110 /opt/devkitpro/devkitARM/lib/gcc/arm-none-eabi/15.2.0/../../../../arm-none-eabi/lib/armv6k/fpu/libsysbase.a(libsysbase_libsysbase_a-handle_manager.o)
                0x0011d580                _close_r
 .text.null_write
                0x0011d690        0x8 /opt/devkitpro/devkitARM/lib/gcc/arm-none-eabi/15.2.0/../../../../arm-none-eabi/lib/armv6k/fpu/libsysbase.a(libsysbase_libsysbase_a-iosupport.o)
 .text.setDefaultDevice
                0x0011d698       0x18 /opt/devkitpro/devkitARM/lib/gcc/arm-none-eabi/15.2.0/../../../../arm-none-eabi/lib/armv6k/fpu/libsysbase.a(libsysbase_libsysbase_a-iosupport.o)
                0x0011d698                setDefaultDevice
 .text.FindDevice
                0x0011d6b0       0x98 /opt/devkitpro/devkitARM/lib/gcc/arm-none-eabi/15.2.0/../../../../arm-none-eabi/lib/armv6k/fpu/libsysbase.a(libsysbase_libsysbase_a-iosupport.o)
                0x0011d6b0                FindDevice
 .text.RemoveDevice
                0x0011d748       0x24 /opt/devkitpro/devkitARM/lib/gcc/arm-none-eabi/15.2.0/../../../../arm-none-eabi/lib/armv6k/fpu/libsysbase.a(libsysbase_libsysbase_a-iosupport.o)
                0x0011d748                RemoveDevice
 .text.AddDevice
                0x0011d76c       0x88 /opt/devkitpro/devkitARM/lib/gcc/arm-none-eabi/15.2.0/../../../../arm-none-eabi/lib/armv6k/fpu/libsysbase.a(libsysbase_libsysbase_a-iosupport.o)
                0x0011d76c                AddDevice
 .text.GetDeviceOpTab
                0x0011d7f4       0x20 /opt/devkitpro/devkitARM/lib/gcc/arm-none-eabi/15.2.0/../../../../arm-none-eabi/lib/armv6k/fpu/libsysbase.a(libsysbase_libsysbase_a-iosupport.o)
                0x0011d7f4                GetDeviceOpTab
 .text._isatty_r
                0x0011d814        0x8 /opt/devkitpro/devkitARM/lib/gcc/arm-none-eabi/15.2.0/../../../../arm-none-eabi/lib/armv6k/fpu/libsysbase.a(libsysbase_libsysbase_a-isatty.o)
                0x0011d814                _isatty_r
 .text._lseek_r
                0x0011d81c       0x94 /opt/devkitpro/devkitARM/lib/gcc/arm-none-eabi/15.2.0/../../../../arm-none-eabi/lib/armv6k/fpu/libsysbase.a(libsysbase_libsysbase_a-lseek.o)
                0x0011d81c                _lseek_r
 .text._open_r  0x0011d8b0       0xc0 /opt/devkitpro/devkitARM/lib/gcc/arm-none-eabi/15.2.0/../../../../arm-none-eabi/lib/armv6k/fpu/libsysbase.a(libsysbase_libsysbase_a-open.o)
                0x0011d8b0                _open_r
 .text._read_r  0x0011d970       0x94 /opt/devkitpro/devkitARM/lib/gcc/arm-none-eabi/15.2.0/../../../../arm-none-eabi/lib/armv6k/fpu/libsysbase.a(libsysbase_libsysbase_a-read.o)
                0x0011d970                _read_r
 .text._sbrk_r  0x0011da04       0x78 /opt/devkitpro/devkitARM/lib/gcc/arm-none-eabi/15.2.0/../../../../arm-none-eabi/lib/armv6k/fpu/libsysbase.a(libsysbase_libsysbase_a-sbrk.o)
                0x0011da04                _sbrk_r
 .text.__libc_lock_acquire
                0x0011da7c       0x1c /opt/devkitpro/devkitARM/lib/gcc/arm-none-eabi/15.2.0/../../../../arm-none-eabi/lib/armv6k/fpu/libsysbase.a(libsysbase_libsysbase_a-syscall_support.o)
                0x0011da7c                __libc_lock_acquire
 .text.__libc_lock_release
                0x0011da98       0x1c /opt/devkitpro/devkitARM/lib/gcc/arm-none-eabi/15.2.0/../../../../arm-none-eabi/lib/armv6k/fpu/libsysbase.a(libsysbase_libsysbase_a-syscall_support.o)
                0x0011da98                __libc_lock_release
 .text.__libc_lock_acquire_recursive
                0x0011dab4       0x1c /opt/devkitpro/devkitARM/lib/gcc/arm-none-eabi/15.2.0/../../../../arm-none-eabi/lib/armv6k/fpu/libsysbase.a(libsysbase_libsysbase_a-syscall_support.o)