Archive member included to satisfy reference by file (symbol)

/opt/devkitpro/libctru/lib/libcitro2d.a(base.o)
                              main.o (C2D_Init)
/opt/devkitpro/libctru/lib/libcitro2d.a(font.o)
                              main.o (C2D_FontFree)
/opt/devkitpro/libctru/lib/libcitro2d.a(spritesheet.o)
                              main.o (C2D_SpriteSheetLoad)
/opt/devkitpro/libctru/lib/libcitro2d.a(text.o)
                              main.o (C2D_TextBufNew)
/opt/devkitpro/libctru/lib/libcitro2d.a(render2d_shbin.o)
                              /opt/devkitpro/libctru/lib/libcitro2d.a(base.o) (render2d_shbin)
/opt/devkitpro/libctru/lib/libcitro3d.a(attribs.o)
                              /opt/devkitpro/libctru/lib/libcitro2d.a(base.o) (AttrInfo_Init)
/opt/devkitpro/libctru/lib/libcitro3d.a(base.o)
                              /opt/devkitpro/libctru/lib/libcitro3d.a(attribs.o) (__C3D_Context)
/opt/devkitpro/libctru/lib/libcitro3d.a(buffers.o)
                              /opt/devkitpro/libctru/lib/libcitro2d.a(base.o) (BufInfo_Init)
/opt/devkitpro/libctru/lib/libcitro3d.a(drawElements.o)
                              /opt/devkitpro/libctru/lib/libcitro2d.a(base.o) (C3D_DrawElements)
/opt/devkitpro/libctru/lib/libcitro3d.a(effect.o)
                              /opt/devkitpro/libctru/lib/libcitro3d.a(base.o) (C3D_DepthMap)
/opt/devkitpro/libctru/lib/libcitro3d.a(framebuffer.o)
                              /opt/devkitpro/libctru/lib/libcitro3d.a(base.o) (C3Di_FrameBufBind)
/opt/devkitpro/libctru/lib/libcitro3d.a(immediate.o)
                              /opt/devkitpro/libctru/lib/libcitro3d.a(base.o) (C3D_ImmSendAttrib)
/opt/devkitpro/libctru/lib/libcitro3d.a(proctex.o)
                              /opt/devkitpro/libctru/lib/libcitro2d.a(base.o) (C3D_ProcTexInit)
/opt/devkitpro/libctru/lib/libcitro3d.a(renderqueue.o)
                              /opt/devkitpro/libctru/lib/libcitro3d.a(base.o) (C3Di_RenderQueueEnableVBlank)
/opt/devkitpro/libctru/lib/libcitro3d.a(tex3ds.o)
                              /opt/devkitpro/libctru/lib/libcitro2d.a(spritesheet.o) (Tex3DS_TextureImport)
/opt/devkitpro/libctru/lib/libcitro3d.a(texenv.o)
                              /opt/devkitpro/libctru/lib/libcitro2d.a(base.o) (C3D_GetTexEnv)
/opt/devkitpro/libctru/lib/libcitro3d.a(texture.o)
                              /opt/devkitpro/libctru/lib/libcitro3d.a(tex3ds.o) (C3D_TexInitWithParams)
/opt/devkitpro/libctru/lib/libcitro3d.a(uniforms.o)
                              /opt/devkitpro/libctru/lib/libcitro3d.a(base.o) (C3D_UpdateUniforms)
/opt/devkitpro/libctru/lib/libcitro3d.a(mtx_multiply.o)
                              /opt/devkitpro/libctru/lib/libcitro2d.a(base.o) (Mtx_Multiply)
/opt/devkitpro/libctru/lib/libcitro3d.a(mtx_ortho.o)
                              /opt/devkitpro/libctru/lib/libcitro2d.a(base.o) (Mtx_Ortho)
/opt/devkitpro/libctru/lib/libcitro3d.a(mtx_orthotilt.o)
                              /opt/devkitpro/libctru/lib/libcitro2d.a(base.o) (Mtx_OrthoTilt)
/opt/devkitpro/libctru/lib/libcitro3d.a(mtx_rotatez.o)
                              /opt/devkitpro/libctru/lib/libcitro2d.a(base.o) (Mtx_RotateZ)
/opt/devkitpro/libctru/lib/libcitro3d.a(mtx_scale.o)
                              /opt/devkitpro/libctru/lib/libcitro2d.a(base.o) (Mtx_Scale)
/opt/devkitpro/libctru/lib/libcitro3d.a(mtx_translate.o)
                              /opt/devkitpro/libctru/lib/libcitro2d.a(base.o) (Mtx_Translate)
/opt/devkitpro/libctru/lib/libctru.a(linear.o)
                              main.o (linearAlloc)
/opt/devkitpro/libctru/lib/libctru.a(mem_pool.o)
                              /opt/devkitpro/libctru/lib/libctru.a(linear.o) (_ZN7MemPool8AllocateER8MemChunkmi)
/opt/devkitpro/libctru/lib/libctru.a(vram.o)
                              /opt/devkitpro/libctru/lib/libcitro3d.a(renderqueue.o) (vramAlloc)
/opt/devkitpro/libctru/lib/libctru.a(console.o)
                              main.o (consoleInit)
/opt/devkitpro/libctru/lib/libctru.a(font.o)
                              /opt/devkitpro/libctru/lib/libcitro2d.a(font.o) (fontEnsureMapped)
/opt/devkitpro/libctru/lib/libctru.a(gfx.o)
                              /opt/devkitpro/libctru/lib/libcitro2d.a(base.o) (gfxIsWide)
/opt/devkitpro/libctru/lib/libctru.a(os.o)
                              /opt/devkitpro/libctru/lib/libcitro3d.a(buffers.o) (osConvertVirtToPhys)
/opt/devkitpro/libctru/lib/libctru.a(romfs_dev.o)
                              main.o (romfsMountSelf)
/opt/devkitpro/libctru/lib/libctru.a(gpu.o)
                              /opt/devkitpro/libctru/lib/libcitro3d.a(renderqueue.o) (gpuCmdBuf)
/opt/devkitpro/libctru/lib/libctru.a(gx.o)
                              /opt/devkitpro/libctru/lib/libcitro3d.a(renderqueue.o) (GX_BindQueue)
/opt/devkitpro/libctru/lib/libctru.a(gxqueue.o)
                              /opt/devkitpro/libctru/lib/libcitro3d.a(renderqueue.o) (gxCmdQueueClear)
/opt/devkitpro/libctru/lib/libctru.a(shaderProgram.o)
[...]
Memory Configuration

Name             Origin             Length             Attributes
*default*        0x00000000         0xffffffff

Linker script and memory map

                0x00000000                        __sync_synchronize = __sync_synchronize_dmb
                0x00100000                        PROVIDE (__start__ = 0x100000)
                0x00100000                        . = __start__

.text           0x00100000    0x1e304
 *(.crt0)
 .crt0          0x00100000       0x94 /opt/devkitpro/devkitARM/lib/gcc/arm-none-eabi/15.2.0/../../../../arm-none-eabi/lib/armv6k/fpu/3dsx_crt0.o
                0x00100000                _start
                0x00100008                __service_ptr
                0x0010000c                __apt_appid
                0x00100010                __heap_size
                0x00100014                __linear_heap_size
                0x00100018                __system_arglist
                0x0010001c                __system_runflags
 *(.init)
 .init          0x00100094        0xc /opt/devkitpro/devkitARM/lib/gcc/arm-none-eabi/15.2.0/armv6k/fpu/crti.o
                0x00100094                _init
 .init          0x001000a0        0xc /opt/devkitpro/devkitARM/lib/gcc/arm-none-eabi/15.2.0/armv6k/fpu/crtn.o
                0x001000ac                        . = ALIGN (0x4)
 *(.text)
 .text          0x001000ac      0x20c /opt/devkitpro/devkitARM/lib/gcc/arm-none-eabi/15.2.0/armv6k/fpu/libgcc.a(_udivsi3.o)
                0x001000ac                __udivsi3
                0x001000ac                __aeabi_uidiv
                0x00100298                __aeabi_uidivmod
 .text          0x001002b8      0x240 /opt/devkitpro/devkitARM/lib/gcc/arm-none-eabi/15.2.0/armv6k/fpu/libgcc.a(_divsi3.o)
                0x001002b8                __aeabi_idiv
                0x001002b8                __divsi3
                0x001004d8                __aeabi_idivmod
 .text          0x001004f8        0x4 /opt/devkitpro/devkitARM/lib/gcc/arm-none-eabi/15.2.0/armv6k/fpu/libgcc.a(_dvmd_tls.o)
                0x001004f8                __aeabi_ldiv0
                0x001004f8                __aeabi_idiv0
 .text          0x001004fc      0x3c0 /opt/devkitpro/devkitARM/lib/gcc/arm-none-eabi/15.2.0/armv6k/fpu/libgcc.a(_arm_addsubdf3.o)
                0x001004fc                __aeabi_drsub
                0x00100504                __aeabi_dsub
                0x00100504                __subdf3
                0x00100508                __adddf3
                0x00100508                __aeabi_dadd
                0x001007b4                __aeabi_ui2d
                0x001007b4                __floatunsidf
                0x001007d8                __floatsidf
                0x001007d8                __aeabi_i2d
                0x00100800                __extendsfdf2
                0x00100800                __aeabi_f2d
                0x00100848                __aeabi_ul2d
                0x00100848                __floatundidf
                0x0010085c                __floatdidf
                0x0010085c                __aeabi_l2d
 .text          0x001008bc       0xd4 /opt/devkitpro/devkitARM/lib/gcc/arm-none-eabi/15.2.0/armv6k/fpu/libgcc.a(_aeabi_ldivmod.o)
                0x001008bc                __aeabi_ldivmod
 *fill*         0x00100990       0x10 
 .text          0x001009a0      0x390 /opt/devkitpro/devkitARM/lib/gcc/arm-none-eabi/15.2.0/../../../../arm-none-eabi/lib/armv6k/fpu/libg.a(libc_a-strcmp.o)
                0x001009a8                strcmp
 *(.text.*)
 .text.__do_global_dtors_aux
                0x00100d30       0x50 /opt/devkitpro/devkitARM/lib/gcc/arm-none-eabi/15.2.0/armv6k/fpu/crtbegin.o
 .text.frame_dummy
                0x00100d80       0x2c /opt/devkitpro/devkitARM/lib/gcc/arm-none-eabi/15.2.0/armv6k/fpu/crtbegin.o
 .text.play_introsound.part.0
                0x00100dac       0xbc main.o
 .text.audioInitWav
                0x00100e68      0x2ec main.o
                0x00100e68                audioInitWav
 .text.audioInitEffects
                0x00101154      0x228 main.o
                0x00101154                audioInitEffects
 .text.playTextBlip
                0x0010137c       0xfc main.o
                0x0010137c                playTextBlip
 .text.drawIntroTextAnimated
                0x00101478      0x1a8 main.o
                0x00101478                drawIntroTextAnimated
 .text.startup.main
                0x00101620      0x5e8 main.o
                0x00101620                main
 .text.C2Di_FrameEndHook
                0x00101c08       0x44 /opt/devkitpro/libctru/lib/libcitro2d.a(base.o)
 .text.C2D_Init
                0x00101c4c      0x368 /opt/devkitpro/libctru/lib/libcitro2d.a(base.o)
                0x00101c4c                C2D_Init
 .text.C2D_Fini
                0x00101fb4       0x4c /opt/devkitpro/libctru/lib/libcitro2d.a(base.o)
                0x00101fb4                C2D_Fini
 .text.C2D_Prepare
                0x00102000       0xbc /opt/devkitpro/libctru/lib/libcitro2d.a(base.o)
                0x00102000                C2D_Prepare
 .text.C2D_Flush
                0x001020bc       0x48 /opt/devkitpro/libctru/lib/libcitro2d.a(base.o)
                0x001020bc                C2D_Flush
 .text.C2D_SceneSize
                0x00102104       0xfc /opt/devkitpro/libctru/lib/libcitro2d.a(base.o)
                0x00102104                C2D_SceneSize
 .text.C2D_CreateScreenTarget
                0x00102200       0x60 /opt/devkitpro/libctru/lib/libcitro2d.a(base.o)
                0x00102200                C2D_CreateScreenTarget
 .text.C2D_TargetClear
                0x00102260       0x60 /opt/devkitpro/libctru/lib/libcitro2d.a(base.o)
                0x00102260                C2D_TargetClear
 .text.C2D_SetTintMode
                0x001022c0       0x44 /opt/devkitpro/libctru/lib/libcitro2d.a(base.o)
                0x001022c0                C2D_SetTintMode
 .text.C2Di_CalcQuad
                0x00102304      0x14c /opt/devkitpro/libctru/lib/libcitro2d.a(base.o)
                0x00102304                C2Di_CalcQuad
 .text.C2Di_AppendQuad
                0x00102450       0x54 /opt/devkitpro/libctru/lib/libcitro2d.a(base.o)
                0x00102450                C2Di_AppendQuad
 .text.C2Di_AppendVtx
                0x001024a4       0x40 /opt/devkitpro/libctru/lib/libcitro2d.a(base.o)
                0x001024a4                C2Di_AppendVtx
 .text.C2Di_Update
                0x001024e4      0x738 /opt/devkitpro/libctru/lib/libcitro2d.a(base.o)
                0x001024e4                C2Di_Update
 .text.C2D_DrawImage
                0x00102c1c      0x2e8 /opt/devkitpro/libctru/lib/libcitro2d.a(base.o)
                0x00102c1c                C2D_DrawImage
 .text.C2D_FontFree
                0x00102f04       0x40 /opt/devkitpro/libctru/lib/libcitro2d.a(font.o)
                0x00102f04                C2D_FontFree
 .text.C2Di_PostLoadFont
                0x00102f44       0xf8 /opt/devkitpro/libctru/lib/libcitro2d.a(font.o)
 .text.C2D_FontLoadFromHandle
                0x0010303c       0xb8 /opt/devkitpro/libctru/lib/libcitro2d.a(font.o)
                0x0010303c                C2D_FontLoadFromHandle
 .text.C2D_FontLoad
                0x001030f4       0x48 /opt/devkitpro/libctru/lib/libcitro2d.a(font.o)
                0x001030f4                C2D_FontLoad
 .text.C2D_FontGlyphIndexFromCodePoint
                0x0010313c       0x50 /opt/devkitpro/libctru/lib/libcitro2d.a(font.o)
                0x0010313c                C2D_FontGlyphIndexFromCodePoint
 .text.C2D_FontCalcGlyphPos
                0x0010318c       0x74 /opt/devkitpro/libctru/lib/libcitro2d.a(font.o)
                0x0010318c                C2D_FontCalcGlyphPos
 .text.C2D_SpriteSheetLoadFromHandle
                0x00103200       0x68 /opt/devkitpro/libctru/lib/libcitro2d.a(spritesheet.o)
                0x00103200                C2D_SpriteSheetLoadFromHandle
 .text.C2D_SpriteSheetLoad
                0x00103268       0x48 /opt/devkitpro/libctru/lib/libcitro2d.a(spritesheet.o)
                0x00103268                C2D_SpriteSheetLoad
 .text.C2D_SpriteSheetFree
                0x001032b0       0x28 /opt/devkitpro/libctru/lib/libcitro2d.a(spritesheet.o)
                0x001032b0                C2D_SpriteSheetFree
 .text.C2D_SpriteSheetGetImage
                0x001032d8       0x28 /opt/devkitpro/libctru/lib/libcitro2d.a(spritesheet.o)
                0x001032d8                C2D_SpriteSheetGetImage
 .text.C2Di_GlyphComp
                0x00103300       0x18 /opt/devkitpro/libctru/lib/libcitro2d.a(text.o)
 .text.C2Di_CalcLineWidths
                0x00103318      0x180 /opt/devkitpro/libctru/lib/libcitro2d.a(text.o)
 .text.C2D_TextBufNew
                0x00103498      0x1d0 /opt/devkitpro/libctru/lib/libcitro2d.a(text.o)
                0x00103498                C2D_TextBufNew
 .text.C2D_TextBufDelete
                0x00103668        0x4 /opt/devkitpro/libctru/lib/libcitro2d.a(text.o)
                0x00103668                C2D_TextBufDelete
 .text.C2D_TextBufClear
                0x0010366c        0xc /opt/devkitpro/libctru/lib/libcitro2d.a(text.o)
                0x0010366c                C2D_TextBufClear
 .text.C2D_TextFontParseLine
                0x00103678      0x1c4 /opt/devkitpro/libctru/lib/libcitro2d.a(text.o)
                0x00103678                C2D_TextFontParseLine
 .text.C2D_TextFontParse
                0x0010383c       0xa4 /opt/devkitpro/libctru/lib/libcitro2d.a(text.o)
                0x0010383c                C2D_TextFontParse
 .text.C2D_TextOptimize
                0x001038e0       0x30 /opt/devkitpro/libctru/lib/libcitro2d.a(text.o)
                0x001038e0                C2D_TextOptimize
 .text.C2D_DrawText
                0x00103910      0xfdc /opt/devkitpro/libctru/lib/libcitro2d.a(text.o)
                0x00103910                C2D_DrawText
 .text.AttrInfo_Init
                0x001048ec       0x28 /opt/devkitpro/libctru/lib/libcitro3d.a(attribs.o)
                0x001048ec                AttrInfo_Init
 .text.AttrInfo_AddLoader
                0x00104914       0x94 /opt/devkitpro/libctru/lib/libcitro3d.a(attribs.o)
                0x00104914                AttrInfo_AddLoader
 .text.C3D_SetAttrInfo
                0x001049a8       0x54 /opt/devkitpro/libctru/lib/libcitro3d.a(attribs.o)
                0x001049a8                C3D_SetAttrInfo
 .text.C3Di_AttrInfoBind
                0x001049fc       0x80 /opt/devkitpro/libctru/lib/libcitro3d.a(attribs.o)
                0x001049fc                C3Di_AttrInfoBind
 .text.C3Di_LightEnvUpdate
                0x00104a7c        0x4 /opt/devkitpro/libctru/lib/libcitro3d.a(base.o)
                0x00104a7c                C3Di_LightEnvUpdate
 .text.C3Di_LightEnvDirty
                0x00104a80        0x4 /opt/devkitpro/libctru/lib/libcitro3d.a(base.o)
                0x00104a80                C3Di_LightEnvDirty
 .text.C3Di_AptEventHook
                0x00104a84       0xb4 /opt/devkitpro/libctru/lib/libcitro3d.a(base.o)
 .text.C3Di_GasUpdate
                0x00104b38        0x4 /opt/devkitpro/libctru/lib/libcitro3d.a(base.o)
                0x00104b38                C3Di_GasUpdate
 .text.C3D_Init
                0x00104b3c      0x1d0 /opt/devkitpro/libctru/lib/libcitro3d.a(base.o)
                0x00104b3c                C3D_Init
 .text.C3D_SetViewport
                0x00104d0c       0x98 /opt/devkitpro/libctru/lib/libcitro3d.a(base.o)
                0x00104d0c                C3D_SetViewport
 .text.C3D_SetScissor
                0x00104da4       0x4c /opt/devkitpro/libctru/lib/libcitro3d.a(base.o)
                0x00104da4                C3D_SetScissor
 .text.C3Di_UpdateContext
                0x00104df0      0x4e8 /opt/devkitpro/libctru/lib/libcitro3d.a(base.o)
                0x00104df0                C3Di_UpdateContext
 .text.C3Di_SplitFrame
                0x001052d8       0xe0 /opt/devkitpro/libctru/lib/libcitro3d.a(base.o)
                0x001052d8                C3Di_SplitFrame
 .text.C3D_Fini
                0x001053b8       0x44 /opt/devkitpro/libctru/lib/libcitro3d.a(base.o)
                0x001053b8                C3D_Fini
 .text.C3D_BindProgram
                0x001053fc      0x194 /opt/devkitpro/libctru/lib/libcitro3d.a(base.o)
                0x001053fc                C3D_BindProgram
 .text.BufInfo_Init
                0x00105590       0x24 /opt/devkitpro/libctru/lib/libcitro3d.a(buffers.o)
                0x00105590                BufInfo_Init
 .text.BufInfo_Add
                0x001055b4       0x80 /opt/devkitpro/libctru/lib/libcitro3d.a(buffers.o)
                0x001055b4                BufInfo_Add
 .text.C3D_SetBufInfo
                0x00105634       0x3c /opt/devkitpro/libctru/lib/libcitro3d.a(buffers.o)
                0x00105634                C3D_SetBufInfo
 .text.C3Di_BufInfoBind
                0x00105670       0x48 /opt/devkitpro/libctru/lib/libcitro3d.a(buffers.o)
                0x00105670                C3Di_BufInfoBind
 .text.C3D_DrawElements
                0x001056b8      0x21c /opt/devkitpro/libctru/lib/libcitro3d.a(drawElements.o)
                0x001056b8                C3D_DrawElements
 .text.C3D_DepthMap
                0x001058d4       0x40 /opt/devkitpro/libctru/lib/libcitro3d.a(effect.o)
                0x001058d4                C3D_DepthMap
 .text.C3D_CullFace
                0x00105914       0x1c /opt/devkitpro/libctru/lib/libcitro3d.a(effect.o)
                0x00105914                C3D_CullFace
 .text.C3D_StencilTest
                0x00105930       0x40 /opt/devkitpro/libctru/lib/libcitro3d.a(effect.o)
                0x00105930                C3D_StencilTest
 .text.C3D_StencilOp
                0x00105970       0x24 /opt/devkitpro/libctru/lib/libcitro3d.a(effect.o)
                0x00105970                C3D_StencilOp
 .text.C3D_BlendingColor
                0x00105994       0x1c /opt/devkitpro/libctru/lib/libcitro3d.a(effect.o)
                0x00105994                C3D_BlendingColor
 .text.C3D_EarlyDepthTest
                0x001059b0       0x24 /opt/devkitpro/libctru/lib/libcitro3d.a(effect.o)
                0x001059b0                C3D_EarlyDepthTest
 .text.C3D_DepthTest
                0x001059d4       0x2c /opt/devkitpro/libctru/lib/libcitro3d.a(effect.o)
                0x001059d4                C3D_DepthTest
 .text.C3D_AlphaTest
                0x00105a00       0x2c /opt/devkitpro/libctru/lib/libcitro3d.a(effect.o)
                0x00105a00                C3D_AlphaTest
 .text.C3D_AlphaBlend
                0x00105a2c       0x50 /opt/devkitpro/libctru/lib/libcitro3d.a(effect.o)
                0x00105a2c                C3D_AlphaBlend
 .text.C3D_FragOpMode
                0x00105a7c       0x30 /opt/devkitpro/libctru/lib/libcitro3d.a(effect.o)
                0x00105a7c                C3D_FragOpMode
 .text.C3D_FragOpShadow
                0x00105aac       0x44 /opt/devkitpro/libctru/lib/libcitro3d.a(effect.o)
                0x00105aac                C3D_FragOpShadow
 .text.C3Di_EffectBind
                0x00105af0      0x1ac /opt/devkitpro/libctru/lib/libcitro3d.a(effect.o)
                0x00105af0                C3Di_EffectBind
 .text.C3D_CalcColorBufSize
                0x00105c9c       0x1c /opt/devkitpro/libctru/lib/libcitro3d.a(framebuffer.o)
                0x00105c9c                C3D_CalcColorBufSize
 .text.C3D_CalcDepthBufSize
                0x00105cb8       0x1c /opt/devkitpro/libctru/lib/libcitro3d.a(framebuffer.o)
                0x00105cb8                C3D_CalcDepthBufSize
 .text.C3D_SetFrameBuf
                0x00105cd4       0x44 /opt/devkitpro/libctru/lib/libcitro3d.a(framebuffer.o)
                0x00105cd4                C3D_SetFrameBuf
 .text.C3Di_FrameBufBind
                0x00105d18      0x16c /opt/devkitpro/libctru/lib/libcitro3d.a(framebuffer.o)
                0x00105d18                C3Di_FrameBufBind
 .text.C3D_FrameBufClear
                0x00105e84       0xc8 /opt/devkitpro/libctru/lib/libcitro3d.a(framebuffer.o)
                0x00105e84                C3D_FrameBufClear
 .text.C3D_FrameBufTransfer
                0x00105f4c       0x44 /opt/devkitpro/libctru/lib/libcitro3d.a(framebuffer.o)
                0x00105f4c                C3D_FrameBufTransfer
 .text.C3D_ImmSendAttrib
                0x00105f90       0xa8 /opt/devkitpro/libctru/lib/libcitro3d.a(immediate.o)
                0x00105f90                C3D_ImmSendAttrib
 .text.C3D_ProcTexInit
                0x00106038       0x70 /opt/devkitpro/libctru/lib/libcitro3d.a(proctex.o)
                0x00106038                C3D_ProcTexInit
 .text.C3D_ProcTexBind
                0x001060a8       0x54 /opt/devkitpro/libctru/lib/libcitro3d.a(proctex.o)
                0x001060a8                C3D_ProcTexBind
 .text.C3D_ProcTexLutBind
                0x001060fc       0x5c /opt/devkitpro/libctru/lib/libcitro3d.a(proctex.o)
                0x001060fc                C3D_ProcTexLutBind
 .text.ProcTexLut_FromArray
                0x00106158       0xa4 /opt/devkitpro/libctru/lib/libcitro3d.a(proctex.o)
                0x00106158                ProcTexLut_FromArray
 .text.C3Di_ProcTexUpdate
                0x001061fc      0x178 /opt/devkitpro/libctru/lib/libcitro3d.a(proctex.o)
                0x001061fc                C3Di_ProcTexUpdate
 .text.C3Di_ProcTexDirty
                0x00106374       0x68 /opt/devkitpro/libctru/lib/libcitro3d.a(proctex.o)
                0x00106374                C3Di_ProcTexDirty
 .text.onVBlank0
                0x001063dc       0x4c /opt/devkitpro/libctru/lib/libcitro3d.a(renderqueue.o)
 .text.onVBlank1
                0x00106428       0x4c /opt/devkitpro/libctru/lib/libcitro3d.a(renderqueue.o)
 .text.C3Di_RenderTargetDestroy
                0x00106474       0x80 /opt/devkitpro/libctru/lib/libcitro3d.a(renderqueue.o)
 .text.onQueueFinish
                0x001064f4       0xf4 /opt/devkitpro/libctru/lib/libcitro3d.a(renderqueue.o)
 .text.C3Di_RenderQueueEnableVBlank
                0x001065e8       0x38 /opt/devkitpro/libctru/lib/libcitro3d.a(renderqueue.o)
                0x001065e8                C3Di_RenderQueueEnableVBlank
 .text.C3Di_RenderQueueDisableVBlank
                0x00106620       0x30 /opt/devkitpro/libctru/lib/libcitro3d.a(renderqueue.o)
                0x00106620                C3Di_RenderQueueDisableVBlank
 .text.C3Di_RenderQueueInit
                0x00106650       0x60 /opt/devkitpro/libctru/lib/libcitro3d.a(renderqueue.o)
                0x00106650                C3Di_RenderQueueInit
 .text.C3Di_RenderQueueExit
                0x001066b0       0xb4 /opt/devkitpro/libctru/lib/libcitro3d.a(renderqueue.o)
                0x001066b0                C3Di_RenderQueueExit
 .text.C3Di_RenderQueueWaitDone
                0x00106764       0x34 /opt/devkitpro/libctru/lib/libcitro3d.a(renderqueue.o)
                0x00106764                C3Di_RenderQueueWaitDone
 .text.C3D_FrameBegin
                0x00106798       0xe8 /opt/devkitpro/libctru/lib/libcitro3d.a(renderqueue.o)
                0x00106798                C3D_FrameBegin
 .text.C3D_FrameDrawOn
                0x00106880       0x48 /opt/devkitpro/libctru/lib/libcitro3d.a(renderqueue.o)
                0x00106880                C3D_FrameDrawOn
 .text.C3D_FrameSplit
                0x001068c8       0x58 /opt/devkitpro/libctru/lib/libcitro3d.a(renderqueue.o)
                0x001068c8                C3D_FrameSplit
 .text.C3D_FrameEnd
                0x00106920      0x1d0 /opt/devkitpro/libctru/lib/libcitro3d.a(renderqueue.o)
                0x00106920                C3D_FrameEnd
 .text.C3D_FrameEndHook
                0x00106af0       0x1c /opt/devkitpro/libctru/lib/libcitro3d.a(renderqueue.o)
                0x00106af0                C3D_FrameEndHook
 .text.C3D_RenderTargetCreate
                0x00106b0c      0x170 /opt/devkitpro/libctru/lib/libcitro3d.a(renderqueue.o)
                0x00106b0c                C3D_RenderTargetCreate
 .text.C3D_RenderTargetSetOutput
                0x00106c7c       0xa8 /opt/devkitpro/libctru/lib/libcitro3d.a(renderqueue.o)
                0x00106c7c                C3D_RenderTargetSetOutput
 .text.C3D_SyncTextureCopy
                0x00106d24       0xfc /opt/devkitpro/libctru/lib/libcitro3d.a(renderqueue.o)
                0x00106d24                C3D_SyncTextureCopy
 .text.Tex3DSi_ImportCommon
                0x00106e20      0x3d8 /opt/devkitpro/libctru/lib/libcitro3d.a(tex3ds.o)
 .text.Tex3DS_TextureImportStdio
                0x001071f8       0x38 /opt/devkitpro/libctru/lib/libcitro3d.a(tex3ds.o)
                0x001071f8                Tex3DS_TextureImportStdio
 .text.Tex3DS_GetSubTexture
                0x00107230       0x1c /opt/devkitpro/libctru/lib/libcitro3d.a(tex3ds.o)
                0x00107230                Tex3DS_GetSubTexture
 .text.Tex3DS_TextureFree
                0x0010724c        0x4 /opt/devkitpro/libctru/lib/libcitro3d.a(tex3ds.o)
                0x0010724c                Tex3DS_TextureFree
 .text.C3D_GetTexEnv
                0x00107250       0x34 /opt/devkitpro/libctru/lib/libcitro3d.a(texenv.o)
                0x00107250                C3D_GetTexEnv
 .text.C3Di_TexEnvBind
                0x00107284       0x24 /opt/devkitpro/libctru/lib/libcitro3d.a(texenv.o)
                0x00107284                C3Di_TexEnvBind
 .text.C3D_TexInitWithParams
                0x001072a8      0x290 /opt/devkitpro/libctru/lib/libcitro3d.a(texture.o)
                0x001072a8                C3D_TexInitWithParams
 .text.C3D_TexLoadImage
                0x00107538       0xc8 /opt/devkitpro/libctru/lib/libcitro3d.a(texture.o)
                0x00107538                C3D_TexLoadImage
 .text.C3D_TexBind
                0x00107600       0x44 /opt/devkitpro/libctru/lib/libcitro3d.a(texture.o)
                0x00107600                C3D_TexBind
 .text.C3D_TexDelete
                0x00107644       0x74 /opt/devkitpro/libctru/lib/libcitro3d.a(texture.o)
                0x00107644                C3D_TexDelete
 .text.C3Di_SetTex
                0x001076b8      0x14c /opt/devkitpro/libctru/lib/libcitro3d.a(texture.o)
                0x001076b8                C3Di_SetTex
 .text.C3D_UpdateUniforms
                0x00107804      0x290 /opt/devkitpro/libctru/lib/libcitro3d.a(uniforms.o)
                0x00107804                C3D_UpdateUniforms
 .text.C3Di_DirtyUniforms
                0x00107a94       0xc0 /opt/devkitpro/libctru/lib/libcitro3d.a(uniforms.o)
                0x00107a94                C3Di_DirtyUniforms
 .text.C3Di_LoadShaderUniforms
                0x00107b54       0xd8 /opt/devkitpro/libctru/lib/libcitro3d.a(uniforms.o)
                0x00107b54                C3Di_LoadShaderUniforms
 .text.C3Di_ClearShaderUniforms
                0x00107c2c       0x28 /opt/devkitpro/libctru/lib/libcitro3d.a(uniforms.o)
                0x00107c2c                C3Di_ClearShaderUniforms
 .text.Mtx_Ortho
                0x00107c54       0xcc /opt/devkitpro/libctru/lib/libcitro3d.a(mtx_ortho.o)
                0x00107c54                Mtx_Ortho
 .text.Mtx_OrthoTilt
                0x00107d20       0xcc /opt/devkitpro/libctru/lib/libcitro3d.a(mtx_orthotilt.o)
                0x00107d20                Mtx_OrthoTilt
 .text._ZL21addrMapNodeComparatorPK11rbtree_nodeS1_
                0x00107dec       0x24 /opt/devkitpro/libctru/lib/libctru.a(linear.o)
 .text._ZL21addrMapNodeDestructorP11rbtree_node
                0x00107e10        0x4 /opt/devkitpro/libctru/lib/libctru.a(linear.o)
 .text.linearMemAlign
                0x00107e14      0x12c /opt/devkitpro/libctru/lib/libctru.a(linear.o)
                0x00107e14                linearMemAlign
 .text.linearAlloc
                0x00107f40        0x8 /opt/devkitpro/libctru/lib/libctru.a(linear.o)
                0x00107f40                linearAlloc
 .text.linearFree
                0x00107f48       0x5c /opt/devkitpro/libctru/lib/libctru.a(linear.o)
                0x00107f48                linearFree
 .text._ZN7MemPool13CoalesceRightEP8MemBlock
                0x00107fa4       0x88 /opt/devkitpro/libctru/lib/libctru.a(mem_pool.o)
                0x00107fa4                _ZN7MemPool13CoalesceRightEP8MemBlock
 .text._ZN7MemPool8AllocateER8MemChunkmi
                0x0010802c      0x178 /opt/devkitpro/libctru/lib/libctru.a(mem_pool.o)
                0x0010802c                _ZN7MemPool8AllocateER8MemChunkmi
 .text._ZN7MemPool10DeallocateERK8MemChunk
                0x001081a4      0x118 /opt/devkitpro/libctru/lib/libctru.a(mem_pool.o)
                0x001081a4                _ZN7MemPool10DeallocateERK8MemChunk
 .text._ZN7MemPool12GetFreeSpaceEv
                0x001082bc       0x30 /opt/devkitpro/libctru/lib/libctru.a(mem_pool.o)
                0x001082bc                _ZN7MemPool12GetFreeSpaceEv
 .text._ZL21addrMapNodeComparatorPK11rbtree_nodeS1_
                0x001082ec       0x24 /opt/devkitpro/libctru/lib/libctru.a(vram.o)
 .text._ZL21addrMapNodeDestructorP11rbtree_node
                0x00108310        0x4 /opt/devkitpro/libctru/lib/libctru.a(vram.o)
 .text.vramMemAlignAt
                0x00108314      0x248 /opt/devkitpro/libctru/lib/libctru.a(vram.o)
                0x00108314                vramMemAlignAt
 .text.vramAlloc
                0x0010855c        0xc /opt/devkitpro/libctru/lib/libctru.a(vram.o)
                0x0010855c                vramAlloc
 .text.vramAllocAt
                0x00108568        0xc /opt/devkitpro/libctru/lib/libctru.a(vram.o)
                0x00108568                vramAllocAt
 .text.vramFree
                0x00108574       0x94 /opt/devkitpro/libctru/lib/libctru.a(vram.o)
                0x00108574                vramFree
 .text.consoleDrawChar
                0x00108608      0x1c8 /opt/devkitpro/libctru/lib/libctru.a(console.o)
                0x00108608                consoleDrawChar
 .text.consolePrintChar
                0x001087d0      0x170 /opt/devkitpro/libctru/lib/libctru.a(console.o)
                0x001087d0                consolePrintChar
 .text.con_write
                0x00108940      0xcc8 /opt/devkitpro/libctru/lib/libctru.a(console.o)
                0x00108940                con_write
 .text.newRow   0x00109608       0xfc /opt/devkitpro/libctru/lib/libctru.a(console.o)
 .text.consoleInit
                0x00109704      0x180 /opt/devkitpro/libctru/lib/libctru.a(console.o)
                0x00109704                consoleInit
 .text.fontEnsureMapped
                0x00109884       0x9c /opt/devkitpro/libctru/lib/libctru.a(font.o)
                0x00109884                fontEnsureMapped
 .text.fontFixPointers
                0x00109920       0x7c /opt/devkitpro/libctru/lib/libctru.a(font.o)
                0x00109920                fontFixPointers
 .text.fontGlyphIndexFromCodePoint
                0x0010999c      0x100 /opt/devkitpro/libctru/lib/libctru.a(font.o)
                0x0010999c                fontGlyphIndexFromCodePoint
 .text.fontCalcGlyphPos
                0x00109a9c      0x214 /opt/devkitpro/libctru/lib/libctru.a(font.o)
                0x00109a9c                fontCalcGlyphPos
 .text.gfxPresentFramebuffer
                0x00109cb0       0xcc /opt/devkitpro/libctru/lib/libctru.a(gfx.o)
 .text.gfxIsWide
                0x00109d7c       0x1c /opt/devkitpro/libctru/lib/libctru.a(gfx.o)
                0x00109d7c                gfxIsWide
 .text.gfxSetScreenFormat
                0x00109d98       0xf8 /opt/devkitpro/libctru/lib/libctru.a(gfx.o)
                0x00109d98                gfxSetScreenFormat
 .text.gfxSetDoubleBuffering
                0x00109e90       0x10 /opt/devkitpro/libctru/lib/libctru.a(gfx.o)
                0x00109e90                gfxSetDoubleBuffering
 .text.gfxInit  0x00109ea0       0xd8 /opt/devkitpro/libctru/lib/libctru.a(gfx.o)
                0x00109ea0                gfxInit
 .text.gfxInitDefault
                0x00109f78       0x10 /opt/devkitpro/libctru/lib/libctru.a(gfx.o)
                0x00109f78                gfxInitDefault
 .text.gfxExit  0x00109f88       0xb8 /opt/devkitpro/libctru/lib/libctru.a(gfx.o)
                0x00109f88                gfxExit
 .text.gfxGetFramebuffer
                0x0010a040       0xa0 /opt/devkitpro/libctru/lib/libctru.a(gfx.o)
                0x0010a040                gfxGetFramebuffer
 .text.gfxFlushBuffers
                0x0010a0e0      0x100 /opt/devkitpro/libctru/lib/libctru.a(gfx.o)
                0x0010a0e0                gfxFlushBuffers
 .text.gfxScreenSwapBuffers
                0x0010a1e0       0x28 /opt/devkitpro/libctru/lib/libctru.a(gfx.o)
                0x0010a1e0                gfxScreenSwapBuffers
 .text.gfxSwapBuffersGpu
                0x0010a208       0x50 /opt/devkitpro/libctru/lib/libctru.a(gfx.o)
                0x0010a208                gfxSwapBuffersGpu
 .text.osConvertVirtToPhys
                0x0010a258       0x74 /opt/devkitpro/libctru/lib/libctru.a(os.o)
                0x0010a258                osConvertVirtToPhys
 .text.osGetTimeRef
                0x0010a2cc       0x54 /opt/devkitpro/libctru/lib/libctru.a(os.o)
                0x0010a2cc                osGetTimeRef
 .text.osGetTime
                0x0010a320       0xec /opt/devkitpro/libctru/lib/libctru.a(os.o)
                0x0010a320                osGetTime
 .text.__ctru_speedup_config
                0x0010a40c       0x34 /opt/devkitpro/libctru/lib/libctru.a(os.o)
                0x0010a40c                __ctru_speedup_config
 .text.romfs_close
                0x0010a440        0x8 /opt/devkitpro/libctru/lib/libctru.a(romfs_dev.o)
 .text.romfs_seek
                0x0010a448       0xac /opt/devkitpro/libctru/lib/libctru.a(romfs_dev.o)
 .text.romfs_dirreset
                0x0010a4f4       0x24 /opt/devkitpro/libctru/lib/libctru.a(romfs_dev.o)
 .text.fill_dir
                0x0010a518       0xc0 /opt/devkitpro/libctru/lib/libctru.a(romfs_dev.o)
 .text.romfs_dirnext
                0x0010a5d8      0x2ac /opt/devkitpro/libctru/lib/libctru.a(romfs_dev.o)
 .text.romfs_free
                0x0010a884       0x74 /opt/devkitpro/libctru/lib/libctru.a(romfs_dev.o)
 .text.searchForFile.constprop.0
                0x0010a8f8       0xd0 /opt/devkitpro/libctru/lib/libctru.a(romfs_dev.o)
 .text.searchForDir.constprop.0
                0x0010a9c8       0xd4 /opt/devkitpro/libctru/lib/libctru.a(romfs_dev.o)
 .text.navigateToDir.constprop.0
                0x0010aa9c      0x1c0 /opt/devkitpro/libctru/lib/libctru.a(romfs_dev.o)
 .text.romfs_open
                0x0010ac5c      0x114 /opt/devkitpro/libctru/lib/libctru.a(romfs_dev.o)
 .text.romfs_chdir
                0x0010ad70       0x4c /opt/devkitpro/libctru/lib/libctru.a(romfs_dev.o)
 .text.romfs_diropen
                0x0010adbc       0x68 /opt/devkitpro/libctru/lib/libctru.a(romfs_dev.o)
 .text.romfs_stat
                0x0010ae24      0x178 /opt/devkitpro/libctru/lib/libctru.a(romfs_dev.o)
 .text.romfs_dirclose
                0x0010af9c        0x8 /opt/devkitpro/libctru/lib/libctru.a(romfs_dev.o)
 *fill*         0x0010afa4        0x4 
 .text.romfs_fstat
                0x0010afa8       0x7c /opt/devkitpro/libctru/lib/libctru.a(romfs_dev.o)
 .text.romfs_read
                0x0010b024       0xd0 /opt/devkitpro/libctru/lib/libctru.a(romfs_dev.o)
 .text.romfsMountFromFile
                0x0010b0f4      0x294 /opt/devkitpro/libctru/lib/libctru.a(romfs_dev.o)
                0x0010b0f4                romfsMountFromFile
 .text.romfsMountFromCurrentProcess
                0x0010b388       0x98 /opt/devkitpro/libctru/lib/libctru.a(romfs_dev.o)
                0x0010b388                romfsMountFromCurrentProcess
 .text.romfsMountSelf
                0x0010b420      0x258 /opt/devkitpro/libctru/lib/libctru.a(romfs_dev.o)
                0x0010b420                romfsMountSelf
 .text.romfsUnmount
                0x0010b678       0xa0 /opt/devkitpro/libctru/lib/libctru.a(romfs_dev.o)
                0x0010b678                romfsUnmount
 .text.GPUCMD_Add
                0x0010b718      0x13c /opt/devkitpro/libctru/lib/libctru.a(gpu.o)
                0x0010b718                GPUCMD_Add
 .text.GPUCMD_Split
                0x0010b854       0xb0 /opt/devkitpro/libctru/lib/libctru.a(gpu.o)
                0x0010b854                GPUCMD_Split
 .text.f32tof16
                0x0010b904       0x34 /opt/devkitpro/libctru/lib/libctru.a(gpu.o)
                0x0010b904                f32tof16
 .text.f32tof24
                0x0010b938       0x34 /opt/devkitpro/libctru/lib/libctru.a(gpu.o)
                0x0010b938                f32tof24
 .text.f32tof31
                0x0010b96c       0x38 /opt/devkitpro/libctru/lib/libctru.a(gpu.o)
                0x0010b96c                f32tof31
 .text.GX_BindQueue
                0x0010b9a4       0x10 /opt/devkitpro/libctru/lib/libctru.a(gx.o)
                0x0010b9a4                GX_BindQueue
 .text.GX_ProcessCommandList
                0x0010b9b4       0x7c /opt/devkitpro/libctru/lib/libctru.a(gx.o)
                0x0010b9b4                GX_ProcessCommandList
 .text.GX_MemoryFill
                0x0010ba30       0x74 /opt/devkitpro/libctru/lib/libctru.a(gx.o)
                0x0010ba30                GX_MemoryFill
 .text.GX_DisplayTransfer
                0x0010baa4       0x74 /opt/devkitpro/libctru/lib/libctru.a(gx.o)
                0x0010baa4                GX_DisplayTransfer
 .text.GX_TextureCopy
                0x0010bb18       0x78 /opt/devkitpro/libctru/lib/libctru.a(gx.o)
                0x0010bb18                GX_TextureCopy
 .text.gxCmdQueueDoCommands.part.0
                0x0010bb90       0x64 /opt/devkitpro/libctru/lib/libctru.a(gxqueue.o)
 .text.gxCmdQueueInterrupt
                0x0010bbf4       0xe4 /opt/devkitpro/libctru/lib/libctru.a(gxqueue.o)
                0x0010bbf4                gxCmdQueueInterrupt
 .text.gxCmdQueueClear
                0x0010bcd8       0x68 /opt/devkitpro/libctru/lib/libctru.a(gxqueue.o)
                0x0010bcd8                gxCmdQueueClear
 .text.gxCmdQueueAdd
                0x0010bd40      0x108 /opt/devkitpro/libctru/lib/libctru.a(gxqueue.o)
                0x0010bd40                gxCmdQueueAdd
 .text.gxCmdQueueRun
                0x0010be48       0x80 /opt/devkitpro/libctru/lib/libctru.a(gxqueue.o)
                0x0010be48                gxCmdQueueRun
 .text.gxCmdQueueStop
                0x0010bec8       0x64 /opt/devkitpro/libctru/lib/libctru.a(gxqueue.o)
                0x0010bec8                gxCmdQueueStop
 .text.gxCmdQueueWait
                0x0010bf2c       0xac /opt/devkitpro/libctru/lib/libctru.a(gxqueue.o)
                0x0010bf2c                gxCmdQueueWait
 .text.shaderInstanceInit
                0x0010bfd8      0x1e0 /opt/devkitpro/libctru/lib/libctru.a(shaderProgram.o)
                0x0010bfd8                shaderInstanceInit
 .text.shaderInstanceGetUniformLocation
                0x0010c1b8       0x18 /opt/devkitpro/libctru/lib/libctru.a(shaderProgram.o)
                0x0010c1b8                shaderInstanceGetUniformLocation
 .text.shaderProgramInit
                0x0010c1d0       0x1c /opt/devkitpro/libctru/lib/libctru.a(shaderProgram.o)
                0x0010c1d0                shaderProgramInit
 .text.shaderProgramFree
                0x0010c1ec       0x74 /opt/devkitpro/libctru/lib/libctru.a(shaderProgram.o)
                0x0010c1ec                shaderProgramFree
 .text.shaderProgramSetVsh
                0x0010c260       0x94 /opt/devkitpro/libctru/lib/libctru.a(shaderProgram.o)
                0x0010c260                shaderProgramSetVsh
 .text.shaderProgramConfigure
                0x0010c2f4      0x8d0 /opt/devkitpro/libctru/lib/libctru.a(shaderProgram.o)
                0x0010c2f4                shaderProgramConfigure
 .text.DVLE_GenerateOutmap.part.0
                0x0010cbc4      0x1dc /opt/devkitpro/libctru/lib/libctru.a(shbin.o)
 .text.DVLB_ParseFile
                0x0010cda0      0x1ac /opt/devkitpro/libctru/lib/libctru.a(shbin.o)
                0x0010cda0                DVLB_ParseFile
 .text.DVLB_Free
                0x0010cf4c       0x50 /opt/devkitpro/libctru/lib/libctru.a(shbin.o)
                0x0010cf4c                DVLB_Free
 .text.DVLE_GetUniformRegister
                0x0010cf9c       0x74 /opt/devkitpro/libctru/lib/libctru.a(shbin.o)
                0x0010cf9c                DVLE_GetUniformRegister
 .text.ndspUpdateMaster
                0x0010d010      0x158 /opt/devkitpro/libctru/lib/libctru.a(ndsp.o)
 .text.ndspFinalize
                0x0010d168      0x108 /opt/devkitpro/libctru/lib/libctru.a(ndsp.o)
 .text.ndspInitialize.part.0
                0x0010d270      0x25c /opt/devkitpro/libctru/lib/libctru.a(ndsp.o)
 .text.ndspHookCallback
                0x0010d4cc      0x108 /opt/devkitpro/libctru/lib/libctru.a(ndsp.o)
 *fill*         0x0010d5d4        0x4 
 .text.ndspThreadMain
                0x0010d5d8      0x318 /opt/devkitpro/libctru/lib/libctru.a(ndsp.o)
 .text.ndspInit
                0x0010d8f0      0x3f0 /opt/devkitpro/libctru/lib/libctru.a(ndsp.o)
                0x0010d8f0                ndspInit
 .text.ndspExit
                0x0010dce0       0xd8 /opt/devkitpro/libctru/lib/libctru.a(ndsp.o)
                0x0010dce0                ndspExit
 .text.ndspSetOutputMode
                0x0010ddb8       0x34 /opt/devkitpro/libctru/lib/libctru.a(ndsp.o)
                0x0010ddb8                ndspSetOutputMode
 .text.ndspChnReset
                0x0010ddec       0xe0 /opt/devkitpro/libctru/lib/libctru.a(ndsp-channel.o)
                0x0010ddec                ndspChnReset
 .text.ndspChnSetFormat
                0x0010decc       0x18 /opt/devkitpro/libctru/lib/libctru.a(ndsp-channel.o)
                0x0010decc                ndspChnSetFormat
 .text.ndspChnSetInterp
                0x0010dee4       0x50 /opt/devkitpro/libctru/lib/libctru.a(ndsp-channel.o)
                0x0010dee4                ndspChnSetInterp
 .text.ndspChnSetRate
                0x0010df34       0x60 /opt/devkitpro/libctru/lib/libctru.a(ndsp-channel.o)
                0x0010df34                ndspChnSetRate
 .text.ndspChnSetMix
                0x0010df94       0x80 /opt/devkitpro/libctru/lib/libctru.a(ndsp-channel.o)
                0x0010df94                ndspChnSetMix
 .text.ndspChnWaveBufAdd
                0x0010e014       0xc8 /opt/devkitpro/libctru/lib/libctru.a(ndsp-channel.o)
                0x0010e014                ndspChnWaveBufAdd
 .text.ndspiInitChn
                0x0010e0dc       0x40 /opt/devkitpro/libctru/lib/libctru.a(ndsp-channel.o)
                0x0010e0dc                ndspiInitChn
 .text.ndspiDirtyChn
                0x0010e11c       0x2c /opt/devkitpro/libctru/lib/libctru.a(ndsp-channel.o)
                0x0010e11c                ndspiDirtyChn
 .text.ndspiUpdateChn
                0x0010e148      0x43c /opt/devkitpro/libctru/lib/libctru.a(ndsp-channel.o)
                0x0010e148                ndspiUpdateChn
 .text.ndspiReadChnState
                0x0010e584      0x180 /opt/devkitpro/libctru/lib/libctru.a(ndsp-channel.o)
                0x0010e584                ndspiReadChnState
 .text.aptConvertScreenForCapture
                0x0010e704      0x180 /opt/devkitpro/libctru/lib/libctru.a(apt.o)
 .text.aptSendCommand
                0x0010e884      0x138 /opt/devkitpro/libctru/lib/libctru.a(apt.o)
                0x0010e884                aptSendCommand
 *fill*         0x0010e9bc        0x4 
 .text.aptExitProcess
                0x0010e9c0       0x44 /opt/devkitpro/libctru/lib/libctru.a(apt.o)
 .text.aptExit  0x0010ea04      0x394 /opt/devkitpro/libctru/lib/libctru.a(apt.o)
                0x0010ea04                aptExit
 .text.aptHandleSleep
                0x0010ed98       0xd8 /opt/devkitpro/libctru/lib/libctru.a(apt.o)
                0x0010ed98                aptHandleSleep
 .text.aptHook  0x0010ee70       0x34 /opt/devkitpro/libctru/lib/libctru.a(apt.o)
                0x0010ee70                aptHook
 .text.aptUnhook
                0x0010eea4       0x30 /opt/devkitpro/libctru/lib/libctru.a(apt.o)
                0x0010eea4                aptUnhook
 .text.APT_SleepIfShellClosed
                0x0010eed4       0x84 /opt/devkitpro/libctru/lib/libctru.a(apt.o)
                0x0010eed4                APT_SleepIfShellClosed
 .text.aptSetSleepAllowed
                0x0010ef58       0x78 /opt/devkitpro/libctru/lib/libctru.a(apt.o)
                0x0010ef58                aptSetSleepAllowed
 .text.APT_UnlockTransition
                0x0010efd0       0x84 /opt/devkitpro/libctru/lib/libctru.a(apt.o)
                0x0010efd0                APT_UnlockTransition
 *fill*         0x0010f054        0x4 
 .text.aptEventHandler
                0x0010f058      0x470 /opt/devkitpro/libctru/lib/libctru.a(apt.o)
 .text.APT_ReceiveParameter
                0x0010f4c8       0xbc /opt/devkitpro/libctru/lib/libctru.a(apt.o)
                0x0010f4c8                APT_ReceiveParameter
 .text.aptReceiveParameter.constprop.0
                0x0010f584       0xb0 /opt/devkitpro/libctru/lib/libctru.a(apt.o)
 *fill*         0x0010f634        0x4 
 .text.aptScreenTransfer
                0x0010f638      0x294 /opt/devkitpro/libctru/lib/libctru.a(apt.o)
 .text.aptWaitForWakeUp.isra.0
                0x0010f8cc      0x2d0 /opt/devkitpro/libctru/lib/libctru.a(apt.o)
 .text.aptJumpToHomeMenu
                0x0010fb9c       0xf4 /opt/devkitpro/libctru/lib/libctru.a(apt.o)
                0x0010fb9c                aptJumpToHomeMenu
 .text.aptMainLoop
                0x0010fc90       0x58 /opt/devkitpro/libctru/lib/libctru.a(apt.o)
                0x0010fc90                aptMainLoop
 .text.aptInit  0x0010fce8      0x240 /opt/devkitpro/libctru/lib/libctru.a(apt.o)
                0x0010fce8                aptInit
 .text.APT_CheckNew3DS
                0x0010ff28       0x90 /opt/devkitpro/libctru/lib/libctru.a(apt.o)
                0x0010ff28                APT_CheckNew3DS
 .text.APT_GetSharedFont
                0x0010ffb8       0x48 /opt/devkitpro/libctru/lib/libctru.a(apt.o)
                0x0010ffb8                APT_GetSharedFont
 .text.cfguInit
                0x00110000       0xa8 /opt/devkitpro/libctru/lib/libctru.a(cfgu.o)
                0x00110000                cfguInit
 .text.cfguExit
                0x001100a8       0x3c /opt/devkitpro/libctru/lib/libctru.a(cfgu.o)
                0x001100a8                cfguExit
 .text.CFGU_GetConfigInfoBlk2
                0x001100e4       0x4c /opt/devkitpro/libctru/lib/libctru.a(cfgu.o)
                0x001100e4                CFGU_GetConfigInfoBlk2
 .text.DSP_LoadComponent.part.0
                0x00110130       0xa4 /opt/devkitpro/libctru/lib/libctru.a(dsp.o)
 .text.dspInit  0x001101d4       0xfc /opt/devkitpro/libctru/lib/libctru.a(dsp.o)
                0x001101d4                dspInit
 .text.dspExit  0x001102d0       0x8c /opt/devkitpro/libctru/lib/libctru.a(dsp.o)
                0x001102d0                dspExit
 .text.dspHook  0x0011035c       0x24 /opt/devkitpro/libctru/lib/libctru.a(dsp.o)
                0x0011035c                dspHook
 .text.dspUnhook
                0x00110380       0x30 /opt/devkitpro/libctru/lib/libctru.a(dsp.o)
                0x00110380                dspUnhook
 .text.aptDspSleep
                0x001103b0       0xb4 /opt/devkitpro/libctru/lib/libctru.a(dsp.o)
                0x001103b0                aptDspSleep
 .text.aptDspWakeup
                0x00110464       0xb4 /opt/devkitpro/libctru/lib/libctru.a(dsp.o)
                0x00110464                aptDspWakeup
 .text.aptDspCancel
                0x00110518       0x44 /opt/devkitpro/libctru/lib/libctru.a(dsp.o)
                0x00110518                aptDspCancel
 .text.DSP_FlushDataCache
                0x0011055c       0x50 /opt/devkitpro/libctru/lib/libctru.a(dsp.o)
                0x0011055c                DSP_FlushDataCache
 .text.DSP_SetSemaphore
                0x001105ac       0x34 /opt/devkitpro/libctru/lib/libctru.a(dsp.o)
                0x001105ac                DSP_SetSemaphore
 .text.DSP_SetSemaphoreMask
                0x001105e0       0x34 /opt/devkitpro/libctru/lib/libctru.a(dsp.o)
                0x001105e0                DSP_SetSemaphoreMask
 .text.DSP_GetSemaphoreHandle
                0x00110614       0x38 /opt/devkitpro/libctru/lib/libctru.a(dsp.o)
                0x00110614                DSP_GetSemaphoreHandle
 .text.DSP_LoadComponent
                0x0011064c       0x3c /opt/devkitpro/libctru/lib/libctru.a(dsp.o)
                0x0011064c                DSP_LoadComponent
 .text.DSP_RegisterInterruptEvents
                0x00110688       0x44 /opt/devkitpro/libctru/lib/libctru.a(dsp.o)
                0x00110688                DSP_RegisterInterruptEvents
 .text.DSP_ReadPipeIfPossible
                0x001106cc       0x78 /opt/devkitpro/libctru/lib/libctru.a(dsp.o)
                0x001106cc                DSP_ReadPipeIfPossible
 .text.DSP_WriteProcessPipe
                0x00110744       0x4c /opt/devkitpro/libctru/lib/libctru.a(dsp.o)
                0x00110744                DSP_WriteProcessPipe
 .text.DSP_ConvertProcessAddressFromDspDram
                0x00110790       0x44 /opt/devkitpro/libctru/lib/libctru.a(dsp.o)
                0x00110790                DSP_ConvertProcessAddressFromDspDram
 .text.DSP_RecvData
                0x001107d4       0x44 /opt/devkitpro/libctru/lib/libctru.a(dsp.o)
                0x001107d4                DSP_RecvData
 .text.DSP_RecvDataIsReady
                0x00110818       0x50 /opt/devkitpro/libctru/lib/libctru.a(dsp.o)
                0x00110818                DSP_RecvDataIsReady
 .text.fsInit   0x00110868      0x104 /opt/devkitpro/libctru/lib/libctru.a(fs.o)
                0x00110868                fsInit
 .text.fsExit   0x0011096c       0x3c /opt/devkitpro/libctru/lib/libctru.a(fs.o)
                0x0011096c                fsExit
 .text.fsExemptFromSession
                0x001109a8       0x68 /opt/devkitpro/libctru/lib/libctru.a(fs.o)
                0x001109a8                fsExemptFromSession
 .text.fsUnexemptFromSession
                0x00110a10       0x50 /opt/devkitpro/libctru/lib/libctru.a(fs.o)
                0x00110a10                fsUnexemptFromSession
 .text.FSUSER_OpenFile
                0x00110a60       0xcc /opt/devkitpro/libctru/lib/libctru.a(fs.o)
                0x00110a60                FSUSER_OpenFile
 .text.FSUSER_OpenFileDirectly
                0x00110b2c       0xcc /opt/devkitpro/libctru/lib/libctru.a(fs.o)
                0x00110b2c                FSUSER_OpenFileDirectly
 .text.FSUSER_DeleteFile
                0x00110bf8       0xb8 /opt/devkitpro/libctru/lib/libctru.a(fs.o)
                0x00110bf8                FSUSER_DeleteFile
 .text.FSUSER_RenameFile
                0x00110cb0       0xf4 /opt/devkitpro/libctru/lib/libctru.a(fs.o)
                0x00110cb0                FSUSER_RenameFile
 .text.FSUSER_DeleteDirectory
                0x00110da4       0xb8 /opt/devkitpro/libctru/lib/libctru.a(fs.o)
                0x00110da4                FSUSER_DeleteDirectory
 .text.FSUSER_CreateFile
                0x00110e5c       0xd0 /opt/devkitpro/libctru/lib/libctru.a(fs.o)
                0x00110e5c                FSUSER_CreateFile
 .text.FSUSER_CreateDirectory
                0x00110f2c       0xc0 /opt/devkitpro/libctru/lib/libctru.a(fs.o)
                0x00110f2c                FSUSER_CreateDirectory
 .text.FSUSER_RenameDirectory
                0x00110fec       0xf4 /opt/devkitpro/libctru/lib/libctru.a(fs.o)
                0x00110fec                FSUSER_RenameDirectory
 .text.FSUSER_OpenDirectory
                0x001110e0       0xb4 /opt/devkitpro/libctru/lib/libctru.a(fs.o)
                0x001110e0                FSUSER_OpenDirectory
 .text.FSUSER_OpenArchive
                0x00111194       0x90 /opt/devkitpro/libctru/lib/libctru.a(fs.o)
                0x00111194                FSUSER_OpenArchive
 .text.FSUSER_CloseArchive
                0x00111224       0x8c /opt/devkitpro/libctru/lib/libctru.a(fs.o)
                0x00111224                FSUSER_CloseArchive
 .text.FSUSER_GetSdmcArchiveResource
                0x001112b0       0x74 /opt/devkitpro/libctru/lib/libctru.a(fs.o)
                0x001112b0                FSUSER_GetSdmcArchiveResource
 .text.FSUSER_IsSdmcWritable
                0x00111324       0x64 /opt/devkitpro/libctru/lib/libctru.a(fs.o)
                0x00111324                FSUSER_IsSdmcWritable
 .text.FSFILE_Read
                0x00111388       0x64 /opt/devkitpro/libctru/lib/libctru.a(fs.o)
                0x00111388                FSFILE_Read
 .text.FSFILE_Write
                0x001113ec       0x6c /opt/devkitpro/libctru/lib/libctru.a(fs.o)
                0x001113ec                FSFILE_Write
 .text.FSFILE_GetSize
                0x00111458       0x44 /opt/devkitpro/libctru/lib/libctru.a(fs.o)
                0x00111458                FSFILE_GetSize
 .text.FSFILE_SetSize
                0x0011149c       0x28 /opt/devkitpro/libctru/lib/libctru.a(fs.o)
                0x0011149c                FSFILE_SetSize
 .text.FSFILE_Close
                0x001114c4       0x3c /opt/devkitpro/libctru/lib/libctru.a(fs.o)
                0x001114c4                FSFILE_Close
 .text.FSFILE_Flush
                0x00111500       0x24 /opt/devkitpro/libctru/lib/libctru.a(fs.o)
                0x00111500                FSFILE_Flush
 .text.FSDIR_Read
                0x00111524       0x60 /opt/devkitpro/libctru/lib/libctru.a(fs.o)
                0x00111524                FSDIR_Read
 .text.FSDIR_Close
                0x00111584       0x3c /opt/devkitpro/libctru/lib/libctru.a(fs.o)
                0x00111584                FSDIR_Close
 .text.gspHardwareInit
                0x001115c0      0xc70 /opt/devkitpro/libctru/lib/libctru.a(gspgpu.o)
 .text.gspInit  0x00112230      0x288 /opt/devkitpro/libctru/lib/libctru.a(gspgpu.o)
                0x00112230                gspInit
 .text.gspExit  0x001124b8      0x104 /opt/devkitpro/libctru/lib/libctru.a(gspgpu.o)
                0x001124b8                gspExit
 .text.gspHasGpuRight
                0x001125bc       0x10 /opt/devkitpro/libctru/lib/libctru.a(gspgpu.o)
                0x001125bc                gspHasGpuRight
 .text.gspPresentBuffer
                0x001125cc       0xa4 /opt/devkitpro/libctru/lib/libctru.a(gspgpu.o)
                0x001125cc                gspPresentBuffer
 .text.gspSetEventCallback
                0x00112670       0x30 /opt/devkitpro/libctru/lib/libctru.a(gspgpu.o)
                0x00112670                gspSetEventCallback
 .text.gspWaitForEvent
                0x001126a0       0x50 /opt/devkitpro/libctru/lib/libctru.a(gspgpu.o)
                0x001126a0                gspWaitForEvent
 .text.gspWaitForAnyEvent
                0x001126f0       0x4c /opt/devkitpro/libctru/lib/libctru.a(gspgpu.o)
                0x001126f0                gspWaitForAnyEvent
 .text.gspEventThreadMain
                0x0011273c      0x154 /opt/devkitpro/libctru/lib/libctru.a(gspgpu.o)
 .text.gspSubmitGxCommand
                0x00112890      0x12c /opt/devkitpro/libctru/lib/libctru.a(gspgpu.o)
                0x00112890                gspSubmitGxCommand
 .text.GSPGPU_FlushDataCache
                0x001129bc       0x50 /opt/devkitpro/libctru/lib/libctru.a(gspgpu.o)
                0x001129bc                GSPGPU_FlushDataCache
 .text.GSPGPU_SetLcdForceBlack
                0x00112a0c       0x34 /opt/devkitpro/libctru/lib/libctru.a(gspgpu.o)
                0x00112a0c                GSPGPU_SetLcdForceBlack
 .text.GSPGPU_AcquireRight
                0x00112a40       0x84 /opt/devkitpro/libctru/lib/libctru.a(gspgpu.o)
                0x00112a40                GSPGPU_AcquireRight
 .text.GSPGPU_ReleaseRight
                0x00112ac4       0x64 /opt/devkitpro/libctru/lib/libctru.a(gspgpu.o)
                0x00112ac4                GSPGPU_ReleaseRight
 .text.GSPGPU_ImportDisplayCaptureInfo
                0x00112b28       0x7c /opt/devkitpro/libctru/lib/libctru.a(gspgpu.o)
                0x00112b28                GSPGPU_ImportDisplayCaptureInfo
 .text.GSPGPU_SaveVramSysArea
                0x00112ba4       0x2c /opt/devkitpro/libctru/lib/libctru.a(gspgpu.o)
                0x00112ba4                GSPGPU_SaveVramSysArea
 .text.GSPGPU_RestoreVramSysArea
                0x00112bd0       0x2c /opt/devkitpro/libctru/lib/libctru.a(gspgpu.o)
                0x00112bd0                GSPGPU_RestoreVramSysArea
 .text.hidShouldUseIrrst
                0x00112bfc       0x24 /opt/devkitpro/libctru/lib/libctru.a(hid.o)
                0x00112bfc                hidShouldUseIrrst
 .text.hidInit  0x00112c20      0x1cc /opt/devkitpro/libctru/lib/libctru.a(hid.o)
                0x00112c20                hidInit
 .text.hidExit  0x00112dec       0xe8 /opt/devkitpro/libctru/lib/libctru.a(hid.o)
                0x00112dec                hidExit
 .text.hidScanInput
                0x00112ed4      0x2a0 /opt/devkitpro/libctru/lib/libctru.a(hid.o)
                0x00112ed4                hidScanInput
 .text.hidKeysDown
                0x00113174       0x10 /opt/devkitpro/libctru/lib/libctru.a(hid.o)
                0x00113174                hidKeysDown
 .text.irrstInit
                0x00113184      0x1a4 /opt/devkitpro/libctru/lib/libctru.a(irrst.o)
                0x00113184                irrstInit
 .text.irrstExit
                0x00113328       0xdc /opt/devkitpro/libctru/lib/libctru.a(irrst.o)
                0x00113328                irrstExit
 .text.irrstScanInput
                0x00113404       0xb4 /opt/devkitpro/libctru/lib/libctru.a(irrst.o)
                0x00113404                irrstScanInput
 .text.irrstKeysHeld
                0x001134b8       0x24 /opt/devkitpro/libctru/lib/libctru.a(irrst.o)
                0x001134b8                irrstKeysHeld
 .text.ptmSysmInit
                0x001134dc       0x78 /opt/devkitpro/libctru/lib/libctru.a(ptmsysm.o)
                0x001134dc                ptmSysmInit
 .text.ptmSysmExit
                0x00113554       0x3c /opt/devkitpro/libctru/lib/libctru.a(ptmsysm.o)
                0x00113554                ptmSysmExit
 .text.PTMSYSM_ConfigureNew3DSCPU
                0x00113590       0x34 /opt/devkitpro/libctru/lib/libctru.a(ptmsysm.o)
                0x00113590                PTMSYSM_ConfigureNew3DSCPU
 .text.buffer_read
                0x001135c4       0xe0 /opt/devkitpro/libctru/lib/libctru.a(decompress.o)
 .text.iov_read
                0x001136a4       0xcc /opt/devkitpro/libctru/lib/libctru.a(decompress.o)
 .text.iov_memmove
                0x00113770      0x164 /opt/devkitpro/libctru/lib/libctru.a(decompress.o)
 .text.decompress_rle
                0x001138d4      0x1e0 /opt/devkitpro/libctru/lib/libctru.a(decompress.o)
 .text.decompress_lzss
                0x00113ab4      0x264 /opt/devkitpro/libctru/lib/libctru.a(decompress.o)
 .text.decompress_lz11
                0x00113d18      0x418 /opt/devkitpro/libctru/lib/libctru.a(decompress.o)
 .text.decompress_huff.isra.0
                0x00114130      0x33c /opt/devkitpro/libctru/lib/libctru.a(decompress.o)
 .text.decompressCallback_Stdio
                0x0011446c       0x10 /opt/devkitpro/libctru/lib/libctru.a(decompress.o)
                0x0011446c                decompressCallback_Stdio
 .text.decompressHeader
                0x0011447c       0xe4 /opt/devkitpro/libctru/lib/libctru.a(decompress.o)
                0x0011447c                decompressHeader
 .text.decompressV
                0x00114560      0x21c /opt/devkitpro/libctru/lib/libctru.a(decompress.o)
                0x00114560                decompressV
 .text.rbtree_find
                0x0011477c       0x74 /opt/devkitpro/libctru/lib/libctru.a(rbtree_find.o)
                0x0011477c                rbtree_find
 .text.rbtree_init
                0x001147f0       0x10 /opt/devkitpro/libctru/lib/libctru.a(rbtree_init.o)
                0x001147f0                rbtree_init
 .text.do_insert
                0x00114800      0x198 /opt/devkitpro/libctru/lib/libctru.a(rbtree_insert.o)
 .text.rbtree_insert
                0x00114998        0x8 /opt/devkitpro/libctru/lib/libctru.a(rbtree_insert.o)
                0x00114998                rbtree_insert
 .text.rbtree_remove
                0x001149a0      0x310 /opt/devkitpro/libctru/lib/libctru.a(rbtree_remove.o)
                0x001149a0                rbtree_remove
 .text.rbtree_rotate
                0x00114cb0       0x90 /opt/devkitpro/libctru/lib/libctru.a(rbtree_rotate.o)
                0x00114cb0                rbtree_rotate
 .text.decode_utf8
                0x00114d40      0x140 /opt/devkitpro/libctru/lib/libctru.a(decode_utf8.o)
                0x00114d40                decode_utf8
 .text.utf16_to_utf8
                0x00114e80       0xe8 /opt/devkitpro/libctru/lib/libctru.a(utf16_to_utf8.o)
                0x00114e80                utf16_to_utf8
 .text.utf8_to_utf16
                0x00114f68       0xc0 /opt/devkitpro/libctru/lib/libctru.a(utf8_to_utf16.o)
                0x00114f68                utf8_to_utf16
 .text.__system_allocateHeaps
                0x00115028      0x1e8 /opt/devkitpro/libctru/lib/libctru.a(allocateHeaps.o)
                0x00115028                __system_allocateHeaps
 .text.__libctru_init
                0x00115210       0x38 /opt/devkitpro/libctru/lib/libctru.a(ctru_init.o)
                0x00115210                __libctru_init
 .text.__system_initArgv
                0x00115248      0x16c /opt/devkitpro/libctru/lib/libctru.a(initArgv.o)
                0x00115248                __system_initArgv
 .text.__syscall_getreent
                0x001153b4       0x30 /opt/devkitpro/libctru/lib/libctru.a(syscalls.o)
                0x001153b4                __syscall_getreent
 .text.__syscall_gettod_r
                0x001153e4       0x64 /opt/devkitpro/libctru/lib/libctru.a(syscalls.o)
                0x001153e4                __syscall_gettod_r
 .text.__syscall_lock_acquire
                0x00115448        0x4 /opt/devkitpro/libctru/lib/libctru.a(syscalls.o)
                0x00115448                __syscall_lock_acquire
 .text.__syscall_lock_release
                0x0011544c        0x4 /opt/devkitpro/libctru/lib/libctru.a(syscalls.o)
                0x0011544c                __syscall_lock_release
 .text.__syscall_lock_acquire_recursive
                0x00115450        0x4 /opt/devkitpro/libctru/lib/libctru.a(syscalls.o)
                0x00115450                __syscall_lock_acquire_recursive
 .text.__syscall_lock_release_recursive
                0x00115454        0x4 /opt/devkitpro/libctru/lib/libctru.a(syscalls.o)
                0x00115454                __syscall_lock_release_recursive
 .text.__syscall_exit
                0x00115458        0x4 /opt/devkitpro/libctru/lib/libctru.a(syscalls.o)
                0x00115458                __syscall_exit
 .text.initThreadVars
                0x0011545c       0x54 /opt/devkitpro/libctru/lib/libctru.a(syscalls.o)
                0x0011545c                initThreadVars
 .text.__system_initSyscalls
                0x001154b0       0x80 /opt/devkitpro/libctru/lib/libctru.a(syscalls.o)
                0x001154b0                __system_initSyscalls
 .text.svcControlMemory
                0x00115530       0x20 /opt/devkitpro/libctru/lib/libctru.a(svc.o)
                0x00115530                svcControlMemory
 .text.svcQueryMemory
                0x00115550       0x30 /opt/devkitpro/libctru/lib/libctru.a(svc.o)
                0x00115550                svcQueryMemory
 .text.svcExitProcess
                0x00115580        0x8 /opt/devkitpro/libctru/lib/libctru.a(svc.o)
                0x00115580                svcExitProcess
 .text.svcCreateThread
                0x00115588       0x20 /opt/devkitpro/libctru/lib/libctru.a(svc.o)
                0x00115588                svcCreateThread
 .text.svcExitThread
                0x001155a8        0x8 /opt/devkitpro/libctru/lib/libctru.a(svc.o)
                0x001155a8                svcExitThread
 .text.svcSleepThread
                0x001155b0        0x8 /opt/devkitpro/libctru/lib/libctru.a(svc.o)
                0x001155b0                svcSleepThread
 .text.svcReleaseMutex
                0x001155b8        0x8 /opt/devkitpro/libctru/lib/libctru.a(svc.o)
                0x001155b8                svcReleaseMutex
 .text.svcCreateEvent
                0x001155c0       0x14 /opt/devkitpro/libctru/lib/libctru.a(svc.o)
                0x001155c0                svcCreateEvent
 .text.svcSignalEvent
                0x001155d4        0x8 /opt/devkitpro/libctru/lib/libctru.a(svc.o)
                0x001155d4                svcSignalEvent
 .text.svcClearEvent
                0x001155dc        0x8 /opt/devkitpro/libctru/lib/libctru.a(svc.o)
                0x001155dc                svcClearEvent
 .text.svcMapMemoryBlock
                0x001155e4        0x8 /opt/devkitpro/libctru/lib/libctru.a(svc.o)
                0x001155e4                svcMapMemoryBlock
 .text.svcUnmapMemoryBlock
                0x001155ec        0x8 /opt/devkitpro/libctru/lib/libctru.a(svc.o)
                0x001155ec                svcUnmapMemoryBlock
 .text.svcCreateAddressArbiter
                0x001155f4       0x14 /opt/devkitpro/libctru/lib/libctru.a(svc.o)
                0x001155f4                svcCreateAddressArbiter
 .text.svcArbitrateAddressNoTimeout
                0x00115608        0x8 /opt/devkitpro/libctru/lib/libctru.a(svc.o)
                0x00115608                svcArbitrateAddressNoTimeout
 .text.svcCloseHandle
                0x00115610        0x8 /opt/devkitpro/libctru/lib/libctru.a(svc.o)
                0x00115610                svcCloseHandle
 .text.svcWaitSynchronization
                0x00115618        0x8 /opt/devkitpro/libctru/lib/libctru.a(svc.o)
                0x00115618                svcWaitSynchronization
 .text.svcWaitSynchronizationN
                0x00115620       0x28 /opt/devkitpro/libctru/lib/libctru.a(svc.o)
                0x00115620                svcWaitSynchronizationN
 .text.svcDuplicateHandle
                0x00115648       0x14 /opt/devkitpro/libctru/lib/libctru.a(svc.o)
                0x00115648                svcDuplicateHandle
 .text.svcGetSystemTick
                0x0011565c        0x8 /opt/devkitpro/libctru/lib/libctru.a(svc.o)
                0x0011565c                svcGetSystemTick
 .text.svcConnectToPort
                0x00115664       0x14 /opt/devkitpro/libctru/lib/libctru.a(svc.o)
                0x00115664                svcConnectToPort
 .text.svcSendSyncRequest
                0x00115678        0x8 /opt/devkitpro/libctru/lib/libctru.a(svc.o)
                0x00115678                svcSendSyncRequest
 .text.svcGetResourceLimit
                0x00115680       0x14 /opt/devkitpro/libctru/lib/libctru.a(svc.o)
                0x00115680                svcGetResourceLimit
 .text.svcGetResourceLimitLimitValues
                0x00115694        0x8 /opt/devkitpro/libctru/lib/libctru.a(svc.o)
                0x00115694                svcGetResourceLimitLimitValues
 .text.svcGetResourceLimitCurrentValues
                0x0011569c        0x8 /opt/devkitpro/libctru/lib/libctru.a(svc.o)
                0x0011569c                svcGetResourceLimitCurrentValues
 .text.svcBreak
                0x001156a4        0x8 /opt/devkitpro/libctru/lib/libctru.a(svc.o)
                0x001156a4                svcBreak
 .text.__aeabi_read_tp
                0x001156ac        0xc /opt/devkitpro/libctru/lib/libctru.a(readtp.o)
                0x001156ac                __aeabi_read_tp
 .text.initSystem
                0x001156b8       0x50 /opt/devkitpro/libctru/lib/libctru.a(stack_adjust.o)
                0x001156b8                initSystem
 .text.__ctru_exit
                0x00115708       0x14 /opt/devkitpro/libctru/lib/libctru.a(stack_adjust.o)
                0x00115708                __ctru_exit
 .text.envGetHandle
                0x0011571c       0x8c /opt/devkitpro/libctru/lib/libctru.a(env.o)
                0x0011571c                envGetHandle
 .text.envDestroyHandles
                0x001157a8       0x50 /opt/devkitpro/libctru/lib/libctru.a(env.o)
                0x001157a8                envDestroyHandles
 .text.srvInit  0x001157f8      0x164 /opt/devkitpro/libctru/lib/libctru.a(srv.o)
                0x001157f8                srvInit
 .text.srvExit  0x0011595c       0x64 /opt/devkitpro/libctru/lib/libctru.a(srv.o)
                0x0011595c                srvExit
 .text.srvEnableNotification
                0x001159c0       0x60 /opt/devkitpro/libctru/lib/libctru.a(srv.o)
                0x001159c0                srvEnableNotification
 .text.srvGetServiceHandleDirect
                0x00115a20       0xa0 /opt/devkitpro/libctru/lib/libctru.a(srv.o)
                0x00115a20                srvGetServiceHandleDirect
 .text.srvGetServiceHandle
                0x00115ac0       0x48 /opt/devkitpro/libctru/lib/libctru.a(srv.o)
                0x00115ac0                srvGetServiceHandle
 .text.srvSubscribe
                0x00115b08       0x34 /opt/devkitpro/libctru/lib/libctru.a(srv.o)
                0x00115b08                srvSubscribe
 .text.srvReceiveNotification
                0x00115b3c       0x60 /opt/devkitpro/libctru/lib/libctru.a(srv.o)
                0x00115b3c                srvReceiveNotification
 .text.srvPublishToSubscriber
                0x00115b9c       0x38 /opt/devkitpro/libctru/lib/libctru.a(srv.o)
                0x00115b9c                srvPublishToSubscriber
 .text.__sync_init
                0x00115bd4        0xc /opt/devkitpro/libctru/lib/libctru.a(synchronization.o)
                0x00115bd4                __sync_init
 .text.__sync_fini
                0x00115be0       0x18 /opt/devkitpro/libctru/lib/libctru.a(synchronization.o)
                0x00115be0                __sync_fini
 .text.syncArbitrateAddress
                0x00115bf8       0x28 /opt/devkitpro/libctru/lib/libctru.a(synchronization.o)
                0x00115bf8                syncArbitrateAddress
 .text.LightLock_Init
                0x00115c20       0x1c /opt/devkitpro/libctru/lib/libctru.a(synchronization.o)
                0x00115c20                LightLock_Init
 .text.LightLock_Lock
                0x00115c3c       0xac /opt/devkitpro/libctru/lib/libctru.a(synchronization.o)
                0x00115c3c                LightLock_Lock
 .text.LightLock_Unlock
                0x00115ce8       0x40 /opt/devkitpro/libctru/lib/libctru.a(synchronization.o)
                0x00115ce8                LightLock_Unlock
 .text.RecursiveLock_Lock
                0x00115d28       0x54 /opt/devkitpro/libctru/lib/libctru.a(synchronization.o)
                0x00115d28                RecursiveLock_Lock
 .text.RecursiveLock_Unlock
                0x00115d7c       0x54 /opt/devkitpro/libctru/lib/libctru.a(synchronization.o)
                0x00115d7c                RecursiveLock_Unlock
 .text.LightEvent_Init
                0x00115dd0       0x44 /opt/devkitpro/libctru/lib/libctru.a(synchronization.o)
                0x00115dd0                LightEvent_Init
 .text.LightEvent_Clear
                0x00115e14       0xb8 /opt/devkitpro/libctru/lib/libctru.a(synchronization.o)
                0x00115e14                LightEvent_Clear
 .text.LightEvent_Signal
                0x00115ecc       0xdc /opt/devkitpro/libctru/lib/libctru.a(synchronization.o)
                0x00115ecc                LightEvent_Signal
 .text.LightEvent_TryWait
                0x00115fa8       0x50 /opt/devkitpro/libctru/lib/libctru.a(synchronization.o)
                0x00115fa8                LightEvent_TryWait
 .text.LightEvent_Wait
                0x00115ff8       0xac /opt/devkitpro/libctru/lib/libctru.a(synchronization.o)
                0x00115ff8                LightEvent_Wait
 .text.threadCreate
                0x001160a4      0x1fc /opt/devkitpro/libctru/lib/libctru.a(thread.o)
                0x001160a4                threadCreate
 .text.threadFree
                0x001162a0       0x38 /opt/devkitpro/libctru/lib/libctru.a(thread.o)
                0x001162a0                threadFree
 .text.threadJoin
                0x001162d8       0x24 /opt/devkitpro/libctru/lib/libctru.a(thread.o)
                0x001162d8                threadJoin
 .text.threadGetCurrent
                0x001162fc       0x30 /opt/devkitpro/libctru/lib/libctru.a(thread.o)
                0x001162fc                threadGetCurrent
 .text.threadExit
                0x0011632c       0x40 /opt/devkitpro/libctru/lib/libctru.a(thread.o)
                0x0011632c                threadExit
 .text._thread_begin
                0x0011636c       0x20 /opt/devkitpro/libctru/lib/libctru.a(thread.o)
 .text.mappableFindAddressWithin
                0x0011638c       0x90 /opt/devkitpro/libctru/lib/libctru.a(mappable.o)
 .text.mappableInit
                0x0011641c       0x28 /opt/devkitpro/libctru/lib/libctru.a(mappable.o)
                0x0011641c                mappableInit
 .text.mappableAlloc
                0x00116444       0x7c /opt/devkitpro/libctru/lib/libctru.a(mappable.o)
                0x00116444                mappableAlloc
 .text.mappableFree
                0x001164c0        0x4 /opt/devkitpro/libctru/lib/libctru.a(mappable.o)
                0x001164c0                mappableFree
 .text.srvPmGetSessionHandle
                0x001164c4        0xc /opt/devkitpro/libctru/lib/libctru.a(srvpm.o)
                0x001164c4                srvPmGetSessionHandle
 .text.rbtree_node_next
                0x001164d0       0x60 /opt/devkitpro/libctru/lib/libctru.a(rbtree_iterator.o)
                0x001164d0                rbtree_node_next
 .text.decode_utf16
                0x00116530       0x54 /opt/devkitpro/libctru/lib/libctru.a(decode_utf16.o)
                0x00116530                decode_utf16
 .text.encode_utf16
                0x00116584       0x54 /opt/devkitpro/libctru/lib/libctru.a(encode_utf16.o)
                0x00116584                encode_utf16
 .text.encode_utf8
                0x001165d8       0xe0 /opt/devkitpro/libctru/lib/libctru.a(encode_utf8.o)
                0x001165d8                encode_utf8
 .text.__appExit
                0x001166b8       0x30 /opt/devkitpro/libctru/lib/libctru.a(appExit.o)
                0x001166b8                __appExit
 .text.__appInit
                0x001166e8       0x30 /opt/devkitpro/libctru/lib/libctru.a(appInit.o)
                0x001166e8                __appInit
 .text.__libctru_exit
                0x00116718       0x90 /opt/devkitpro/libctru/lib/libctru.a(ctru_exit.o)
                0x00116718                __libctru_exit
 .text.error_cmp
                0x001167a8       0x24 /opt/devkitpro/libctru/lib/libctru.a(archive_dev.o)
 .text.archive_translate_error
                0x001167cc       0x50 /opt/devkitpro/libctru/lib/libctru.a(archive_dev.o)
 .text.archive_seek
                0x0011681c       0xc0 /opt/devkitpro/libctru/lib/libctru.a(archive_dev.o)
 .text._archiveInit.part.0
                0x001168dc       0x78 /opt/devkitpro/libctru/lib/libctru.a(archive_dev.o)
 .text.archiveFindDevice.part.0
                0x00116954      0x110 /opt/devkitpro/libctru/lib/libctru.a(archive_dev.o)
 .text.archive_utf16path
                0x00116a64      0x298 /opt/devkitpro/libctru/lib/libctru.a(archive_dev.o)
 .text._archiveUnmountDeviceStruct.part.0
                0x00116cfc       0x98 /opt/devkitpro/libctru/lib/libctru.a(archive_dev.o)
 .text._archiveMountDevice
                0x00116d94      0x178 /opt/devkitpro/libctru/lib/libctru.a(archive_dev.o)
 .text.archive_diropen
                0x00116f0c       0xf8 /opt/devkitpro/libctru/lib/libctru.a(archive_dev.o)
 .text.archive_fstat
                0x00117004       0xac /opt/devkitpro/libctru/lib/libctru.a(archive_dev.o)
 .text.archive_fsync
                0x001170b0       0x74 /opt/devkitpro/libctru/lib/libctru.a(archive_dev.o)
 .text.archive_close
                0x00117124       0x74 /opt/devkitpro/libctru/lib/libctru.a(archive_dev.o)
 .text.archive_dirclose
                0x00117198       0x78 /opt/devkitpro/libctru/lib/libctru.a(archive_dev.o)
 .text.sdmc_statvfs
                0x00117210       0xec /opt/devkitpro/libctru/lib/libctru.a(archive_dev.o)
 .text.archive_chdir
                0x001172fc       0xf8 /opt/devkitpro/libctru/lib/libctru.a(archive_dev.o)
 .text.archive_ftruncate
                0x001173f4       0x8c /opt/devkitpro/libctru/lib/libctru.a(archive_dev.o)
 .text.archive_read
                0x00117480       0xbc /opt/devkitpro/libctru/lib/libctru.a(archive_dev.o)
 .text.archive_unlink
                0x0011753c       0xa8 /opt/devkitpro/libctru/lib/libctru.a(archive_dev.o)
 .text.archive_rmdir
                0x001175e4       0xc0 /opt/devkitpro/libctru/lib/libctru.a(archive_dev.o)
 .text.archive_mkdir
                0x001176a4       0xd8 /opt/devkitpro/libctru/lib/libctru.a(archive_dev.o)
 .text.archive_stat
                0x0011777c      0x1a0 /opt/devkitpro/libctru/lib/libctru.a(archive_dev.o)
 .text.archive_dirnext
                0x0011791c      0x164 /opt/devkitpro/libctru/lib/libctru.a(archive_dev.o)
 .text.archive_write
                0x00117a80      0x13c /opt/devkitpro/libctru/lib/libctru.a(archive_dev.o)
 *fill*         0x00117bbc        0x4 
 .text.archive_open
                0x00117bc0      0x254 /opt/devkitpro/libctru/lib/libctru.a(archive_dev.o)
 .text.archive_rename
                0x00117e14      0x270 /opt/devkitpro/libctru/lib/libctru.a(archive_dev.o)
 .text.archiveMountSdmc
                0x00118084      0x1c8 /opt/devkitpro/libctru/lib/libctru.a(archive_dev.o)
                0x00118084                archiveMountSdmc
 .text.archiveUnmountAll
                0x0011824c       0x54 /opt/devkitpro/libctru/lib/libctru.a(archive_dev.o)
                0x0011824c                archiveUnmountAll
 .text.sinf     0x001182a0      0x264 /opt/devkitpro/devkitARM/lib/gcc/arm-none-eabi/15.2.0/../../../../arm-none-eabi/lib/armv6k/fpu/libm.a(libm_a-sinf.o)
                0x001182a0                sinf
 .text.with_errnof
                0x00118504       0x24 /opt/devkitpro/devkitARM/lib/gcc/arm-none-eabi/15.2.0/../../../../arm-none-eabi/lib/armv6k/fpu/libm.a(libm_a-math_errf.o)
 .text.__math_invalidf
                0x00118528       0x1c /opt/devkitpro/devkitARM/lib/gcc/arm-none-eabi/15.2.0/../../../../arm-none-eabi/lib/armv6k/fpu/libm.a(libm_a-math_errf.o)
                0x00118528                __math_invalidf
 .text.ceilf    0x00118544       0xc0 /opt/devkitpro/devkitARM/lib/gcc/arm-none-eabi/15.2.0/../../../../arm-none-eabi/lib/armv6k/fpu/libm.a(libm_a-sf_ceil.o)
                0x00118544                ceilf
 *fill*         0x00118604        0x4 
 .text.cosf     0x00118608      0x25c /opt/devkitpro/devkitARM/lib/gcc/arm-none-eabi/15.2.0/../../../../arm-none-eabi/lib/armv6k/fpu/libm.a(libm_a-cosf.o)
                0x00118608                cosf
 .text.__udivmoddi4
                0x00118864      0x130 /opt/devkitpro/devkitARM/lib/gcc/arm-none-eabi/15.2.0/armv6k/fpu/libgcc.a(_udivmoddi4.o)
                0x00118864                __udivmoddi4
 .text.strncat  0x00118994       0xe4 /opt/devkitpro/devkitARM/lib/gcc/arm-none-eabi/15.2.0/../../../../arm-none-eabi/lib/armv6k/fpu/libg.a(libc_a-strncat.o)
                0x00118994                strncat
 .text.rand     0x00118a78       0x44 /opt/devkitpro/devkitARM/lib/gcc/arm-none-eabi/15.2.0/../../../../arm-none-eabi/lib/armv6k/fpu/libg.a(libc_a-rand.o)
                0x00118a78                rand
 .text.memcpy   0x00118abc      0x128 /opt/devkitpro/devkitARM/lib/gcc/arm-none-eabi/15.2.0/../../../../arm-none-eabi/lib/armv6k/fpu/libg.a(libc_a-memcpy-stub.o)
                0x00118abc                memcpy
 .text.strlen   0x00118be4       0x8c /opt/devkitpro/devkitARM/lib/gcc/arm-none-eabi/15.2.0/../../../../arm-none-eabi/lib/armv6k/fpu/libg.a(libc_a-strlen.o)
                0x00118be4                strlen
 .text._fread_r
                0x00118c70      0x334 /opt/devkitpro/devkitARM/lib/gcc/arm-none-eabi/15.2.0/../../../../arm-none-eabi/lib/armv6k/fpu/libg.a(libc_a-fread.o)
                0x00118c70                _fread_r
 .text.fread    0x00118fa4       0x38 /opt/devkitpro/devkitARM/lib/gcc/arm-none-eabi/15.2.0/../../../../arm-none-eabi/lib/armv6k/fpu/libg.a(libc_a-fread.o)
                0x00118fa4                fread
 .text.bsearch  0x00118fdc       0x78 /opt/devkitpro/devkitARM/lib/gcc/arm-none-eabi/15.2.0/../../../../arm-none-eabi/lib/armv6k/fpu/libg.a(libc_a-bsearch.o)
                0x00118fdc                bsearch
 .text._fopen_r
                0x00119054      0x134 /opt/devkitpro/devkitARM/lib/gcc/arm-none-eabi/15.2.0/../../../../arm-none-eabi/lib/armv6k/fpu/libg.a(libc_a-fopen.o)
                0x00119054                _fopen_r
 .text.fopen    0x00119188       0x28 /opt/devkitpro/devkitARM/lib/gcc/arm-none-eabi/15.2.0/../../../../arm-none-eabi/lib/armv6k/fpu/libg.a(libc_a-fopen.o)
                0x00119188                fopen
 .text.memalign
                0x001191b0       0x28 /opt/devkitpro/devkitARM/lib/gcc/arm-none-eabi/15.2.0/../../../../arm-none-eabi/lib/armv6k/fpu/libg.a(libc_a-malign.o)
                0x001191b0                memalign
 .text._strtoul_l.isra.0
                0x001191d8      0x1ec /opt/devkitpro/devkitARM/lib/gcc/arm-none-eabi/15.2.0/../../../../arm-none-eabi/lib/armv6k/fpu/libg.a(libc_a-strtoul.o)
 .text.strtoul  0x001193c4       0x3c /opt/devkitpro/devkitARM/lib/gcc/arm-none-eabi/15.2.0/../../../../arm-none-eabi/lib/armv6k/fpu/libg.a(libc_a-strtoul.o)
                0x001193c4                strtoul
 .text.strchr   0x00119400      0x140 /opt/devkitpro/devkitARM/lib/gcc/arm-none-eabi/15.2.0/../../../../arm-none-eabi/lib/armv6k/fpu/libg.a(libc_a-strchr.o)
                0x00119400                strchr
 .text.memcmp   0x00119540       0xd8 /opt/devkitpro/devkitARM/lib/gcc/arm-none-eabi/15.2.0/../../../../arm-none-eabi/lib/armv6k/fpu/libg.a(libc_a-memcmp.o)
                0x00119540                memcmp
 .text.calloc   0x00119618       0x28 /opt/devkitpro/devkitARM/lib/gcc/arm-none-eabi/15.2.0/../../../../arm-none-eabi/lib/armv6k/fpu/libg.a(libc_a-calloc.o)
                0x00119618                calloc
 .text._memalign_r
                0x00119640      0x16c /opt/devkitpro/devkitARM/lib/gcc/arm-none-eabi/15.2.0/../../../../arm-none-eabi/lib/armv6k/fpu/libg.a(libc_a-malignr.o)
                0x00119640                _memalign_r
 .text.__errno  0x001197ac        0xc /opt/devkitpro/devkitARM/lib/gcc/arm-none-eabi/15.2.0/../../../../arm-none-eabi/lib/armv6k/fpu/libg.a(libc_a-errno.o)
                0x001197ac                __errno
 .text.__smakebuf_r
                0x001197b8      0x164 /opt/devkitpro/devkitARM/lib/gcc/arm-none-eabi/15.2.0/../../../../arm-none-eabi/lib/armv6k/fpu/libg.a(libc_a-makebuf.o)
                0x001197b8                __smakebuf_r
 .text.__swhatbuf_r
                0x0011991c       0x90 /opt/devkitpro/devkitARM/lib/gcc/arm-none-eabi/15.2.0/../../../../arm-none-eabi/lib/armv6k/fpu/libg.a(libc_a-makebuf.o)
                0x0011991c                __swhatbuf_r
 .text.memset   0x001199ac       0xe4 /opt/devkitpro/devkitARM/lib/gcc/arm-none-eabi/15.2.0/../../../../arm-none-eabi/lib/armv6k/fpu/libg.a(libc_a-memset.o)
                0x001199ac                memset
 .text._calloc_r
                0x00119a90       0xd8 /opt/devkitpro/devkitARM/lib/gcc/arm-none-eabi/15.2.0/../../../../arm-none-eabi/lib/armv6k/fpu/libg.a(libc_a-callocr.o)
                0x00119a90                _calloc_r
 .text.__sflush_r
                0x00119b68      0x22c /opt/devkitpro/devkitARM/lib/gcc/arm-none-eabi/15.2.0/../../../../arm-none-eabi/lib/armv6k/fpu/libg.a(libc_a-fflush.o)
                0x00119b68                __sflush_r
 .text._fflush_r
                0x00119d94       0xc4 /opt/devkitpro/devkitARM/lib/gcc/arm-none-eabi/15.2.0/../../../../arm-none-eabi/lib/armv6k/fpu/libg.a(libc_a-fflush.o)
                0x00119d94                _fflush_r
 .text.qsort    0x00119e58      0x8e8 /opt/devkitpro/devkitARM/lib/gcc/arm-none-eabi/15.2.0/../../../../arm-none-eabi/lib/armv6k/fpu/libg.a(libc_a-qsort.o)
                0x00119e58                qsort
 .text._malloc_r
                0x0011a740      0x82c /opt/devkitpro/devkitARM/lib/gcc/arm-none-eabi/15.2.0/../../../../arm-none-eabi/lib/armv6k/fpu/libg.a(libc_a-mallocr.o)
                0x0011a740                _malloc_r
 .text._malloc_trim_r
                0x0011af6c      0x114 /opt/devkitpro/devkitARM/lib/gcc/arm-none-eabi/15.2.0/../../../../arm-none-eabi/lib/armv6k/fpu/libg.a(libc_a-freer.o)
                0x0011af6c                _malloc_trim_r
 .text._free_r  0x0011b080      0x314 /opt/devkitpro/devkitARM/lib/gcc/arm-none-eabi/15.2.0/../../../../arm-none-eabi/lib/armv6k/fpu/libg.a(libc_a-freer.o)
                0x0011b080                _free_r
 .text.setvbuf  0x0011b394      0x294 /opt/devkitpro/devkitARM/lib/gcc/arm-none-eabi/15.2.0/../../../../arm-none-eabi/lib/armv6k/fpu/libg.a(libc_a-setvbuf.o)
                0x0011b394                setvbuf
 .text.stdio_exit_handler
                0x0011b628       0x1c /opt/devkitpro/devkitARM/lib/gcc/arm-none-eabi/15.2.0/../../../../arm-none-eabi/lib/armv6k/fpu/libg.a(libc_a-findfp.o)
 .text.cleanup_stdio
                0x0011b644       0x5c /opt/devkitpro/devkitARM/lib/gcc/arm-none-eabi/15.2.0/../../../../arm-none-eabi/lib/armv6k/fpu/libg.a(libc_a-findfp.o)
 .text.global_stdio_init.part.0
                0x0011b6a0      0x154 /opt/devkitpro/devkitARM/lib/gcc/arm-none-eabi/15.2.0/../../../../arm-none-eabi/lib/armv6k/fpu/libg.a(libc_a-findfp.o)
 .text.__sfp    0x0011b7f4      0x138 /opt/devkitpro/devkitARM/lib/gcc/arm-none-eabi/15.2.0/../../../../arm-none-eabi/lib/armv6k/fpu/libg.a(libc_a-findfp.o)
                0x0011b7f4                __sfp
 .text.__sinit  0x0011b92c       0x5c /opt/devkitpro/devkitARM/lib/gcc/arm-none-eabi/15.2.0/../../../../arm-none-eabi/lib/armv6k/fpu/libg.a(libc_a-findfp.o)
                0x0011b92c                __sinit
 .text.__sfp_lock_acquire
                0x0011b988        0xc /opt/devkitpro/devkitARM/lib/gcc/arm-none-eabi/15.2.0/../../../../arm-none-eabi/lib/armv6k/fpu/libg.a(libc_a-findfp.o)
                0x0011b988                __sfp_lock_acquire
 .text.__sfp_lock_release
                0x0011b994        0xc /opt/devkitpro/devkitARM/lib/gcc/arm-none-eabi/15.2.0/../../../../arm-none-eabi/lib/armv6k/fpu/libg.a(libc_a-findfp.o)
                0x0011b994                __sfp_lock_release
 .text.__libc_init_array
                0x0011b9a0       0x84 /opt/devkitpro/devkitARM/lib/gcc/arm-none-eabi/15.2.0/../../../../arm-none-eabi/lib/armv6k/fpu/libg.a(libc_a-init.o)
                0x0011b9a0                __libc_init_array
 .text.strncpy  0x0011ba24       0xd4 /opt/devkitpro/devkitARM/lib/gcc/arm-none-eabi/15.2.0/../../../../arm-none-eabi/lib/armv6k/fpu/libg.a(libc_a-strncpy.o)
                0x0011ba24                strncpy
 .text._fseek_r
                0x0011baf8       0x1c /opt/devkitpro/devkitARM/lib/gcc/arm-none-eabi/15.2.0/../../../../arm-none-eabi/lib/armv6k/fpu/libg.a(libc_a-fseek.o)
                0x0011baf8                _fseek_r
 .text.fseek    0x0011bb14       0x34 /opt/devkitpro/devkitARM/lib/gcc/arm-none-eabi/15.2.0/../../../../arm-none-eabi/lib/armv6k/fpu/libg.a(libc_a-fseek.o)
                0x0011bb14                fseek
 .text.malloc   0x0011bb48       0x40 /opt/devkitpro/devkitARM/lib/gcc/arm-none-eabi/15.2.0/../../../../arm-none-eabi/lib/armv6k/fpu/libg.a(libc_a-malloc.o)
                0x0011bb48                malloc
 .text.free     0x0011bb88       0x20 /opt/devkitpro/devkitARM/lib/gcc/arm-none-eabi/15.2.0/../../../../arm-none-eabi/lib/armv6k/fpu/libg.a(libc_a-malloc.o)
                0x0011bb88                free
 .text._puts_r  0x0011bba8       0xe0 /opt/devkitpro/devkitARM/lib/gcc/arm-none-eabi/15.2.0/../../../../arm-none-eabi/lib/armv6k/fpu/libg.a(libc_a-puts.o)
                0x0011bba8                _puts_r
 .text.puts     0x0011bc88       0x20 /opt/devkitpro/devkitARM/lib/gcc/arm-none-eabi/15.2.0/../../../../arm-none-eabi/lib/armv6k/fpu/libg.a(libc_a-puts.o)
                0x0011bc88                puts
 .text.__sread  0x0011bca8       0x44 /opt/devkitpro/devkitARM/lib/gcc/arm-none-eabi/15.2.0/../../../../arm-none-eabi/lib/armv6k/fpu/libg.a(libc_a-stdio.o)
                0x0011bca8                __sread
 .text.__swrite
                0x0011bcec       0x68 /opt/devkitpro/devkitARM/lib/gcc/arm-none-eabi/15.2.0/../../../../arm-none-eabi/lib/armv6k/fpu/libg.a(libc_a-stdio.o)
                0x0011bcec                __swrite
 .text.__sseek  0x0011bd54       0x40 /opt/devkitpro/devkitARM/lib/gcc/arm-none-eabi/15.2.0/../../../../arm-none-eabi/lib/armv6k/fpu/libg.a(libc_a-stdio.o)
                0x0011bd54                __sseek
 .text.__sclose
                0x0011bd94        0x8 /opt/devkitpro/devkitARM/lib/gcc/arm-none-eabi/15.2.0/../../../../arm-none-eabi/lib/armv6k/fpu/libg.a(libc_a-stdio.o)
                0x0011bd94                __sclose
 .text._realloc_r
                0x0011bd9c      0x4f0 /opt/devkitpro/devkitARM/lib/gcc/arm-none-eabi/15.2.0/../../../../arm-none-eabi/lib/armv6k/fpu/libg.a(libc_a-reallocr.o)
                0x0011bd9c                _realloc_r
 .text.__malloc_lock
                0x0011c28c        0xc /opt/devkitpro/devkitARM/lib/gcc/arm-none-eabi/15.2.0/../../../../arm-none-eabi/lib/armv6k/fpu/libg.a(libc_a-mlock.o)
                0x0011c28c                __malloc_lock
 .text.__malloc_unlock
                0x0011c298        0xc /opt/devkitpro/devkitARM/lib/gcc/arm-none-eabi/15.2.0/../../../../arm-none-eabi/lib/armv6k/fpu/libg.a(libc_a-mlock.o)
                0x0011c298                __malloc_unlock
 .text._fseeko_r
                0x0011c2a4      0x588 /opt/devkitpro/devkitARM/lib/gcc/arm-none-eabi/15.2.0/../../../../arm-none-eabi/lib/armv6k/fpu/libg.a(libc_a-fseeko.o)
                0x0011c2a4                _fseeko_r
 .text._fclose_r
                0x0011c82c      0x148 /opt/devkitpro/devkitARM/lib/gcc/arm-none-eabi/15.2.0/../../../../arm-none-eabi/lib/armv6k/fpu/libg.a(libc_a-fclose.o)
                0x0011c82c                _fclose_r
 .text.fclose   0x0011c974       0x20 /opt/devkitpro/devkitARM/lib/gcc/arm-none-eabi/15.2.0/../../../../arm-none-eabi/lib/armv6k/fpu/libg.a(libc_a-fclose.o)
                0x0011c974                fclose
 .text.time     0x0011c994       0x48 /opt/devkitpro/devkitARM/lib/gcc/arm-none-eabi/15.2.0/../../../../arm-none-eabi/lib/armv6k/fpu/libg.a(libc_a-time.o)
                0x0011c994                time
 .text.__call_exitprocs
                0x0011c9dc        0x4 /opt/devkitpro/devkitARM/lib/gcc/arm-none-eabi/15.2.0/../../../../arm-none-eabi/lib/armv6k/fpu/libg.a(libc_a-exit.o)
                0x0011c9dc                __call_exitprocs
 .text.exit     0x0011c9e0       0x30 /opt/devkitpro/devkitARM/lib/gcc/arm-none-eabi/15.2.0/../../../../arm-none-eabi/lib/armv6k/fpu/libg.a(libc_a-exit.o)
                0x0011c9e0                exit
 .text.__sflags
                0x0011ca10       0xb8 /opt/devkitpro/devkitARM/lib/gcc/arm-none-eabi/15.2.0/../../../../arm-none-eabi/lib/armv6k/fpu/libg.a(libc_a-flags.o)
                0x0011ca10                __sflags
 .text.__libc_fini_array
                0x0011cac8       0x3c /opt/devkitpro/devkitARM/lib/gcc/arm-none-eabi/15.2.0/../../../../arm-none-eabi/lib/armv6k/fpu/libg.a(libc_a-fini.o)
                0x0011cac8                __libc_fini_array
 .text.strnlen  0x0011cb04       0x3c /opt/devkitpro/devkitARM/lib/gcc/arm-none-eabi/15.2.0/../../../../arm-none-eabi/lib/armv6k/fpu/libg.a(libc_a-strnlen.o)
                0x0011cb04                strnlen
 .text.strncmp  0x0011cb40       0xd8 /opt/devkitpro/devkitARM/lib/gcc/arm-none-eabi/15.2.0/../../../../arm-none-eabi/lib/armv6k/fpu/libg.a(libc_a-strncmp.o)
                0x0011cb40                strncmp
 .text.lflush   0x0011cc18       0x38 /opt/devkitpro/devkitARM/lib/gcc/arm-none-eabi/15.2.0/../../../../arm-none-eabi/lib/armv6k/fpu/libg.a(libc_a-refill.o)
 .text.__srefill_r
                0x0011cc50      0x1a8 /opt/devkitpro/devkitARM/lib/gcc/arm-none-eabi/15.2.0/../../../../arm-none-eabi/lib/armv6k/fpu/libg.a(libc_a-refill.o)
                0x0011cc50                __srefill_r
 .text._fwalk_sglue
                0x0011cdf8       0x70 /opt/devkitpro/devkitARM/lib/gcc/arm-none-eabi/15.2.0/../../../../arm-none-eabi/lib/armv6k/fpu/libg.a(libc_a-fwalk.o)
                0x0011cdf8                _fwalk_sglue
 .text.__sfvwrite_r
                0x0011ce68      0x4a4 /opt/devkitpro/devkitARM/lib/gcc/arm-none-eabi/15.2.0/../../../../arm-none-eabi/lib/armv6k/fpu/libg.a(libc_a-fvwrite.o)
                0x0011ce68                __sfvwrite_r
 .text.memchr   0x0011d30c       0xe8 /opt/devkitpro/devkitARM/lib/gcc/arm-none-eabi/15.2.0/../../../../arm-none-eabi/lib/armv6k/fpu/libg.a(libc_a-memchr-stub.o)
                0x0011d30c                memchr
 .text.__swsetup_r
                0x0011d3f4      0x140 /opt/devkitpro/devkitARM/lib/gcc/arm-none-eabi/15.2.0/../../../../arm-none-eabi/lib/armv6k/fpu/libg.a(libc_a-wsetup.o)
                0x0011d3f4                __swsetup_r
 .text.memmove  0x0011d534      0x1a8 /opt/devkitpro/devkitARM/lib/gcc/arm-none-eabi/15.2.0/../../../../arm-none-eabi/lib/armv6k/fpu/libg.a(libc_a-memmove.o)
                0x0011d534                memmove
 .text._exit    0x0011d6dc       0x20 /opt/devkitpro/devkitARM/lib/gcc/arm-none-eabi/15.2.0/../../../../arm-none-eabi/lib/armv6k/fpu/libsysbase.a(libsysbase_libsysbase_a-_exit.o)
                0x0011d6dc                _exit
 .text.chdir    0x0011d6fc      0x140 /opt/devkitpro/devkitARM/lib/gcc/arm-none-eabi/15.2.0/../../../../arm-none-eabi/lib/armv6k/fpu/libsysbase.a(libsysbase_libsysbase_a-chdir.o)
                0x0011d6fc                chdir
 .text._concatenate_path
                0x0011d83c      0x1c8 /opt/devkitpro/devkitARM/lib/gcc/arm-none-eabi/15.2.0/../../../../arm-none-eabi/lib/armv6k/fpu/libsysbase.a(libsysbase_libsysbase_a-concatenate.o)
                0x0011d83c                _concatenate_path
 .text._fstat_r
                0x0011da04       0x9c /opt/devkitpro/devkitARM/lib/gcc/arm-none-eabi/15.2.0/../../../../arm-none-eabi/lib/armv6k/fpu/libsysbase.a(libsysbase_libsysbase_a-fstat.o)
                0x0011da04                _fstat_r
 .text.__getreent
                0x0011daa0       0x2c /opt/devkitpro/devkitARM/lib/gcc/arm-none-eabi/15.2.0/../../../../arm-none-eabi/lib/armv6k/fpu/libsysbase.a(libsysbase_libsysbase_a-getreent.o)
                0x0011daa0                __getreent
 .text._gettimeofday_r
                0x0011dacc       0x30 /opt/devkitpro/devkitARM/lib/gcc/arm-none-eabi/15.2.0/../../../../arm-none-eabi/lib/armv6k/fpu/libsysbase.a(libsysbase_libsysbase_a-gettod.o)
                0x0011dacc                _gettimeofday_r
 .text.__release_handle
                0x0011dafc       0xa0 /opt/devkitpro/devkitARM/lib/gcc/arm-none-eabi/15.2.0/../../../../arm-none-eabi/lib/armv6k/fpu/libsysbase.a(libsysbase_libsysbase_a-handle_manager.o)
                0x0011dafc                __release_handle
 .text.__alloc_handle
                0x0011db9c       0xb0 /opt/devkitpro/devkitARM/lib/gcc/arm-none-eabi/15.2.0/../../../../arm-none-eabi/lib/armv6k/fpu/libsysbase.a(libsysbase_libsysbase_a-handle_manager.o)
                0x0011db9c                __alloc_handle
 .text.__get_handle
                0x0011dc4c       0x58 /opt/devkitpro/devkitARM/lib/gcc/arm-none-eabi/15.2.0/../../../../arm-none-eabi/lib/armv6k/fpu/libsysbase.a(libsysbase_libsysbase_a-handle_manager.o)
                0x0011dc4c                __get_handle
 .text._close_r
                0x0011dca4      0x110 /opt/devkitpro/devkitARM/lib/gcc/arm-none-eabi/15.2.0/../../../../arm-none-eabi/lib/armv6k/fpu/libsysbase.a(libsysbase_libsysbase_a-handle_manager.o)
                0x0011dca4                _close_r
 .text.null_write
                0x0011ddb4        0x8 /opt/devkitpro/devkitARM/lib/gcc/arm-none-eabi/15.2.0/../../../../arm-none-eabi/lib/armv6k/fpu/libsysbase.a(libsysbase_libsysbase_a-iosupport.o)
 .text.setDefaultDevice
                0x0011ddbc       0x18 /opt/devkitpro/devkitARM/lib/gcc/arm-none-eabi/15.2.0/../../../../arm-none-eabi/lib/armv6k/fpu/libsysbase.a(libsysbase_libsysbase_a-iosupport.o)
                0x0011ddbc                setDefaultDevice
 .text.FindDevice
                0x0011ddd4       0x98 /opt/devkitpro/devkitARM/lib/gcc/arm-none-eabi/15.2.0/../../../../arm-none-eabi/lib/armv6k/fpu/libsysbase.a(libsysbase_libsysbase_a-iosupport.o)
                0x0011ddd4                FindDevice
 .text.RemoveDevice
                0x0011de6c       0x24 /opt/devkitpro/devkitARM/lib/gcc/arm-none-eabi/15.2.0/../../../../arm-none-eabi/lib/armv6k/fpu/libsysbase.a(libsysbase_libsysbase_a-iosupport.o)
                0x0011de6c                RemoveDevice
 .text.AddDevice
                0x0011de90       0x88 /opt/devkitpro/devkitARM/lib/gcc/arm-none-eabi/15.2.0/../../../../arm-none-eabi/lib/armv6k/fpu/libsysbase.a(libsysbase_libsysbase_a-iosupport.o)
                0x0011de90                AddDevice
 .text.GetDeviceOpTab
                0x0011df18       0x20 /opt/devkitpro/devkitARM/lib/gcc/arm-none-eabi/15.2.0/../../../../arm-none-eabi/lib/armv6k/fpu/libsysbase.a(libsysbase_libsysbase_a-iosupport.o)
                0x0011df18                GetDeviceOpTab
 .text._isatty_r
                0x0011df38        0x8 /opt/devkitpro/devkitARM/lib/gcc/arm-none-eabi/15.2.0/../../../../arm-none-eabi/lib/armv6k/fpu/libsysbase.a(libsysbase_libsysbase_a-isatty.o)
                0x0011df38                _isatty_r
 .text._lseek_r
                0x0011df40       0x94 /opt/devkitpro/devkitARM/lib/gcc/arm-none-eabi/15.2.0/../../../../arm-none-eabi/lib/armv6k/fpu/libsysbase.a(libsysbase_libsysbase_a-lseek.o)
                0x0011df40                _lseek_r
 .text._open_r  0x0011dfd4       0xc0 /opt/devkitpro/devkitARM/lib/gcc/arm-none-eabi/15.2.0/../../../../arm-none-eabi/lib/armv6k/fpu/libsysbase.a(libsysbase_libsysbase_a-open.o)
                0x0011dfd4                _open_r
 .text._read_r  0x0011e094       0x94 /opt/devkitpro/devkitARM/lib/gcc/arm-none-eabi/15.2.0/../../../../arm-none-eabi/lib/armv6k/fpu/libsysbase.a(libsysbase_libsysbase_a-read.o)
                0x0011e094                _read_r
 .text._sbrk_r  0x0011e128       0x78 /opt/devkitpro/devkitARM/lib/gcc/arm-none-eabi/15.2.0/../../../../arm-none-eabi/lib/armv6k/fpu/libsysbase.a(libsysbase_libsysbase_a-sbrk.o)
                0x0011e128                _sbrk_r
 .text.__libc_lock_acquire